JobID: 22900283
Node:  fc30369
Start: Fri Feb 13 20:18:51 PST 2026
Work:  /home/yinhuang/213_new_run/snoglode-main-2-ori-record3-log-1e3TL60sc10/examples/stochastic_pid
-rw-r----- 1 yinhuang yinhuang 16K Feb 13 17:03 /home/yinhuang/213_new_run/snoglode-main-2-ori-record3-log-1e3TL60sc10/examples/stochastic_pid/stochastic_pid.py
Python: /home/yinhuang/micromamba/envs/pidsp-sim-fir/bin/python
Python 3.11.14
No mpi4py detected - running in serial.
--------------------------------------------------
SNoGloDe Solver Parameters
--------------------------------------------------

Subproblem Names:
  - scen_0
  - scen_1
  - scen_2
  - scen_3
  - scen_4
  - scen_5
  - scen_6
  - scen_7
  - scen_8
  - scen_9
Total # subproblems: 10

LB solver: gurobi
UB solver: gurobi
CG solver: ipopt

Global convergance guaranteed: True
Epsilon: 0.001
Perform FBBT: True
Perform OBBT: True
Relax binaries at LB: False
Relax integers at LB: False

Bounder Information
  - Lower Bounder: GurobiLBLowerBounder
  - Candidate Generator: SolveExtensiveForm

Queuing strategy: QueueStrategy.bound
Using a node feasibility checker? : False

Branching Information
  - Selection Strategy: HybridBranching
  - Partition Strategy: ExpectedValue

Verbose: True
No log file generated.

--------------------------------------------------
Generating the models for the subproblems.
	Scenario scen_0 has 3 first stage vars.
	Scenario scen_1 has 3 first stage vars.
	Scenario scen_2 has 3 first stage vars.
	Scenario scen_3 has 3 first stage vars.
	Scenario scen_4 has 3 first stage vars.
	Scenario scen_5 has 3 first stage vars.
	Scenario scen_6 has 3 first stage vars.
	Scenario scen_7 has 3 first stage vars.
	Scenario scen_8 has 3 first stage vars.
	Scenario scen_9 has 3 first stage vars.
Finished generating subproblem models.
Node rooted.
Using EF method for candidate solution. No EF bound. Building EF.
EF built.
        Time (s)  Nodes Explored       Pruned by                              LB              UB        Rel. Gap        Abs. Gap         # Nodes
---------------------------------------------------------------------------------------------------------------------------------------------------------------------------
           11.77               1                           * L U      0.95047324       0.9818602         3.1967%        0.031387               2
          18.205               2                           * U        0.95047324      0.97900405         2.9143%        0.028531               3
          28.606               3                                      0.95047324      0.97900405         2.9143%        0.028531               4
          32.109               4                                      0.95047324      0.97900405         2.9143%        0.028531               5
          35.247               5                           * L        0.95052759      0.97900405         2.9087%        0.028476               6
          38.223               6                                      0.95052759      0.97900405         2.9087%        0.028476               7
          45.506               7                           * L        0.95326699      0.97900405         2.6289%        0.025737               8
          49.468               8                                      0.95326699      0.97900405         2.6289%        0.025737               9
          53.723               9                           * L        0.95329832      0.97900405         2.6257%        0.025706              10
          58.629              10                                      0.95329832      0.97900405         2.6257%        0.025706              11
          63.496              11                           * L        0.95337844      0.97900405         2.6175%        0.025626              12
          67.964              12                                      0.95337844      0.97900405         2.6175%        0.025626              13
          72.681              13                           * L         0.9533981      0.97900405         2.6155%        0.025606              14
          76.617              14                                       0.9533981      0.97900405         2.6155%        0.025606              15
          80.961              15                           * L        0.95341214      0.97900405         2.6141%        0.025592              16
          84.786              16                                      0.95341214      0.97900405         2.6141%        0.025592              17
          88.874              17                           * L        0.95342685      0.97900405         2.6126%        0.025577              18
          92.371              18                                      0.95342685      0.97900405         2.6126%        0.025577              19
          96.716              19                           * L        0.95344153      0.97900405         2.6111%        0.025563              20
          100.78              20                                      0.95344153      0.97900405         2.6111%        0.025563              21
         105.943              21                           * L        0.95344768      0.97900405         2.6104%        0.025556              22
         109.584              22                                      0.95344768      0.97900405         2.6104%        0.025556              23
         113.676              23                           * L        0.95348189      0.97900405          2.607%        0.025522              24
         117.659              24                                      0.95348189      0.97900405          2.607%        0.025522              25
         122.327              25                           * L        0.95349691      0.97900405         2.6054%        0.025507              26
         126.239              26                                      0.95349691      0.97900405         2.6054%        0.025507              27
         130.392              27                           * L        0.95350254      0.97900405         2.6048%        0.025502              28
         134.334              28                                      0.95350254      0.97900405         2.6048%        0.025502              29
         138.715              29                           * L        0.95350794      0.97900405         2.6043%        0.025496              30
         142.391              30                                      0.95350794      0.97900405         2.6043%        0.025496              31
         146.425              31                           * L         0.9535131      0.97900405         2.6038%        0.025491              32
[Iter 30] MIPGap restored from 0.1 to 0.001
           152.0              32           Bound                       0.9535131      0.97900405         2.6038%        0.025491              31
         158.091              33           Bound           * L        0.95427392      0.97900405         2.5261%         0.02473              30
         162.742              34                                      0.95427392      0.97900405         2.5261%         0.02473              31
         167.345              35                           * L        0.95440973      0.97900405         2.5122%        0.024594              32
         180.869              36           Bound                      0.95440973      0.97900405         2.5122%        0.024594              31
         185.751              37                           * L        0.95443782      0.97900405         2.5093%        0.024566              32
         190.675              38           Bound                      0.95443782      0.97900405         2.5093%        0.024566              31
          194.13              39                           * L        0.95451648      0.97900405         2.5013%        0.024488              32
         199.659              40           Bound                      0.95451648      0.97900405         2.5013%        0.024488              31
         205.307              41           Bound           * L        0.95469527      0.97900405          2.483%        0.024309              30
         210.119              42           Bound                      0.95469527      0.97900405          2.483%        0.024309              29
         213.403              43           Bound           * L        0.95476396      0.97900405          2.476%         0.02424              28
         218.388              44           Bound                      0.95476396      0.97900405          2.476%         0.02424              27
         221.428              45           Bound           * L        0.95487973      0.97900405         2.4642%        0.024124              26
         226.752              46           Bound                      0.95487973      0.97900405         2.4642%        0.024124              25
         232.734              47           Bound           * L         0.9549172      0.97900405         2.4603%        0.024087              24
         237.244              48           Bound                       0.9549172      0.97900405         2.4603%        0.024087              23
         240.124              49           Bound           * L        0.95500925      0.97900405         2.4509%        0.023995              22
         245.281              50           Bound                      0.95500925      0.97900405         2.4509%        0.023995              21
         251.092              51           Bound           * L        0.95517966      0.97900405         2.4335%        0.023824              20
         256.024              52           Bound                      0.95517966      0.97900405         2.4335%        0.023824              19
         261.295              53           Bound           * L        0.95536255      0.97900405         2.4149%        0.023642              18
         266.353              54           Bound                      0.95536255      0.97900405         2.4149%        0.023642              17
         271.183              55           Bound           * L        0.95555446      0.97900405         2.3952%         0.02345              16
         276.027              56           Bound                      0.95555446      0.97900405         2.3952%         0.02345              15
         280.868              57           Bound           * L        0.95575339      0.97900405         2.3749%        0.023251              14
         286.247              58                                      0.95575339      0.97900405         2.3749%        0.023251              15
         291.466              59                           * L        0.96329084      0.97900405          1.605%        0.015713              16
