JobID: 22886639
Node:  fc30361
Start: Fri Feb 13 17:06:41 PST 2026
Work:  /home/yinhuang/213_new_run/snoglode-main-2-ori-record3-log-1e3TL60sc10/examples/stochastic_pid
-rw-r----- 1 yinhuang yinhuang 16K Feb 13 17:03 /home/yinhuang/213_new_run/snoglode-main-2-ori-record3-log-1e3TL60sc10/examples/stochastic_pid/stochastic_pid.py
Python: /home/yinhuang/micromamba/envs/pidsp-sim-fir/bin/python
Python 3.11.14
No mpi4py detected - running in serial.
--------------------------------------------------
SNoGloDe Solver Parameters
--------------------------------------------------

Subproblem Names:
  - scen_0
  - scen_1
  - scen_2
  - scen_3
  - scen_4
  - scen_5
  - scen_6
  - scen_7
  - scen_8
  - scen_9
Total # subproblems: 10

LB solver: gurobi
UB solver: gurobi
CG solver: ipopt

Global convergance guaranteed: True
Epsilon: 0.001
Perform FBBT: True
Perform OBBT: True
Relax binaries at LB: False
Relax integers at LB: False

Bounder Information
  - Lower Bounder: GurobiLBLowerBounder
  - Candidate Generator: SolveExtensiveForm

Queuing strategy: QueueStrategy.bound
Using a node feasibility checker? : False

Branching Information
  - Selection Strategy: HybridBranching
  - Partition Strategy: ExpectedValue

Verbose: True
No log file generated.

--------------------------------------------------
Generating the models for the subproblems.
	Scenario scen_0 has 3 first stage vars.
	Scenario scen_1 has 3 first stage vars.
	Scenario scen_2 has 3 first stage vars.
	Scenario scen_3 has 3 first stage vars.
	Scenario scen_4 has 3 first stage vars.
	Scenario scen_5 has 3 first stage vars.
	Scenario scen_6 has 3 first stage vars.
	Scenario scen_7 has 3 first stage vars.
	Scenario scen_8 has 3 first stage vars.
	Scenario scen_9 has 3 first stage vars.
Finished generating subproblem models.
Node rooted.
Using EF method for candidate solution. No EF bound. Building EF.
EF built.
        Time (s)  Nodes Explored       Pruned by                              LB              UB        Rel. Gap        Abs. Gap         # Nodes
---------------------------------------------------------------------------------------------------------------------------------------------------------------------------
          40.167               1                           * L U      0.95047324       0.9818602         3.1967%        0.031387               2
          61.968               2                           * U        0.95047324      0.97900405         2.9143%        0.028531               3
           94.23               3                                      0.95047324      0.97900405         2.9143%        0.028531               4
         105.284               4                                      0.95047324      0.97900405         2.9143%        0.028531               5
         116.312               5                           * L        0.95052759      0.97900405         2.9087%        0.028476               6
         124.178               6                                      0.95052759      0.97900405         2.9087%        0.028476               7
         139.475               7                           * L        0.95326699      0.97900405         2.6289%        0.025737               8
         150.798               8                                      0.95326699      0.97900405         2.6289%        0.025737               9
         165.367               9                           * L        0.95329832      0.97900405         2.6257%        0.025706              10
         177.589              10                                      0.95329832      0.97900405         2.6257%        0.025706              11
         191.339              11                           * L        0.95337844      0.97900405         2.6175%        0.025626              12
         207.226              12                                      0.95337844      0.97900405         2.6175%        0.025626              13
         219.316              13                           * L         0.9533981      0.97900405         2.6155%        0.025606              14
         230.408              14                                       0.9533981      0.97900405         2.6155%        0.025606              15
         242.567              15                           * L        0.95341214      0.97900405         2.6141%        0.025592              16
          254.63              16                                      0.95341214      0.97900405         2.6141%        0.025592              17
         268.323              17                           * L        0.95342685      0.97900405         2.6126%        0.025577              18
         281.381              18                                      0.95342685      0.97900405         2.6126%        0.025577              19
         294.039              19                           * L        0.95344153      0.97900405         2.6111%        0.025563              20
         305.801              20                                      0.95344153      0.97900405         2.6111%        0.025563              21
         318.633              21                           * L        0.95344768      0.97900405         2.6104%        0.025556              22
         333.475              22                                      0.95344768      0.97900405         2.6104%        0.025556              23
         348.035              23                           * L        0.95348189      0.97900405          2.607%        0.025522              24
         360.352              24                                      0.95348189      0.97900405          2.607%        0.025522              25
          373.93              25                           * L        0.95349691      0.97900405         2.6054%        0.025507              26
          387.23              26                                      0.95349691      0.97900405         2.6054%        0.025507              27
         398.955              27                           * L        0.95350254      0.97900405         2.6048%        0.025502              28
         412.868              28                                      0.95350254      0.97900405         2.6048%        0.025502              29
         426.749              29                           * L        0.95350794      0.97900405         2.6043%        0.025496              30
         439.721              30                                      0.95350794      0.97900405         2.6043%        0.025496              31
         450.931              31                           * L         0.9535131      0.97900405         2.6038%        0.025491              32
[Iter 30] MIPGap restored from 0.1 to 0.001
           466.7              32           Bound                       0.9535131      0.97900405         2.6038%        0.025491              31
         486.225              33           Bound           * L        0.95427392      0.97900405         2.5261%         0.02473              30
         499.322              34                                      0.95427392      0.97900405         2.5261%         0.02473              31
         511.183              35                           * L        0.95440973      0.97900405         2.5122%        0.024594              32
         536.504              36           Bound                      0.95440973      0.97900405         2.5122%        0.024594              31
         548.875              37                           * L        0.95443782      0.97900405         2.5093%        0.024566              32
          563.83              38           Bound                      0.95443782      0.97900405         2.5093%        0.024566              31
         573.795              39                           * L        0.95451648      0.97900405         2.5013%        0.024488              32
         592.249              40           Bound                      0.95451648      0.97900405         2.5013%        0.024488              31
         609.089              41           Bound           * L        0.95469527      0.97900405          2.483%        0.024309              30
         624.063              42           Bound                      0.95469527      0.97900405          2.483%        0.024309              29
         633.888              43           Bound           * L        0.95476396      0.97900405          2.476%         0.02424              28
         649.811              44           Bound                      0.95476396      0.97900405          2.476%         0.02424              27
          661.13              45           Bound           * L        0.95487973      0.97900405         2.4642%        0.024124              26
         677.744              46           Bound                      0.95487973      0.97900405         2.4642%        0.024124              25
         698.365              47           Bound           * L         0.9549172      0.97900405         2.4603%        0.024087              24
         713.871              48           Bound                       0.9549172      0.97900405         2.4603%        0.024087              23
         724.344              49           Bound           * L        0.95500925      0.97900405         2.4509%        0.023995              22
         743.568              50           Bound                      0.95500925      0.97900405         2.4509%        0.023995              21
         763.982              51           Bound           * L        0.95517966      0.97900405         2.4335%        0.023824              20
         783.049              52           Bound                      0.95517966      0.97900405         2.4335%        0.023824              19
         800.787              53           Bound           * L        0.95536255      0.97900405         2.4149%        0.023642              18
         815.585              54           Bound                      0.95536255      0.97900405         2.4149%        0.023642              17
         830.664              55           Bound           * L        0.95555446      0.97900405         2.3952%         0.02345              16
          845.74              56           Bound                      0.95555446      0.97900405         2.3952%         0.02345              15
         862.505              57           Bound           * L        0.95575339      0.97900405         2.3749%        0.023251              14
         880.313              58                                      0.95575339      0.97900405         2.3749%        0.023251              15
         893.963              59                           * L        0.96329084      0.97900405          1.605%        0.015713              16
