The following modules were not unloaded:
  (Use "module --force purge" to unload all):

  1) CCconfig        6)  ucx/1.14.1         11) flexiblas/3.3.1
  2) gentoo/2023     7)  libfabric/1.18.0   12) aocl-blas/5.1
  3) gcccore/.12.3   8)  pmix/4.2.4         13) aocl-lapack/5.1
  4) gcc/12.3        9)  ucc/1.2.0          14) StdEnv/2023
  5) hwloc/2.9.1     10) openmpi/4.1.5
Traceback (most recent call last):
  File "/home/yinhuang/213_new_run/snoglode-main-2-ori-record3-log-1e3TL60sc10/examples/stochastic_pid/stochastic_pid.py", line 329, in <module>
    solver.solve(max_iter=9000,
  File "/home/yinhuang/213_new_run/snoglode-main-2-ori-record3-log-1e3TL60sc10/snoglode/solver.py", line 130, in solve
    if current_node_feasible: self.dispatch_node_solver(current_node)
                              ^^^^^^^^^^^^^^^^^^^^^^^^^^^^^^^^^^^^^^^
  File "/home/yinhuang/213_new_run/snoglode-main-2-ori-record3-log-1e3TL60sc10/snoglode/solver.py", line 223, in dispatch_node_solver
    self.dispatch_lb_solve(current_node)
  File "/home/yinhuang/213_new_run/snoglode-main-2-ori-record3-log-1e3TL60sc10/snoglode/solver.py", line 292, in dispatch_lb_solve
    self.lower_bounder.solve(subproblems = self.subproblems,
  File "/home/yinhuang/213_new_run/snoglode-main-2-ori-record3-log-1e3TL60sc10/snoglode/bounders/lower_bounders.py", line 111, in solve
    self.solve_a_subproblem(subproblem_name = subproblem_name,
  File "/home/yinhuang/213_new_run/snoglode-main-2-ori-record3-log-1e3TL60sc10/examples/stochastic_pid/stochastic_pid.py", line 136, in solve_a_subproblem
    else: raise RuntimeError(f"unexpected termination_condition for lower bounding problem: {results.solver.termination_condition}. Subproblem: {subproblem_name}")
          ^^^^^^^^^^^^^^^^^^^^^^^^^^^^^^^^^^^^^^^^^^^^^^^^^^^^^^^^^^^^^^^^^^^^^^^^^^^^^^^^^^^^^^^^^^^^^^^^^^^^^^^^^^^^^^^^^^^^^^^^^^^^^^^^^^^^^^^^^^^^^^^^^^^^^^^^^
RuntimeError: unexpected termination_condition for lower bounding problem: maxTimeLimit. Subproblem: scen_0
