JobID: 22043334
Node:  fc30637
Start: Fri Feb  6 16:05:23 PST 2026
Work:  /home/yinhuang/snoglode-main-2-ori-record3/examples/stochastic_pid
-rw-r----- 1 yinhuang yinhuang 17K Feb  6 16:03 /home/yinhuang/snoglode-main-2-ori-record3/examples/stochastic_pid/stochastic_pid.py
Python: /home/yinhuang/micromamba/envs/pidsp-sim-fir/bin/python
Python 3.11.14
No mpi4py detected - running in serial.
--------------------------------------------------
SNoGloDe Solver Parameters
--------------------------------------------------

Subproblem Names:
  - scen_1
  - scen_2
  - scen_3
  - scen_4
  - scen_5
  - scen_6
  - scen_7
  - scen_8
  - scen_9
  - scen_10
  - scen_11
  - scen_12
  - scen_13
  - scen_14
  - scen_15
  - scen_16
  - scen_17
  - scen_18
  - scen_19
  - scen_20
  - scen_21
  - scen_22
  - scen_23
  - scen_24
  - scen_25
  - scen_26
  - scen_27
  - scen_28
  - scen_29
  - scen_30
  - scen_31
  - scen_32
  - scen_33
  - scen_34
  - scen_35
  - scen_36
  - scen_37
  - scen_38
  - scen_39
  - scen_40
  - scen_41
  - scen_42
  - scen_43
  - scen_44
  - scen_45
  - scen_46
  - scen_47
  - scen_48
  - scen_49
  - scen_50
Total # subproblems: 50

LB solver: gurobi
UB solver: gurobi
CG solver: ipopt

Global convergance guaranteed: True
Epsilon: 0.001
Perform FBBT: True
Perform OBBT: True
Relax binaries at LB: False
Relax integers at LB: False

Bounder Information
  - Lower Bounder: GurobiLBLowerBounder
  - Candidate Generator: SolveExtensiveForm

Queuing strategy: QueueStrategy.bound
Using a node feasibility checker? : False

Branching Information
  - Selection Strategy: HybridBranching
  - Partition Strategy: ExpectedValue

Verbose: True
No log file generated.

--------------------------------------------------
Generating the models for the subproblems.
	Scenario scen_1 has 3 first stage vars.
	Scenario scen_2 has 3 first stage vars.
	Scenario scen_3 has 3 first stage vars.
	Scenario scen_4 has 3 first stage vars.
	Scenario scen_5 has 3 first stage vars.
	Scenario scen_6 has 3 first stage vars.
	Scenario scen_7 has 3 first stage vars.
	Scenario scen_8 has 3 first stage vars.
	Scenario scen_9 has 3 first stage vars.
	Scenario scen_10 has 3 first stage vars.
	Scenario scen_11 has 3 first stage vars.
	Scenario scen_12 has 3 first stage vars.
	Scenario scen_13 has 3 first stage vars.
	Scenario scen_14 has 3 first stage vars.
	Scenario scen_15 has 3 first stage vars.
	Scenario scen_16 has 3 first stage vars.
	Scenario scen_17 has 3 first stage vars.
	Scenario scen_18 has 3 first stage vars.
	Scenario scen_19 has 3 first stage vars.
	Scenario scen_20 has 3 first stage vars.
	Scenario scen_21 has 3 first stage vars.
	Scenario scen_22 has 3 first stage vars.
	Scenario scen_23 has 3 first stage vars.
	Scenario scen_24 has 3 first stage vars.
	Scenario scen_25 has 3 first stage vars.
	Scenario scen_26 has 3 first stage vars.
	Scenario scen_27 has 3 first stage vars.
	Scenario scen_28 has 3 first stage vars.
	Scenario scen_29 has 3 first stage vars.
	Scenario scen_30 has 3 first stage vars.
	Scenario scen_31 has 3 first stage vars.
	Scenario scen_32 has 3 first stage vars.
	Scenario scen_33 has 3 first stage vars.
	Scenario scen_34 has 3 first stage vars.
	Scenario scen_35 has 3 first stage vars.
	Scenario scen_36 has 3 first stage vars.
	Scenario scen_37 has 3 first stage vars.
	Scenario scen_38 has 3 first stage vars.
	Scenario scen_39 has 3 first stage vars.
	Scenario scen_40 has 3 first stage vars.
	Scenario scen_41 has 3 first stage vars.
	Scenario scen_42 has 3 first stage vars.
	Scenario scen_43 has 3 first stage vars.
	Scenario scen_44 has 3 first stage vars.
	Scenario scen_45 has 3 first stage vars.
	Scenario scen_46 has 3 first stage vars.
	Scenario scen_47 has 3 first stage vars.
	Scenario scen_48 has 3 first stage vars.
	Scenario scen_49 has 3 first stage vars.
	Scenario scen_50 has 3 first stage vars.
Finished generating subproblem models.
Node rooted.
Using EF method for candidate solution. No EF bound. Building EF.
EF built.
INFO: Gurobi maxTimeLimit on 'scen_2'. Using dual lower_bound=0.95495724 as valid LB.
INFO: Gurobi maxTimeLimit on 'scen_3'. Using dual lower_bound=1.0426783 as valid LB.
INFO: Gurobi maxTimeLimit on 'scen_4'. Using dual lower_bound=0.96494524 as valid LB.
INFO: Gurobi maxTimeLimit on 'scen_6'. Using dual lower_bound=1.0033295 as valid LB.
INFO: Gurobi maxTimeLimit on 'scen_8'. Using dual lower_bound=0.99984646 as valid LB.
INFO: Gurobi maxTimeLimit on 'scen_9'. Using dual lower_bound=0.95491982 as valid LB.
INFO: Gurobi maxTimeLimit on 'scen_10'. Using dual lower_bound=0.96117164 as valid LB.
INFO: Gurobi maxTimeLimit on 'scen_11'. Using dual lower_bound=1.0258063 as valid LB.
INFO: Gurobi maxTimeLimit on 'scen_12'. Using dual lower_bound=0.95075021 as valid LB.
INFO: Gurobi maxTimeLimit on 'scen_13'. Using dual lower_bound=0.97102637 as valid LB.
INFO: Gurobi maxTimeLimit on 'scen_14'. Using dual lower_bound=0.98819046 as valid LB.
INFO: Gurobi maxTimeLimit on 'scen_15'. Using dual lower_bound=1.0528905 as valid LB.
INFO: Gurobi maxTimeLimit on 'scen_16'. Using dual lower_bound=0.95262769 as valid LB.
INFO: Gurobi maxTimeLimit on 'scen_17'. Using dual lower_bound=0.95177323 as valid LB.
INFO: Gurobi maxTimeLimit on 'scen_19'. Using dual lower_bound=0.94663802 as valid LB.
INFO: Gurobi maxTimeLimit on 'scen_20'. Using dual lower_bound=0.94759163 as valid LB.
INFO: Gurobi maxTimeLimit on 'scen_21'. Using dual lower_bound=0.95735324 as valid LB.
INFO: Gurobi maxTimeLimit on 'scen_23'. Using dual lower_bound=0.99754587 as valid LB.
INFO: Gurobi maxTimeLimit on 'scen_24'. Using dual lower_bound=0.96046053 as valid LB.
INFO: Gurobi maxTimeLimit on 'scen_25'. Using dual lower_bound=1.0435502 as valid LB.
INFO: Gurobi maxTimeLimit on 'scen_29'. Using dual lower_bound=1.0588911 as valid LB.
INFO: Gurobi maxTimeLimit on 'scen_30'. Using dual lower_bound=0.9638849 as valid LB.
INFO: Gurobi maxTimeLimit on 'scen_34'. Using dual lower_bound=1.0268835 as valid LB.
INFO: Gurobi maxTimeLimit on 'scen_36'. Using dual lower_bound=1.0471206 as valid LB.
INFO: Gurobi maxTimeLimit on 'scen_37'. Using dual lower_bound=0.95434208 as valid LB.
INFO: Gurobi maxTimeLimit on 'scen_38'. Using dual lower_bound=0.9840422 as valid LB.
INFO: Gurobi maxTimeLimit on 'scen_39'. Using dual lower_bound=0.97443031 as valid LB.
INFO: Gurobi maxTimeLimit on 'scen_40'. Using dual lower_bound=0.96535142 as valid LB.
INFO: Gurobi maxTimeLimit on 'scen_42'. Using dual lower_bound=0.94989515 as valid LB.
INFO: Gurobi maxTimeLimit on 'scen_43'. Using dual lower_bound=1.0779918 as valid LB.
INFO: Gurobi maxTimeLimit on 'scen_45'. Using dual lower_bound=0.95182759 as valid LB.
INFO: Gurobi maxTimeLimit on 'scen_46'. Using dual lower_bound=0.96188244 as valid LB.
INFO: Gurobi maxTimeLimit on 'scen_50'. Using dual lower_bound=0.9952461 as valid LB.
        Time (s)  Nodes Explored       Pruned by                              LB              UB        Rel. Gap        Abs. Gap         # Nodes
---------------------------------------------------------------------------------------------------------------------------------------------------------------------------
        1092.252               1                           * L        0.97528293             inf            inf%             inf               2
INFO: Gurobi maxTimeLimit on 'scen_2'. Using dual lower_bound=0.95495724 as valid LB.
INFO: Gurobi maxTimeLimit on 'scen_3'. Using dual lower_bound=1.0426783 as valid LB.
INFO: Gurobi maxTimeLimit on 'scen_4'. Using dual lower_bound=0.96654186 as valid LB.
INFO: Gurobi maxTimeLimit on 'scen_6'. Using dual lower_bound=1.0033295 as valid LB.
INFO: Gurobi maxTimeLimit on 'scen_8'. Using dual lower_bound=0.99984646 as valid LB.
INFO: Gurobi maxTimeLimit on 'scen_9'. Using dual lower_bound=0.95491982 as valid LB.
INFO: Gurobi maxTimeLimit on 'scen_10'. Using dual lower_bound=0.96117164 as valid LB.
INFO: Gurobi maxTimeLimit on 'scen_11'. Using dual lower_bound=1.0258063 as valid LB.
INFO: Gurobi maxTimeLimit on 'scen_13'. Using dual lower_bound=0.97102637 as valid LB.
INFO: Gurobi maxTimeLimit on 'scen_14'. Using dual lower_bound=0.98819046 as valid LB.
INFO: Gurobi maxTimeLimit on 'scen_15'. Using dual lower_bound=1.0528905 as valid LB.
INFO: Gurobi maxTimeLimit on 'scen_17'. Using dual lower_bound=0.95177323 as valid LB.
INFO: Gurobi maxTimeLimit on 'scen_19'. Using dual lower_bound=0.94663802 as valid LB.
INFO: Gurobi maxTimeLimit on 'scen_20'. Using dual lower_bound=0.94759163 as valid LB.
INFO: Gurobi maxTimeLimit on 'scen_23'. Using dual lower_bound=0.99754587 as valid LB.
INFO: Gurobi maxTimeLimit on 'scen_24'. Using dual lower_bound=0.96046053 as valid LB.
INFO: Gurobi maxTimeLimit on 'scen_25'. Using dual lower_bound=1.0435502 as valid LB.
INFO: Gurobi maxTimeLimit on 'scen_29'. Using dual lower_bound=1.0588911 as valid LB.
INFO: Gurobi maxTimeLimit on 'scen_30'. Using dual lower_bound=0.9638849 as valid LB.
INFO: Gurobi maxTimeLimit on 'scen_34'. Using dual lower_bound=1.0268835 as valid LB.
INFO: Gurobi maxTimeLimit on 'scen_36'. Using dual lower_bound=1.0471206 as valid LB.
INFO: Gurobi maxTimeLimit on 'scen_37'. Using dual lower_bound=0.95434208 as valid LB.
INFO: Gurobi maxTimeLimit on 'scen_38'. Using dual lower_bound=0.9840422 as valid LB.
INFO: Gurobi maxTimeLimit on 'scen_39'. Using dual lower_bound=0.97443031 as valid LB.
INFO: Gurobi maxTimeLimit on 'scen_40'. Using dual lower_bound=0.96535142 as valid LB.
INFO: Gurobi maxTimeLimit on 'scen_43'. Using dual lower_bound=1.0779918 as valid LB.
INFO: Gurobi maxTimeLimit on 'scen_45'. Using dual lower_bound=0.95182759 as valid LB.
INFO: Gurobi maxTimeLimit on 'scen_46'. Using dual lower_bound=0.96188244 as valid LB.
INFO: Gurobi maxTimeLimit on 'scen_50'. Using dual lower_bound=0.9952461 as valid LB.
        2151.745               2                                      0.97528293             inf            inf%             inf               3
INFO: Gurobi maxTimeLimit on 'scen_2'. Using dual lower_bound=0.95495724 as valid LB.
INFO: Gurobi maxTimeLimit on 'scen_3'. Using dual lower_bound=1.0426783 as valid LB.
INFO: Gurobi maxTimeLimit on 'scen_6'. Using dual lower_bound=1.0033295 as valid LB.
INFO: Gurobi maxTimeLimit on 'scen_8'. Using dual lower_bound=0.99984646 as valid LB.
INFO: Gurobi maxTimeLimit on 'scen_11'. Using dual lower_bound=1.0258063 as valid LB.
INFO: Gurobi maxTimeLimit on 'scen_13'. Using dual lower_bound=0.97102637 as valid LB.
INFO: Gurobi maxTimeLimit on 'scen_14'. Using dual lower_bound=0.98819046 as valid LB.
INFO: Gurobi maxTimeLimit on 'scen_21'. Using dual lower_bound=0.95735324 as valid LB.
INFO: Gurobi maxTimeLimit on 'scen_23'. Using dual lower_bound=0.99754587 as valid LB.
INFO: Gurobi maxTimeLimit on 'scen_24'. Using dual lower_bound=0.96046053 as valid LB.
INFO: Gurobi maxTimeLimit on 'scen_25'. Using dual lower_bound=1.0496574 as valid LB.
INFO: Gurobi maxTimeLimit on 'scen_29'. Using dual lower_bound=1.0588911 as valid LB.
INFO: Gurobi maxTimeLimit on 'scen_30'. Using dual lower_bound=0.9638849 as valid LB.
INFO: Gurobi maxTimeLimit on 'scen_33'. Using dual lower_bound=1.1046803 as valid LB.
INFO: Gurobi maxTimeLimit on 'scen_34'. Using dual lower_bound=1.0268835 as valid LB.
INFO: Gurobi maxTimeLimit on 'scen_35'. Using dual lower_bound=0.96497806 as valid LB.
INFO: Gurobi maxTimeLimit on 'scen_36'. Using dual lower_bound=1.0471206 as valid LB.
INFO: Gurobi maxTimeLimit on 'scen_38'. Using dual lower_bound=0.9840422 as valid LB.
INFO: Gurobi maxTimeLimit on 'scen_39'. Using dual lower_bound=0.97443031 as valid LB.
INFO: Gurobi maxTimeLimit on 'scen_42'. Using dual lower_bound=0.94989515 as valid LB.
INFO: Gurobi maxTimeLimit on 'scen_46'. Using dual lower_bound=0.96188244 as valid LB.
INFO: Gurobi maxTimeLimit on 'scen_48'. Using dual lower_bound=0.94842116 as valid LB.
INFO: Gurobi maxTimeLimit on 'scen_50'. Using dual lower_bound=0.9952461 as valid LB.
        3160.386               3                           * L        0.97549248             inf            inf%             inf               4
INFO: Gurobi maxTimeLimit on 'scen_2'. Using dual lower_bound=0.95495724 as valid LB.
INFO: Gurobi maxTimeLimit on 'scen_3'. Using dual lower_bound=1.0426783 as valid LB.
INFO: Gurobi maxTimeLimit on 'scen_6'. Using dual lower_bound=1.0033295 as valid LB.
INFO: Gurobi maxTimeLimit on 'scen_8'. Using dual lower_bound=0.99984646 as valid LB.
INFO: Gurobi maxTimeLimit on 'scen_11'. Using dual lower_bound=1.0258063 as valid LB.
INFO: Gurobi maxTimeLimit on 'scen_14'. Using dual lower_bound=0.98819046 as valid LB.
INFO: Gurobi maxTimeLimit on 'scen_15'. Using dual lower_bound=1.0528905 as valid LB.
INFO: Gurobi maxTimeLimit on 'scen_20'. Using dual lower_bound=0.94759163 as valid LB.
INFO: Gurobi maxTimeLimit on 'scen_23'. Using dual lower_bound=0.99754587 as valid LB.
INFO: Gurobi maxTimeLimit on 'scen_25'. Using dual lower_bound=1.0435502 as valid LB.
INFO: Gurobi maxTimeLimit on 'scen_29'. Using dual lower_bound=1.0588911 as valid LB.
INFO: Gurobi maxTimeLimit on 'scen_30'. Using dual lower_bound=0.9638849 as valid LB.
INFO: Gurobi maxTimeLimit on 'scen_34'. Using dual lower_bound=1.0268835 as valid LB.
INFO: Gurobi maxTimeLimit on 'scen_36'. Using dual lower_bound=1.0471206 as valid LB.
INFO: Gurobi maxTimeLimit on 'scen_37'. Using dual lower_bound=0.95434208 as valid LB.
INFO: Gurobi maxTimeLimit on 'scen_38'. Using dual lower_bound=0.9840422 as valid LB.
INFO: Gurobi maxTimeLimit on 'scen_39'. Using dual lower_bound=0.97443031 as valid LB.
INFO: Gurobi maxTimeLimit on 'scen_40'. Using dual lower_bound=0.96535142 as valid LB.
INFO: Gurobi maxTimeLimit on 'scen_43'. Using dual lower_bound=1.0779918 as valid LB.
INFO: Gurobi maxTimeLimit on 'scen_45'. Using dual lower_bound=0.95182759 as valid LB.
INFO: Gurobi maxTimeLimit on 'scen_46'. Using dual lower_bound=0.96188244 as valid LB.
INFO: Gurobi maxTimeLimit on 'scen_50'. Using dual lower_bound=0.9952461 as valid LB.
         3994.31               4                                      0.97549248             inf            inf%             inf               5
INFO: Gurobi maxTimeLimit on 'scen_2'. Using dual lower_bound=0.95495724 as valid LB.
INFO: Gurobi maxTimeLimit on 'scen_3'. Using dual lower_bound=1.0426783 as valid LB.
INFO: Gurobi maxTimeLimit on 'scen_6'. Using dual lower_bound=1.0033295 as valid LB.
INFO: Gurobi maxTimeLimit on 'scen_11'. Using dual lower_bound=1.0258063 as valid LB.
INFO: Gurobi maxTimeLimit on 'scen_14'. Using dual lower_bound=0.98819046 as valid LB.
INFO: Gurobi maxTimeLimit on 'scen_15'. Using dual lower_bound=1.0528905 as valid LB.
INFO: Gurobi maxTimeLimit on 'scen_19'. Using dual lower_bound=0.94663802 as valid LB.
INFO: Gurobi maxTimeLimit on 'scen_23'. Using dual lower_bound=0.99754587 as valid LB.
INFO: Gurobi maxTimeLimit on 'scen_30'. Using dual lower_bound=0.9638849 as valid LB.
INFO: Gurobi maxTimeLimit on 'scen_33'. Using dual lower_bound=1.1046803 as valid LB.
INFO: Gurobi maxTimeLimit on 'scen_34'. Using dual lower_bound=1.0268835 as valid LB.
INFO: Gurobi maxTimeLimit on 'scen_36'. Using dual lower_bound=1.0471206 as valid LB.
INFO: Gurobi maxTimeLimit on 'scen_37'. Using dual lower_bound=0.95434208 as valid LB.
INFO: Gurobi maxTimeLimit on 'scen_38'. Using dual lower_bound=0.9840422 as valid LB.
INFO: Gurobi maxTimeLimit on 'scen_39'. Using dual lower_bound=0.98049004 as valid LB.
INFO: Gurobi maxTimeLimit on 'scen_43'. Using dual lower_bound=1.0779918 as valid LB.
INFO: Gurobi maxTimeLimit on 'scen_46'. Using dual lower_bound=0.96188244 as valid LB.
INFO: Gurobi maxTimeLimit on 'scen_50'. Using dual lower_bound=0.9952461 as valid LB.
        4884.403               5                           * L        0.97573033             inf            inf%             inf               6
INFO: Gurobi maxTimeLimit on 'scen_2'. Using dual lower_bound=0.95495724 as valid LB.
INFO: Gurobi maxTimeLimit on 'scen_3'. Using dual lower_bound=1.0426783 as valid LB.
INFO: Gurobi maxTimeLimit on 'scen_4'. Using dual lower_bound=0.96739874 as valid LB.
INFO: Gurobi maxTimeLimit on 'scen_6'. Using dual lower_bound=1.0033295 as valid LB.
INFO: Gurobi maxTimeLimit on 'scen_8'. Using dual lower_bound=0.99984646 as valid LB.
INFO: Gurobi maxTimeLimit on 'scen_11'. Using dual lower_bound=1.0258063 as valid LB.
INFO: Gurobi maxTimeLimit on 'scen_14'. Using dual lower_bound=0.98819046 as valid LB.
INFO: Gurobi maxTimeLimit on 'scen_15'. Using dual lower_bound=1.0528905 as valid LB.
INFO: Gurobi maxTimeLimit on 'scen_20'. Using dual lower_bound=0.94759163 as valid LB.
INFO: Gurobi maxTimeLimit on 'scen_23'. Using dual lower_bound=0.99754587 as valid LB.
INFO: Gurobi maxTimeLimit on 'scen_25'. Using dual lower_bound=1.0435502 as valid LB.
INFO: Gurobi maxTimeLimit on 'scen_29'. Using dual lower_bound=1.0588911 as valid LB.
INFO: Gurobi maxTimeLimit on 'scen_30'. Using dual lower_bound=0.9638849 as valid LB.
INFO: Gurobi maxTimeLimit on 'scen_34'. Using dual lower_bound=1.0268835 as valid LB.
INFO: Gurobi maxTimeLimit on 'scen_36'. Using dual lower_bound=1.0471206 as valid LB.
INFO: Gurobi maxTimeLimit on 'scen_37'. Using dual lower_bound=0.95434208 as valid LB.
INFO: Gurobi maxTimeLimit on 'scen_38'. Using dual lower_bound=0.9840422 as valid LB.
INFO: Gurobi maxTimeLimit on 'scen_39'. Using dual lower_bound=0.97443031 as valid LB.
INFO: Gurobi maxTimeLimit on 'scen_40'. Using dual lower_bound=0.96535142 as valid LB.
INFO: Gurobi maxTimeLimit on 'scen_43'. Using dual lower_bound=1.0779918 as valid LB.
INFO: Gurobi maxTimeLimit on 'scen_45'. Using dual lower_bound=0.95182759 as valid LB.
INFO: Gurobi maxTimeLimit on 'scen_46'. Using dual lower_bound=0.96188244 as valid LB.
INFO: Gurobi maxTimeLimit on 'scen_50'. Using dual lower_bound=0.9952461 as valid LB.
         5713.76               6                                      0.97573033             inf            inf%             inf               7
INFO: Gurobi maxTimeLimit on 'scen_2'. Using dual lower_bound=0.95495724 as valid LB.
INFO: Gurobi maxTimeLimit on 'scen_3'. Using dual lower_bound=1.0426783 as valid LB.
INFO: Gurobi maxTimeLimit on 'scen_4'. Using dual lower_bound=0.96739874 as valid LB.
INFO: Gurobi maxTimeLimit on 'scen_6'. Using dual lower_bound=1.0033295 as valid LB.
INFO: Gurobi maxTimeLimit on 'scen_8'. Using dual lower_bound=0.99984646 as valid LB.
INFO: Gurobi maxTimeLimit on 'scen_11'. Using dual lower_bound=1.0258063 as valid LB.
INFO: Gurobi maxTimeLimit on 'scen_14'. Using dual lower_bound=0.98819046 as valid LB.
INFO: Gurobi maxTimeLimit on 'scen_16'. Using dual lower_bound=0.95363602 as valid LB.
INFO: Gurobi maxTimeLimit on 'scen_23'. Using dual lower_bound=0.99754587 as valid LB.
INFO: Gurobi maxTimeLimit on 'scen_25'. Using dual lower_bound=1.0435502 as valid LB.
INFO: Gurobi maxTimeLimit on 'scen_29'. Using dual lower_bound=1.0588911 as valid LB.
INFO: Gurobi maxTimeLimit on 'scen_30'. Using dual lower_bound=0.9638849 as valid LB.
INFO: Gurobi maxTimeLimit on 'scen_34'. Using dual lower_bound=1.0268835 as valid LB.
INFO: Gurobi maxTimeLimit on 'scen_36'. Using dual lower_bound=1.0471206 as valid LB.
INFO: Gurobi maxTimeLimit on 'scen_37'. Using dual lower_bound=0.95434208 as valid LB.
INFO: Gurobi maxTimeLimit on 'scen_38'. Using dual lower_bound=0.9840422 as valid LB.
INFO: Gurobi maxTimeLimit on 'scen_39'. Using dual lower_bound=0.98103852 as valid LB.
INFO: Gurobi maxTimeLimit on 'scen_40'. Using dual lower_bound=0.96535142 as valid LB.
INFO: Gurobi maxTimeLimit on 'scen_43'. Using dual lower_bound=1.0779918 as valid LB.
INFO: Gurobi maxTimeLimit on 'scen_46'. Using dual lower_bound=0.96188244 as valid LB.
INFO: Gurobi maxTimeLimit on 'scen_50'. Using dual lower_bound=0.9952461 as valid LB.
        6540.734               7                           * L        0.97575551             inf            inf%             inf               8
INFO: Gurobi maxTimeLimit on 'scen_2'. Using dual lower_bound=0.95495724 as valid LB.
INFO: Gurobi maxTimeLimit on 'scen_3'. Using dual lower_bound=1.0426783 as valid LB.
INFO: Gurobi maxTimeLimit on 'scen_6'. Using dual lower_bound=1.0033295 as valid LB.
INFO: Gurobi maxTimeLimit on 'scen_8'. Using dual lower_bound=0.99984646 as valid LB.
INFO: Gurobi maxTimeLimit on 'scen_11'. Using dual lower_bound=1.0258063 as valid LB.
INFO: Gurobi maxTimeLimit on 'scen_14'. Using dual lower_bound=0.98819046 as valid LB.
INFO: Gurobi maxTimeLimit on 'scen_15'. Using dual lower_bound=1.0528905 as valid LB.
INFO: Gurobi maxTimeLimit on 'scen_20'. Using dual lower_bound=0.94759163 as valid LB.
INFO: Gurobi maxTimeLimit on 'scen_23'. Using dual lower_bound=0.99754587 as valid LB.
INFO: Gurobi maxTimeLimit on 'scen_25'. Using dual lower_bound=1.0435502 as valid LB.
INFO: Gurobi maxTimeLimit on 'scen_29'. Using dual lower_bound=1.0588911 as valid LB.
INFO: Gurobi maxTimeLimit on 'scen_30'. Using dual lower_bound=0.9638849 as valid LB.
INFO: Gurobi maxTimeLimit on 'scen_34'. Using dual lower_bound=1.0268835 as valid LB.
INFO: Gurobi maxTimeLimit on 'scen_36'. Using dual lower_bound=1.0471206 as valid LB.
INFO: Gurobi maxTimeLimit on 'scen_37'. Using dual lower_bound=0.95434208 as valid LB.
INFO: Gurobi maxTimeLimit on 'scen_38'. Using dual lower_bound=0.9840422 as valid LB.
INFO: Gurobi maxTimeLimit on 'scen_39'. Using dual lower_bound=0.97443031 as valid LB.
INFO: Gurobi maxTimeLimit on 'scen_40'. Using dual lower_bound=0.96535142 as valid LB.
INFO: Gurobi maxTimeLimit on 'scen_43'. Using dual lower_bound=1.0779918 as valid LB.
INFO: Gurobi maxTimeLimit on 'scen_46'. Using dual lower_bound=0.96188244 as valid LB.
INFO: Gurobi maxTimeLimit on 'scen_50'. Using dual lower_bound=0.9952461 as valid LB.
        7347.139               8                                      0.97575551             inf            inf%             inf               9
INFO: Gurobi maxTimeLimit on 'scen_2'. Using dual lower_bound=0.95495724 as valid LB.
INFO: Gurobi maxTimeLimit on 'scen_3'. Using dual lower_bound=1.0426783 as valid LB.
INFO: Gurobi maxTimeLimit on 'scen_4'. Using dual lower_bound=0.96739874 as valid LB.
INFO: Gurobi maxTimeLimit on 'scen_6'. Using dual lower_bound=1.0033295 as valid LB.
INFO: Gurobi maxTimeLimit on 'scen_8'. Using dual lower_bound=0.99984646 as valid LB.
INFO: Gurobi maxTimeLimit on 'scen_10'. Using dual lower_bound=0.96350307 as valid LB.
INFO: Gurobi maxTimeLimit on 'scen_11'. Using dual lower_bound=1.0258063 as valid LB.
INFO: Gurobi maxTimeLimit on 'scen_14'. Using dual lower_bound=0.98819046 as valid LB.
INFO: Gurobi maxTimeLimit on 'scen_15'. Using dual lower_bound=1.0528905 as valid LB.
INFO: Gurobi maxTimeLimit on 'scen_16'. Using dual lower_bound=0.95363602 as valid LB.
INFO: Gurobi maxTimeLimit on 'scen_20'. Using dual lower_bound=0.94759163 as valid LB.
INFO: Gurobi maxTimeLimit on 'scen_23'. Using dual lower_bound=0.99754587 as valid LB.
INFO: Gurobi maxTimeLimit on 'scen_25'. Using dual lower_bound=1.0435502 as valid LB.
INFO: Gurobi maxTimeLimit on 'scen_29'. Using dual lower_bound=1.0588911 as valid LB.
INFO: Gurobi maxTimeLimit on 'scen_30'. Using dual lower_bound=0.9638849 as valid LB.
INFO: Gurobi maxTimeLimit on 'scen_34'. Using dual lower_bound=1.0268835 as valid LB.
INFO: Gurobi maxTimeLimit on 'scen_36'. Using dual lower_bound=1.0471206 as valid LB.
INFO: Gurobi maxTimeLimit on 'scen_37'. Using dual lower_bound=0.95434208 as valid LB.
INFO: Gurobi maxTimeLimit on 'scen_38'. Using dual lower_bound=0.9840422 as valid LB.
INFO: Gurobi maxTimeLimit on 'scen_39'. Using dual lower_bound=0.97443031 as valid LB.
INFO: Gurobi maxTimeLimit on 'scen_43'. Using dual lower_bound=1.0779918 as valid LB.
INFO: Gurobi maxTimeLimit on 'scen_46'. Using dual lower_bound=0.96188244 as valid LB.
INFO: Gurobi maxTimeLimit on 'scen_50'. Using dual lower_bound=0.9952461 as valid LB.
        8202.147               9                           * L        0.97584116             inf            inf%             inf              10
INFO: Gurobi maxTimeLimit on 'scen_2'. Using dual lower_bound=0.95495724 as valid LB.
INFO: Gurobi maxTimeLimit on 'scen_6'. Using dual lower_bound=1.0033295 as valid LB.
INFO: Gurobi maxTimeLimit on 'scen_8'. Using dual lower_bound=0.99984646 as valid LB.
INFO: Gurobi maxTimeLimit on 'scen_14'. Using dual lower_bound=0.98819046 as valid LB.
INFO: Gurobi maxTimeLimit on 'scen_15'. Using dual lower_bound=1.053678 as valid LB.
INFO: Gurobi maxTimeLimit on 'scen_20'. Using dual lower_bound=0.94759163 as valid LB.
INFO: Gurobi maxTimeLimit on 'scen_23'. Using dual lower_bound=0.99754587 as valid LB.
INFO: Gurobi maxTimeLimit on 'scen_25'. Using dual lower_bound=1.0435502 as valid LB.
INFO: Gurobi maxTimeLimit on 'scen_29'. Using dual lower_bound=1.0588911 as valid LB.
INFO: Gurobi maxTimeLimit on 'scen_30'. Using dual lower_bound=0.9638849 as valid LB.
INFO: Gurobi maxTimeLimit on 'scen_34'. Using dual lower_bound=1.0268835 as valid LB.
INFO: Gurobi maxTimeLimit on 'scen_36'. Using dual lower_bound=1.0471206 as valid LB.
INFO: Gurobi maxTimeLimit on 'scen_37'. Using dual lower_bound=0.95434208 as valid LB.
INFO: Gurobi maxTimeLimit on 'scen_38'. Using dual lower_bound=0.9840422 as valid LB.
INFO: Gurobi maxTimeLimit on 'scen_40'. Using dual lower_bound=0.96535142 as valid LB.
INFO: Gurobi maxTimeLimit on 'scen_43'. Using dual lower_bound=1.0779918 as valid LB.
INFO: Gurobi maxTimeLimit on 'scen_46'. Using dual lower_bound=0.96188244 as valid LB.
INFO: Gurobi maxTimeLimit on 'scen_48'. Using dual lower_bound=0.94842116 as valid LB.
INFO: Gurobi maxTimeLimit on 'scen_50'. Using dual lower_bound=0.9952461 as valid LB.
         8971.85              10                           * U        0.97584116       2.1397396        54.3944%        1.163898              11
INFO: Gurobi maxTimeLimit on 'scen_2'. Using dual lower_bound=0.95495724 as valid LB.
INFO: Gurobi maxTimeLimit on 'scen_6'. Using dual lower_bound=1.0033295 as valid LB.
INFO: Gurobi maxTimeLimit on 'scen_8'. Using dual lower_bound=0.99984646 as valid LB.
INFO: Gurobi maxTimeLimit on 'scen_11'. Using dual lower_bound=1.0267406 as valid LB.
INFO: Gurobi maxTimeLimit on 'scen_14'. Using dual lower_bound=0.98819046 as valid LB.
INFO: Gurobi maxTimeLimit on 'scen_16'. Using dual lower_bound=0.95363602 as valid LB.
INFO: Gurobi maxTimeLimit on 'scen_20'. Using dual lower_bound=0.94759163 as valid LB.
INFO: Gurobi maxTimeLimit on 'scen_21'. Using dual lower_bound=0.95873321 as valid LB.
INFO: Gurobi maxTimeLimit on 'scen_23'. Using dual lower_bound=0.99754587 as valid LB.
INFO: Gurobi maxTimeLimit on 'scen_25'. Using dual lower_bound=1.0435502 as valid LB.
INFO: Gurobi maxTimeLimit on 'scen_29'. Using dual lower_bound=1.0588911 as valid LB.
INFO: Gurobi maxTimeLimit on 'scen_30'. Using dual lower_bound=0.9638849 as valid LB.
INFO: Gurobi maxTimeLimit on 'scen_34'. Using dual lower_bound=1.0268835 as valid LB.
INFO: Gurobi maxTimeLimit on 'scen_37'. Using dual lower_bound=0.95434208 as valid LB.
INFO: Gurobi maxTimeLimit on 'scen_38'. Using dual lower_bound=0.9840422 as valid LB.
INFO: Gurobi maxTimeLimit on 'scen_39'. Using dual lower_bound=0.97443031 as valid LB.
INFO: Gurobi maxTimeLimit on 'scen_40'. Using dual lower_bound=0.96535142 as valid LB.
INFO: Gurobi maxTimeLimit on 'scen_46'. Using dual lower_bound=0.96188244 as valid LB.
INFO: Gurobi maxTimeLimit on 'scen_48'. Using dual lower_bound=0.94842116 as valid LB.
INFO: Gurobi maxTimeLimit on 'scen_50'. Using dual lower_bound=0.9952461 as valid LB.
        9719.531              11                           * L        0.97594505       2.1397396        54.3895%        1.163795              12
INFO: Gurobi maxTimeLimit on 'scen_4'. Using dual lower_bound=0.96739874 as valid LB.
INFO: Gurobi maxTimeLimit on 'scen_16'. Using dual lower_bound=0.95363602 as valid LB.
INFO: Gurobi maxTimeLimit on 'scen_20'. Using dual lower_bound=0.94759163 as valid LB.
INFO: Gurobi maxTimeLimit on 'scen_23'. Using dual lower_bound=0.99792196 as valid LB.
INFO: Gurobi maxTimeLimit on 'scen_30'. Using dual lower_bound=0.96554334 as valid LB.
INFO: Gurobi maxTimeLimit on 'scen_46'. Using dual lower_bound=0.96188244 as valid LB.
       10174.369              12                                      0.97594505       2.1397396        54.3895%        1.163795              13
INFO: Gurobi maxTimeLimit on 'scen_2'. Using dual lower_bound=0.95495724 as valid LB.
INFO: Gurobi maxTimeLimit on 'scen_4'. Using dual lower_bound=0.96739874 as valid LB.
INFO: Gurobi maxTimeLimit on 'scen_10'. Using dual lower_bound=0.96350307 as valid LB.
INFO: Gurobi maxTimeLimit on 'scen_16'. Using dual lower_bound=0.95363602 as valid LB.
INFO: Gurobi maxTimeLimit on 'scen_20'. Using dual lower_bound=0.94759163 as valid LB.
INFO: Gurobi maxTimeLimit on 'scen_23'. Using dual lower_bound=0.99754587 as valid LB.
INFO: Gurobi maxTimeLimit on 'scen_30'. Using dual lower_bound=0.9638849 as valid LB.
INFO: Gurobi maxTimeLimit on 'scen_34'. Using dual lower_bound=1.0268835 as valid LB.
INFO: Gurobi maxTimeLimit on 'scen_37'. Using dual lower_bound=0.95434208 as valid LB.
INFO: Gurobi maxTimeLimit on 'scen_39'. Using dual lower_bound=0.97600629 as valid LB.
INFO: Gurobi maxTimeLimit on 'scen_50'. Using dual lower_bound=0.9952461 as valid LB.
       10752.217              13                           * L        0.97636864       2.1397396        54.3697%        1.163371              14
INFO: Gurobi maxTimeLimit on 'scen_3'. Using dual lower_bound=1.0426783 as valid LB.
INFO: Gurobi maxTimeLimit on 'scen_6'. Using dual lower_bound=1.0033295 as valid LB.
INFO: Gurobi maxTimeLimit on 'scen_8'. Using dual lower_bound=0.99984646 as valid LB.
INFO: Gurobi maxTimeLimit on 'scen_11'. Using dual lower_bound=1.0258063 as valid LB.
INFO: Gurobi maxTimeLimit on 'scen_14'. Using dual lower_bound=0.98819046 as valid LB.
INFO: Gurobi maxTimeLimit on 'scen_16'. Using dual lower_bound=0.95363602 as valid LB.
INFO: Gurobi maxTimeLimit on 'scen_23'. Using dual lower_bound=0.99754587 as valid LB.
INFO: Gurobi maxTimeLimit on 'scen_25'. Using dual lower_bound=1.0435502 as valid LB.
INFO: Gurobi maxTimeLimit on 'scen_29'. Using dual lower_bound=1.0588911 as valid LB.
INFO: Gurobi maxTimeLimit on 'scen_30'. Using dual lower_bound=0.9638849 as valid LB.
INFO: Gurobi maxTimeLimit on 'scen_34'. Using dual lower_bound=1.0268835 as valid LB.
INFO: Gurobi maxTimeLimit on 'scen_36'. Using dual lower_bound=1.0471206 as valid LB.
INFO: Gurobi maxTimeLimit on 'scen_37'. Using dual lower_bound=0.95434208 as valid LB.
INFO: Gurobi maxTimeLimit on 'scen_38'. Using dual lower_bound=0.9840422 as valid LB.
INFO: Gurobi maxTimeLimit on 'scen_39'. Using dual lower_bound=0.98103852 as valid LB.
INFO: Gurobi maxTimeLimit on 'scen_43'. Using dual lower_bound=1.0779918 as valid LB.
INFO: Gurobi maxTimeLimit on 'scen_46'. Using dual lower_bound=0.96188244 as valid LB.
INFO: Gurobi maxTimeLimit on 'scen_50'. Using dual lower_bound=0.9952461 as valid LB.
       11490.622              14                                      0.97636864       2.1397396        54.3697%        1.163371              15
INFO: Gurobi maxTimeLimit on 'scen_2'. Using dual lower_bound=0.95495724 as valid LB.
INFO: Gurobi maxTimeLimit on 'scen_3'. Using dual lower_bound=1.0426783 as valid LB.
INFO: Gurobi maxTimeLimit on 'scen_4'. Using dual lower_bound=0.96739874 as valid LB.
INFO: Gurobi maxTimeLimit on 'scen_8'. Using dual lower_bound=0.99984646 as valid LB.
INFO: Gurobi maxTimeLimit on 'scen_11'. Using dual lower_bound=1.0258063 as valid LB.
INFO: Gurobi maxTimeLimit on 'scen_14'. Using dual lower_bound=0.98819046 as valid LB.
INFO: Gurobi maxTimeLimit on 'scen_16'. Using dual lower_bound=0.95363602 as valid LB.
INFO: Gurobi maxTimeLimit on 'scen_21'. Using dual lower_bound=0.95873321 as valid LB.
INFO: Gurobi maxTimeLimit on 'scen_23'. Using dual lower_bound=0.99754587 as valid LB.
INFO: Gurobi maxTimeLimit on 'scen_25'. Using dual lower_bound=1.0435502 as valid LB.
INFO: Gurobi maxTimeLimit on 'scen_30'. Using dual lower_bound=0.9638849 as valid LB.
INFO: Gurobi maxTimeLimit on 'scen_34'. Using dual lower_bound=1.0268835 as valid LB.
INFO: Gurobi maxTimeLimit on 'scen_36'. Using dual lower_bound=1.0471206 as valid LB.
INFO: Gurobi maxTimeLimit on 'scen_38'. Using dual lower_bound=0.9840422 as valid LB.
INFO: Gurobi maxTimeLimit on 'scen_39'. Using dual lower_bound=0.98103852 as valid LB.
INFO: Gurobi maxTimeLimit on 'scen_40'. Using dual lower_bound=0.96535142 as valid LB.
INFO: Gurobi maxTimeLimit on 'scen_43'. Using dual lower_bound=1.0834344 as valid LB.
INFO: Gurobi maxTimeLimit on 'scen_46'. Using dual lower_bound=0.96188244 as valid LB.
INFO: Gurobi maxTimeLimit on 'scen_50'. Using dual lower_bound=0.9952461 as valid LB.
       12254.351              15                           * L        0.97644938       2.1397396         54.366%         1.16329              16
INFO: Gurobi maxTimeLimit on 'scen_2'. Using dual lower_bound=0.95495724 as valid LB.
INFO: Gurobi maxTimeLimit on 'scen_8'. Using dual lower_bound=0.99984646 as valid LB.
INFO: Gurobi maxTimeLimit on 'scen_14'. Using dual lower_bound=0.98819046 as valid LB.
INFO: Gurobi maxTimeLimit on 'scen_20'. Using dual lower_bound=0.94759163 as valid LB.
INFO: Gurobi maxTimeLimit on 'scen_23'. Using dual lower_bound=0.99754587 as valid LB.
INFO: Gurobi maxTimeLimit on 'scen_30'. Using dual lower_bound=0.9638849 as valid LB.
INFO: Gurobi maxTimeLimit on 'scen_34'. Using dual lower_bound=1.0268835 as valid LB.
INFO: Gurobi maxTimeLimit on 'scen_37'. Using dual lower_bound=0.95434208 as valid LB.
INFO: Gurobi maxTimeLimit on 'scen_38'. Using dual lower_bound=0.9840422 as valid LB.
INFO: Gurobi maxTimeLimit on 'scen_40'. Using dual lower_bound=0.96536394 as valid LB.
INFO: Gurobi maxTimeLimit on 'scen_46'. Using dual lower_bound=0.96188244 as valid LB.
INFO: Gurobi maxTimeLimit on 'scen_50'. Using dual lower_bound=0.9952461 as valid LB.
       12850.497              16                                      0.97644938       2.1397396         54.366%         1.16329              17
INFO: Gurobi maxTimeLimit on 'scen_2'. Using dual lower_bound=0.95495724 as valid LB.
INFO: Gurobi maxTimeLimit on 'scen_6'. Using dual lower_bound=1.0099053 as valid LB.
INFO: Gurobi maxTimeLimit on 'scen_8'. Using dual lower_bound=0.99984646 as valid LB.
INFO: Gurobi maxTimeLimit on 'scen_23'. Using dual lower_bound=0.99754587 as valid LB.
INFO: Gurobi maxTimeLimit on 'scen_30'. Using dual lower_bound=0.9638849 as valid LB.
INFO: Gurobi maxTimeLimit on 'scen_37'. Using dual lower_bound=0.95434208 as valid LB.
INFO: Gurobi maxTimeLimit on 'scen_43'. Using dual lower_bound=1.0779918 as valid LB.
INFO: Gurobi maxTimeLimit on 'scen_46'. Using dual lower_bound=0.96188244 as valid LB.
INFO: Gurobi maxTimeLimit on 'scen_48'. Using dual lower_bound=0.94842116 as valid LB.
INFO: Gurobi maxTimeLimit on 'scen_50'. Using dual lower_bound=0.9952461 as valid LB.
       13405.919              17                           * L        0.97647066       2.1397396         54.365%        1.163269              18
       13544.386              18                           * U        0.97647066      0.97989893         0.3499%        0.003428              19
INFO: Gurobi maxTimeLimit on 'scen_2'. Using dual lower_bound=0.95585025 as valid LB.
INFO: Gurobi maxTimeLimit on 'scen_3'. Using dual lower_bound=1.0426783 as valid LB.
INFO: Gurobi maxTimeLimit on 'scen_6'. Using dual lower_bound=1.0033295 as valid LB.
INFO: Gurobi maxTimeLimit on 'scen_8'. Using dual lower_bound=0.99984646 as valid LB.
INFO: Gurobi maxTimeLimit on 'scen_9'. Using dual lower_bound=0.95663237 as valid LB.
INFO: Gurobi maxTimeLimit on 'scen_10'. Using dual lower_bound=0.96447483 as valid LB.
INFO: Gurobi maxTimeLimit on 'scen_11'. Using dual lower_bound=1.0258063 as valid LB.
INFO: Gurobi maxTimeLimit on 'scen_13'. Using dual lower_bound=0.97416668 as valid LB.
INFO: Gurobi maxTimeLimit on 'scen_14'. Using dual lower_bound=0.98819046 as valid LB.
INFO: Gurobi maxTimeLimit on 'scen_15'. Using dual lower_bound=1.0718203 as valid LB.
INFO: Gurobi maxTimeLimit on 'scen_16'. Using dual lower_bound=0.95363602 as valid LB.
INFO: Gurobi maxTimeLimit on 'scen_17'. Using dual lower_bound=0.95356771 as valid LB.
INFO: Gurobi maxTimeLimit on 'scen_19'. Using dual lower_bound=0.9477529 as valid LB.
INFO: Gurobi maxTimeLimit on 'scen_20'. Using dual lower_bound=0.94888371 as valid LB.
INFO: Gurobi maxTimeLimit on 'scen_21'. Using dual lower_bound=0.95873321 as valid LB.
INFO: Gurobi maxTimeLimit on 'scen_23'. Using dual lower_bound=0.99754587 as valid LB.
INFO: Gurobi maxTimeLimit on 'scen_25'. Using dual lower_bound=1.0435502 as valid LB.
INFO: Gurobi maxTimeLimit on 'scen_29'. Using dual lower_bound=1.0588911 as valid LB.
INFO: Gurobi maxTimeLimit on 'scen_30'. Using dual lower_bound=0.9638849 as valid LB.
INFO: Gurobi maxTimeLimit on 'scen_32'. Using dual lower_bound=0.94394534 as valid LB.
INFO: Gurobi maxTimeLimit on 'scen_33'. Using dual lower_bound=1.1046803 as valid LB.
INFO: Gurobi maxTimeLimit on 'scen_34'. Using dual lower_bound=1.0268835 as valid LB.
INFO: Gurobi maxTimeLimit on 'scen_35'. Using dual lower_bound=0.96497806 as valid LB.
INFO: Gurobi maxTimeLimit on 'scen_36'. Using dual lower_bound=1.0471206 as valid LB.
INFO: Gurobi maxTimeLimit on 'scen_37'. Using dual lower_bound=0.95434208 as valid LB.
INFO: Gurobi maxTimeLimit on 'scen_38'. Using dual lower_bound=0.9840422 as valid LB.
INFO: Gurobi maxTimeLimit on 'scen_39'. Using dual lower_bound=0.98103852 as valid LB.
INFO: Gurobi maxTimeLimit on 'scen_40'. Using dual lower_bound=0.96800124 as valid LB.
INFO: Gurobi maxTimeLimit on 'scen_42'. Using dual lower_bound=0.95100269 as valid LB.
INFO: Gurobi maxTimeLimit on 'scen_43'. Using dual lower_bound=1.0779918 as valid LB.
INFO: Gurobi maxTimeLimit on 'scen_45'. Using dual lower_bound=0.95463419 as valid LB.
INFO: Gurobi maxTimeLimit on 'scen_46'. Using dual lower_bound=0.96188244 as valid LB.
INFO: Gurobi maxTimeLimit on 'scen_48'. Using dual lower_bound=0.94938137 as valid LB.
INFO: Gurobi maxTimeLimit on 'scen_49'. Using dual lower_bound=0.94703002 as valid LB.
       14706.084              19                           * L         0.9766483      0.97989893         0.3317%        0.003251              20
INFO: Gurobi maxTimeLimit on 'scen_3'. Using dual lower_bound=1.0426783 as valid LB.
INFO: Gurobi maxTimeLimit on 'scen_6'. Using dual lower_bound=1.0033295 as valid LB.
INFO: Gurobi maxTimeLimit on 'scen_8'. Using dual lower_bound=0.99984646 as valid LB.
INFO: Gurobi maxTimeLimit on 'scen_11'. Using dual lower_bound=1.0258063 as valid LB.
INFO: Gurobi maxTimeLimit on 'scen_14'. Using dual lower_bound=0.98819046 as valid LB.
INFO: Gurobi maxTimeLimit on 'scen_15'. Using dual lower_bound=1.0718203 as valid LB.
INFO: Gurobi maxTimeLimit on 'scen_25'. Using dual lower_bound=1.0435502 as valid LB.
INFO: Gurobi maxTimeLimit on 'scen_29'. Using dual lower_bound=1.0588911 as valid LB.
INFO: Gurobi maxTimeLimit on 'scen_33'. Using dual lower_bound=1.1046803 as valid LB.
INFO: Gurobi maxTimeLimit on 'scen_34'. Using dual lower_bound=1.0268835 as valid LB.
INFO: Gurobi maxTimeLimit on 'scen_36'. Using dual lower_bound=1.0471206 as valid LB.
INFO: Gurobi maxTimeLimit on 'scen_39'. Using dual lower_bound=0.98103852 as valid LB.
INFO: Gurobi maxTimeLimit on 'scen_43'. Using dual lower_bound=1.0779918 as valid LB.
       15180.521              20                                       0.9766483      0.97989893         0.3317%        0.003251              21
       15243.258              21           Bound           * L        0.97666266      0.97989893         0.3303%        0.003236              20
INFO: Gurobi maxTimeLimit on 'scen_3'. Using dual lower_bound=1.0426783 as valid LB.
INFO: Gurobi maxTimeLimit on 'scen_6'. Using dual lower_bound=1.0033295 as valid LB.
INFO: Gurobi maxTimeLimit on 'scen_8'. Using dual lower_bound=0.99984646 as valid LB.
INFO: Gurobi maxTimeLimit on 'scen_11'. Using dual lower_bound=1.0258063 as valid LB.
INFO: Gurobi maxTimeLimit on 'scen_14'. Using dual lower_bound=0.98819046 as valid LB.
INFO: Gurobi maxTimeLimit on 'scen_15'. Using dual lower_bound=1.0718203 as valid LB.
INFO: Gurobi maxTimeLimit on 'scen_25'. Using dual lower_bound=1.0435502 as valid LB.
INFO: Gurobi maxTimeLimit on 'scen_29'. Using dual lower_bound=1.0588911 as valid LB.
INFO: Gurobi maxTimeLimit on 'scen_33'. Using dual lower_bound=1.1046803 as valid LB.
INFO: Gurobi maxTimeLimit on 'scen_34'. Using dual lower_bound=1.0268835 as valid LB.
INFO: Gurobi maxTimeLimit on 'scen_36'. Using dual lower_bound=1.0471206 as valid LB.
INFO: Gurobi maxTimeLimit on 'scen_39'. Using dual lower_bound=0.98103852 as valid LB.
INFO: Gurobi maxTimeLimit on 'scen_43'. Using dual lower_bound=1.0779918 as valid LB.
       15723.653              22                                      0.97666266      0.97989893         0.3303%        0.003236              21
       15814.415              23           Bound           * L        0.97666266      0.97989893         0.3303%        0.003236              20
       15889.426              24           Bound                      0.97666266      0.97989893         0.3303%        0.003236              19
INFO: Gurobi maxTimeLimit on 'scen_3'. Using dual lower_bound=1.0426783 as valid LB.
INFO: Gurobi maxTimeLimit on 'scen_6'. Using dual lower_bound=1.0033295 as valid LB.
INFO: Gurobi maxTimeLimit on 'scen_8'. Using dual lower_bound=0.99984646 as valid LB.
INFO: Gurobi maxTimeLimit on 'scen_11'. Using dual lower_bound=1.0258063 as valid LB.
INFO: Gurobi maxTimeLimit on 'scen_14'. Using dual lower_bound=0.98819046 as valid LB.
INFO: Gurobi maxTimeLimit on 'scen_15'. Using dual lower_bound=1.0718203 as valid LB.
INFO: Gurobi maxTimeLimit on 'scen_25'. Using dual lower_bound=1.0435502 as valid LB.
INFO: Gurobi maxTimeLimit on 'scen_29'. Using dual lower_bound=1.0588911 as valid LB.
INFO: Gurobi maxTimeLimit on 'scen_33'. Using dual lower_bound=1.1046803 as valid LB.
INFO: Gurobi maxTimeLimit on 'scen_34'. Using dual lower_bound=1.0290495 as valid LB.
INFO: Gurobi maxTimeLimit on 'scen_36'. Using dual lower_bound=1.0471206 as valid LB.
INFO: Gurobi maxTimeLimit on 'scen_38'. Using dual lower_bound=0.9840422 as valid LB.
INFO: Gurobi maxTimeLimit on 'scen_39'. Using dual lower_bound=0.98103852 as valid LB.
INFO: Gurobi maxTimeLimit on 'scen_43'. Using dual lower_bound=1.0779918 as valid LB.
       16356.317              25                           * L        0.97670598      0.97989893         0.3258%        0.003193              20
INFO: Gurobi maxTimeLimit on 'scen_39'. Using dual lower_bound=0.98103852 as valid LB.
       16503.505              26           Bound                      0.97670598      0.97989893         0.3258%        0.003193              19
INFO: Gurobi maxTimeLimit on 'scen_3'. Using dual lower_bound=1.0426783 as valid LB.
INFO: Gurobi maxTimeLimit on 'scen_6'. Using dual lower_bound=1.0033295 as valid LB.
INFO: Gurobi maxTimeLimit on 'scen_8'. Using dual lower_bound=1.0029978 as valid LB.
INFO: Gurobi maxTimeLimit on 'scen_11'. Using dual lower_bound=1.0258063 as valid LB.
INFO: Gurobi maxTimeLimit on 'scen_14'. Using dual lower_bound=0.98819046 as valid LB.
INFO: Gurobi maxTimeLimit on 'scen_15'. Using dual lower_bound=1.0718203 as valid LB.
INFO: Gurobi maxTimeLimit on 'scen_25'. Using dual lower_bound=1.0435502 as valid LB.
INFO: Gurobi maxTimeLimit on 'scen_29'. Using dual lower_bound=1.0588911 as valid LB.
INFO: Gurobi maxTimeLimit on 'scen_33'. Using dual lower_bound=1.1093412 as valid LB.
INFO: Gurobi maxTimeLimit on 'scen_34'. Using dual lower_bound=1.0290495 as valid LB.
INFO: Gurobi maxTimeLimit on 'scen_36'. Using dual lower_bound=1.049026 as valid LB.
INFO: Gurobi maxTimeLimit on 'scen_38'. Using dual lower_bound=0.9840422 as valid LB.
INFO: Gurobi maxTimeLimit on 'scen_39'. Using dual lower_bound=0.98103852 as valid LB.
INFO: Gurobi maxTimeLimit on 'scen_43'. Using dual lower_bound=1.0779918 as valid LB.
INFO: Gurobi maxTimeLimit on 'scen_46'. Using dual lower_bound=0.96188244 as valid LB.
       16992.482              27                           * L        0.97690033      0.97989893          0.306%        0.002999              20
INFO: Gurobi maxTimeLimit on 'scen_6'. Using dual lower_bound=1.0033295 as valid LB.
INFO: Gurobi maxTimeLimit on 'scen_8'. Using dual lower_bound=1.0029978 as valid LB.
INFO: Gurobi maxTimeLimit on 'scen_14'. Using dual lower_bound=0.98972663 as valid LB.
INFO: Gurobi maxTimeLimit on 'scen_38'. Using dual lower_bound=0.9840422 as valid LB.
INFO: Gurobi maxTimeLimit on 'scen_39'. Using dual lower_bound=0.98103852 as valid LB.
       17227.052              28           Bound                      0.97690033      0.97989893          0.306%        0.002999              19
INFO: Gurobi maxTimeLimit on 'scen_3'. Using dual lower_bound=1.0426783 as valid LB.
INFO: Gurobi maxTimeLimit on 'scen_6'. Using dual lower_bound=1.0033295 as valid LB.
INFO: Gurobi maxTimeLimit on 'scen_8'. Using dual lower_bound=1.0029978 as valid LB.
INFO: Gurobi maxTimeLimit on 'scen_14'. Using dual lower_bound=0.98819046 as valid LB.
INFO: Gurobi maxTimeLimit on 'scen_25'. Using dual lower_bound=1.0435502 as valid LB.
INFO: Gurobi maxTimeLimit on 'scen_29'. Using dual lower_bound=1.0597591 as valid LB.
INFO: Gurobi maxTimeLimit on 'scen_34'. Using dual lower_bound=1.0290495 as valid LB.
INFO: Gurobi maxTimeLimit on 'scen_36'. Using dual lower_bound=1.049026 as valid LB.
INFO: Gurobi maxTimeLimit on 'scen_38'. Using dual lower_bound=0.9840422 as valid LB.
INFO: Gurobi maxTimeLimit on 'scen_43'. Using dual lower_bound=1.0779918 as valid LB.
INFO: Gurobi maxTimeLimit on 'scen_46'. Using dual lower_bound=0.96188244 as valid LB.
       17633.638              29                           * L        0.97705958      0.97989893         0.2898%        0.002839              20
INFO: Gurobi maxTimeLimit on 'scen_11'. Using dual lower_bound=1.0258063 as valid LB.
INFO: Gurobi maxTimeLimit on 'scen_34'. Using dual lower_bound=1.0268835 as valid LB.
       17834.304              30                                      0.97705958      0.97989893         0.2898%        0.002839              21
INFO: Gurobi maxTimeLimit on 'scen_3'. Using dual lower_bound=1.0426783 as valid LB.
INFO: Gurobi maxTimeLimit on 'scen_15'. Using dual lower_bound=1.0528905 as valid LB.
INFO: Gurobi maxTimeLimit on 'scen_34'. Using dual lower_bound=1.0268835 as valid LB.
INFO: Gurobi maxTimeLimit on 'scen_43'. Using dual lower_bound=1.0779918 as valid LB.
       18063.616              31                           * L        0.97714989      0.97989893         0.2805%        0.002749              22
       18107.105              32                                      0.97714989      0.97989893         0.2805%        0.002749              23
INFO: Gurobi maxTimeLimit on 'scen_3'. Using dual lower_bound=1.0551054 as valid LB.
INFO: Gurobi maxTimeLimit on 'scen_6'. Using dual lower_bound=1.0033295 as valid LB.
INFO: Gurobi maxTimeLimit on 'scen_8'. Using dual lower_bound=0.99984646 as valid LB.
INFO: Gurobi maxTimeLimit on 'scen_11'. Using dual lower_bound=1.0267406 as valid LB.
INFO: Gurobi maxTimeLimit on 'scen_14'. Using dual lower_bound=0.98819046 as valid LB.
INFO: Gurobi maxTimeLimit on 'scen_15'. Using dual lower_bound=1.071663 as valid LB.
INFO: Gurobi maxTimeLimit on 'scen_29'. Using dual lower_bound=1.0588911 as valid LB.
INFO: Gurobi maxTimeLimit on 'scen_33'. Using dual lower_bound=1.1052584 as valid LB.
INFO: Gurobi maxTimeLimit on 'scen_34'. Using dual lower_bound=1.0268835 as valid LB.
INFO: Gurobi maxTimeLimit on 'scen_36'. Using dual lower_bound=1.0560377 as valid LB.
INFO: Gurobi maxTimeLimit on 'scen_38'. Using dual lower_bound=0.9840422 as valid LB.
INFO: Gurobi maxTimeLimit on 'scen_39'. Using dual lower_bound=0.97443031 as valid LB.
INFO: Gurobi maxTimeLimit on 'scen_43'. Using dual lower_bound=1.1008151 as valid LB.
       18590.125              33                           * L        0.97715179      0.97989893         0.2803%        0.002747              24
       18641.606              34           Bound                      0.97715179      0.97989893         0.2803%        0.002747              23
INFO: Gurobi maxTimeLimit on 'scen_3'. Using dual lower_bound=1.0426783 as valid LB.
INFO: Gurobi maxTimeLimit on 'scen_6'. Using dual lower_bound=1.0113911 as valid LB.
INFO: Gurobi maxTimeLimit on 'scen_8'. Using dual lower_bound=0.99984646 as valid LB.
INFO: Gurobi maxTimeLimit on 'scen_11'. Using dual lower_bound=1.0258063 as valid LB.
INFO: Gurobi maxTimeLimit on 'scen_14'. Using dual lower_bound=0.98819046 as valid LB.
INFO: Gurobi maxTimeLimit on 'scen_15'. Using dual lower_bound=1.0726342 as valid LB.
INFO: Gurobi maxTimeLimit on 'scen_25'. Using dual lower_bound=1.0435502 as valid LB.
INFO: Gurobi maxTimeLimit on 'scen_29'. Using dual lower_bound=1.0802644 as valid LB.
INFO: Gurobi maxTimeLimit on 'scen_33'. Using dual lower_bound=1.1053222 as valid LB.
INFO: Gurobi maxTimeLimit on 'scen_34'. Using dual lower_bound=1.0268835 as valid LB.
INFO: Gurobi maxTimeLimit on 'scen_36'. Using dual lower_bound=1.0471206 as valid LB.
INFO: Gurobi maxTimeLimit on 'scen_38'. Using dual lower_bound=0.9840422 as valid LB.
INFO: Gurobi maxTimeLimit on 'scen_39'. Using dual lower_bound=0.98103852 as valid LB.
INFO: Gurobi maxTimeLimit on 'scen_43'. Using dual lower_bound=1.0834344 as valid LB.
INFO: Gurobi maxTimeLimit on 'scen_46'. Using dual lower_bound=0.96188244 as valid LB.
       19146.948              35                           * L         0.9771626      0.97989893         0.2792%        0.002736              24
INFO: Gurobi maxTimeLimit on 'scen_3'. Using dual lower_bound=1.0426783 as valid LB.
INFO: Gurobi maxTimeLimit on 'scen_6'. Using dual lower_bound=1.0113911 as valid LB.
INFO: Gurobi maxTimeLimit on 'scen_8'. Using dual lower_bound=0.99984646 as valid LB.
INFO: Gurobi maxTimeLimit on 'scen_11'. Using dual lower_bound=1.0258063 as valid LB.
INFO: Gurobi maxTimeLimit on 'scen_14'. Using dual lower_bound=0.98819046 as valid LB.
INFO: Gurobi maxTimeLimit on 'scen_15'. Using dual lower_bound=1.0726342 as valid LB.
INFO: Gurobi maxTimeLimit on 'scen_25'. Using dual lower_bound=1.0435502 as valid LB.
INFO: Gurobi maxTimeLimit on 'scen_29'. Using dual lower_bound=1.0802644 as valid LB.
INFO: Gurobi maxTimeLimit on 'scen_33'. Using dual lower_bound=1.1053222 as valid LB.
INFO: Gurobi maxTimeLimit on 'scen_34'. Using dual lower_bound=1.0268835 as valid LB.
INFO: Gurobi maxTimeLimit on 'scen_36'. Using dual lower_bound=1.0471206 as valid LB.
INFO: Gurobi maxTimeLimit on 'scen_38'. Using dual lower_bound=0.9840422 as valid LB.
INFO: Gurobi maxTimeLimit on 'scen_39'. Using dual lower_bound=0.98103852 as valid LB.
INFO: Gurobi maxTimeLimit on 'scen_43'. Using dual lower_bound=1.0834344 as valid LB.
INFO: Gurobi maxTimeLimit on 'scen_46'. Using dual lower_bound=0.96188244 as valid LB.
       19666.138              36                                       0.9771626      0.97989893         0.2792%        0.002736              25
INFO: Gurobi maxTimeLimit on 'scen_3'. Using dual lower_bound=1.0426783 as valid LB.
INFO: Gurobi maxTimeLimit on 'scen_6'. Using dual lower_bound=1.0113911 as valid LB.
INFO: Gurobi maxTimeLimit on 'scen_8'. Using dual lower_bound=0.99984646 as valid LB.
INFO: Gurobi maxTimeLimit on 'scen_11'. Using dual lower_bound=1.0258063 as valid LB.
INFO: Gurobi maxTimeLimit on 'scen_14'. Using dual lower_bound=0.98819046 as valid LB.
INFO: Gurobi maxTimeLimit on 'scen_15'. Using dual lower_bound=1.0726342 as valid LB.
INFO: Gurobi maxTimeLimit on 'scen_29'. Using dual lower_bound=1.0802644 as valid LB.
INFO: Gurobi maxTimeLimit on 'scen_33'. Using dual lower_bound=1.1053222 as valid LB.
INFO: Gurobi maxTimeLimit on 'scen_34'. Using dual lower_bound=1.0268835 as valid LB.
INFO: Gurobi maxTimeLimit on 'scen_36'. Using dual lower_bound=1.0471206 as valid LB.
INFO: Gurobi maxTimeLimit on 'scen_38'. Using dual lower_bound=0.9840422 as valid LB.
INFO: Gurobi maxTimeLimit on 'scen_39'. Using dual lower_bound=0.98103852 as valid LB.
INFO: Gurobi maxTimeLimit on 'scen_43'. Using dual lower_bound=1.0834344 as valid LB.
INFO: Gurobi maxTimeLimit on 'scen_46'. Using dual lower_bound=0.96188244 as valid LB.
       20179.277              37                           * L         0.9771626      0.97989893         0.2792%        0.002736              26
INFO: Gurobi maxTimeLimit on 'scen_3'. Using dual lower_bound=1.0426783 as valid LB.
INFO: Gurobi maxTimeLimit on 'scen_6'. Using dual lower_bound=1.0113911 as valid LB.
INFO: Gurobi maxTimeLimit on 'scen_8'. Using dual lower_bound=0.99984646 as valid LB.
INFO: Gurobi maxTimeLimit on 'scen_14'. Using dual lower_bound=0.98819046 as valid LB.
INFO: Gurobi maxTimeLimit on 'scen_29'. Using dual lower_bound=1.0802644 as valid LB.
INFO: Gurobi maxTimeLimit on 'scen_33'. Using dual lower_bound=1.1053222 as valid LB.
INFO: Gurobi maxTimeLimit on 'scen_34'. Using dual lower_bound=1.0268835 as valid LB.
INFO: Gurobi maxTimeLimit on 'scen_36'. Using dual lower_bound=1.055057 as valid LB.
INFO: Gurobi maxTimeLimit on 'scen_38'. Using dual lower_bound=0.9840422 as valid LB.
INFO: Gurobi maxTimeLimit on 'scen_39'. Using dual lower_bound=0.98103852 as valid LB.
INFO: Gurobi maxTimeLimit on 'scen_43'. Using dual lower_bound=1.0834344 as valid LB.
INFO: Gurobi maxTimeLimit on 'scen_46'. Using dual lower_bound=0.96188244 as valid LB.
       20649.007              38                                       0.9771626      0.97989893         0.2792%        0.002736              27
INFO: Gurobi maxTimeLimit on 'scen_3'. Using dual lower_bound=1.0426783 as valid LB.
INFO: Gurobi maxTimeLimit on 'scen_6'. Using dual lower_bound=1.0113911 as valid LB.
INFO: Gurobi maxTimeLimit on 'scen_8'. Using dual lower_bound=0.99984646 as valid LB.
INFO: Gurobi maxTimeLimit on 'scen_14'. Using dual lower_bound=0.98819046 as valid LB.
INFO: Gurobi maxTimeLimit on 'scen_25'. Using dual lower_bound=1.0523748 as valid LB.
INFO: Gurobi maxTimeLimit on 'scen_29'. Using dual lower_bound=1.0802644 as valid LB.
INFO: Gurobi maxTimeLimit on 'scen_33'. Using dual lower_bound=1.1053222 as valid LB.
INFO: Gurobi maxTimeLimit on 'scen_34'. Using dual lower_bound=1.0268835 as valid LB.
INFO: Gurobi maxTimeLimit on 'scen_36'. Using dual lower_bound=1.0471206 as valid LB.
INFO: Gurobi maxTimeLimit on 'scen_38'. Using dual lower_bound=0.9840422 as valid LB.
INFO: Gurobi maxTimeLimit on 'scen_39'. Using dual lower_bound=0.98103852 as valid LB.
INFO: Gurobi maxTimeLimit on 'scen_43'. Using dual lower_bound=1.0834344 as valid LB.
INFO: Gurobi maxTimeLimit on 'scen_46'. Using dual lower_bound=0.96188244 as valid LB.
       21131.733              39                           * L        0.97726403      0.97989893         0.2689%        0.002635              28
INFO: Gurobi maxTimeLimit on 'scen_3'. Using dual lower_bound=1.0551054 as valid LB.
INFO: Gurobi maxTimeLimit on 'scen_6'. Using dual lower_bound=1.0033295 as valid LB.
INFO: Gurobi maxTimeLimit on 'scen_8'. Using dual lower_bound=0.99984646 as valid LB.
INFO: Gurobi maxTimeLimit on 'scen_11'. Using dual lower_bound=1.0267406 as valid LB.
INFO: Gurobi maxTimeLimit on 'scen_14'. Using dual lower_bound=0.98819046 as valid LB.
INFO: Gurobi maxTimeLimit on 'scen_15'. Using dual lower_bound=1.071663 as valid LB.
INFO: Gurobi maxTimeLimit on 'scen_25'. Using dual lower_bound=1.0492571 as valid LB.
INFO: Gurobi maxTimeLimit on 'scen_29'. Using dual lower_bound=1.0588911 as valid LB.
INFO: Gurobi maxTimeLimit on 'scen_33'. Using dual lower_bound=1.1052584 as valid LB.
INFO: Gurobi maxTimeLimit on 'scen_34'. Using dual lower_bound=1.0268835 as valid LB.
