JobID: 22014952
Node:  fc30602
Start: Fri Feb  6 11:55:50 PST 2026
Work:  /home/yinhuang/snoglode-main-2-ori-record3/examples/stochastic_pid
-rw-r----- 1 yinhuang yinhuang 17K Feb  6 11:50 /home/yinhuang/snoglode-main-2-ori-record3/examples/stochastic_pid/stochastic_pid.py
Python: /home/yinhuang/micromamba/envs/pidsp-sim-fir/bin/python
Python 3.11.14
No mpi4py detected - running in serial.
--------------------------------------------------
SNoGloDe Solver Parameters
--------------------------------------------------

Subproblem Names:
  - scen_1
  - scen_2
  - scen_3
  - scen_4
  - scen_5
  - scen_6
  - scen_7
  - scen_8
  - scen_9
  - scen_10
  - scen_11
  - scen_12
  - scen_13
  - scen_14
  - scen_15
  - scen_16
  - scen_17
  - scen_18
  - scen_19
  - scen_20
  - scen_21
  - scen_22
  - scen_23
  - scen_24
  - scen_25
  - scen_26
  - scen_27
  - scen_28
  - scen_29
  - scen_30
  - scen_31
  - scen_32
  - scen_33
  - scen_34
  - scen_35
  - scen_36
  - scen_37
  - scen_38
  - scen_39
  - scen_40
  - scen_41
  - scen_42
  - scen_43
  - scen_44
  - scen_45
  - scen_46
  - scen_47
  - scen_48
  - scen_49
  - scen_50
Total # subproblems: 50

LB solver: gurobi
UB solver: gurobi
CG solver: ipopt

Global convergance guaranteed: True
Epsilon: 0.001
Perform FBBT: True
Perform OBBT: True
Relax binaries at LB: False
Relax integers at LB: False

Bounder Information
  - Lower Bounder: GurobiLBLowerBounder
  - Candidate Generator: SolveExtensiveForm

Queuing strategy: QueueStrategy.bound
Using a node feasibility checker? : False

Branching Information
  - Selection Strategy: HybridBranching
  - Partition Strategy: ExpectedValue

Verbose: True
No log file generated.

--------------------------------------------------
Generating the models for the subproblems.
	Scenario scen_1 has 3 first stage vars.
	Scenario scen_2 has 3 first stage vars.
	Scenario scen_3 has 3 first stage vars.
	Scenario scen_4 has 3 first stage vars.
	Scenario scen_5 has 3 first stage vars.
	Scenario scen_6 has 3 first stage vars.
	Scenario scen_7 has 3 first stage vars.
	Scenario scen_8 has 3 first stage vars.
	Scenario scen_9 has 3 first stage vars.
	Scenario scen_10 has 3 first stage vars.
	Scenario scen_11 has 3 first stage vars.
	Scenario scen_12 has 3 first stage vars.
	Scenario scen_13 has 3 first stage vars.
	Scenario scen_14 has 3 first stage vars.
	Scenario scen_15 has 3 first stage vars.
	Scenario scen_16 has 3 first stage vars.
	Scenario scen_17 has 3 first stage vars.
	Scenario scen_18 has 3 first stage vars.
	Scenario scen_19 has 3 first stage vars.
	Scenario scen_20 has 3 first stage vars.
	Scenario scen_21 has 3 first stage vars.
	Scenario scen_22 has 3 first stage vars.
	Scenario scen_23 has 3 first stage vars.
	Scenario scen_24 has 3 first stage vars.
	Scenario scen_25 has 3 first stage vars.
	Scenario scen_26 has 3 first stage vars.
	Scenario scen_27 has 3 first stage vars.
	Scenario scen_28 has 3 first stage vars.
	Scenario scen_29 has 3 first stage vars.
	Scenario scen_30 has 3 first stage vars.
	Scenario scen_31 has 3 first stage vars.
	Scenario scen_32 has 3 first stage vars.
	Scenario scen_33 has 3 first stage vars.
	Scenario scen_34 has 3 first stage vars.
	Scenario scen_35 has 3 first stage vars.
	Scenario scen_36 has 3 first stage vars.
	Scenario scen_37 has 3 first stage vars.
	Scenario scen_38 has 3 first stage vars.
	Scenario scen_39 has 3 first stage vars.
	Scenario scen_40 has 3 first stage vars.
	Scenario scen_41 has 3 first stage vars.
	Scenario scen_42 has 3 first stage vars.
	Scenario scen_43 has 3 first stage vars.
	Scenario scen_44 has 3 first stage vars.
	Scenario scen_45 has 3 first stage vars.
	Scenario scen_46 has 3 first stage vars.
	Scenario scen_47 has 3 first stage vars.
	Scenario scen_48 has 3 first stage vars.
	Scenario scen_49 has 3 first stage vars.
	Scenario scen_50 has 3 first stage vars.
Finished generating subproblem models.
Node rooted.
Using EF method for candidate solution. No EF bound. Building EF.
EF built.
INFO: Gurobi maxTimeLimit on 'scen_3'. Using dual lower_bound=1.0426326 as valid LB.
INFO: Gurobi maxTimeLimit on 'scen_8'. Using dual lower_bound=0.99984646 as valid LB.
INFO: Gurobi maxTimeLimit on 'scen_15'. Using dual lower_bound=1.0528905 as valid LB.
INFO: Gurobi maxTimeLimit on 'scen_29'. Using dual lower_bound=1.0588477 as valid LB.
INFO: Gurobi maxTimeLimit on 'scen_33'. Using dual lower_bound=1.0927332 as valid LB.
INFO: Gurobi maxTimeLimit on 'scen_43'. Using dual lower_bound=1.0779918 as valid LB.
        Time (s)  Nodes Explored       Pruned by                              LB              UB        Rel. Gap        Abs. Gap         # Nodes
---------------------------------------------------------------------------------------------------------------------------------------------------------------------------
         171.421               1                           * L        0.97132943             inf            inf%             inf               2
INFO: Gurobi maxTimeLimit on 'scen_3'. Using dual lower_bound=1.0426326 as valid LB.
INFO: Gurobi maxTimeLimit on 'scen_8'. Using dual lower_bound=0.99984646 as valid LB.
INFO: Gurobi maxTimeLimit on 'scen_15'. Using dual lower_bound=1.0528905 as valid LB.
INFO: Gurobi maxTimeLimit on 'scen_29'. Using dual lower_bound=1.0588477 as valid LB.
INFO: Gurobi maxTimeLimit on 'scen_43'. Using dual lower_bound=1.0779918 as valid LB.
         316.877               2                                      0.97132943             inf            inf%             inf               3
INFO: Gurobi maxTimeLimit on 'scen_3'. Using dual lower_bound=1.0426326 as valid LB.
INFO: Gurobi maxTimeLimit on 'scen_8'. Using dual lower_bound=0.99984646 as valid LB.
INFO: Gurobi maxTimeLimit on 'scen_15'. Using dual lower_bound=1.0528905 as valid LB.
INFO: Gurobi maxTimeLimit on 'scen_29'. Using dual lower_bound=1.0588477 as valid LB.
INFO: Gurobi maxTimeLimit on 'scen_33'. Using dual lower_bound=1.0927332 as valid LB.
INFO: Gurobi maxTimeLimit on 'scen_34'. Using dual lower_bound=1.0268835 as valid LB.
INFO: Gurobi maxTimeLimit on 'scen_43'. Using dual lower_bound=1.0779918 as valid LB.
         525.482               3                           * L U      0.97200224      0.98253272         1.0718%         0.01053               4
INFO: Gurobi maxTimeLimit on 'scen_8'. Using dual lower_bound=0.99984646 as valid LB.
         673.551               4                                      0.97200224      0.98253272         1.0718%         0.01053               5
INFO: Gurobi maxTimeLimit on 'scen_3'. Using dual lower_bound=1.0426326 as valid LB.
INFO: Gurobi maxTimeLimit on 'scen_8'. Using dual lower_bound=0.99984646 as valid LB.
INFO: Gurobi maxTimeLimit on 'scen_15'. Using dual lower_bound=1.0528905 as valid LB.
INFO: Gurobi maxTimeLimit on 'scen_29'. Using dual lower_bound=1.0588477 as valid LB.
INFO: Gurobi maxTimeLimit on 'scen_43'. Using dual lower_bound=1.0779918 as valid LB.
         852.425               5                           * L        0.97220306      0.98253272         1.0513%         0.01033               6
INFO: Gurobi maxTimeLimit on 'scen_8'. Using dual lower_bound=1.0019343 as valid LB.
INFO: Gurobi maxTimeLimit on 'scen_15'. Using dual lower_bound=1.0625698 as valid LB.
INFO: Gurobi maxTimeLimit on 'scen_29'. Using dual lower_bound=1.0588477 as valid LB.
        1028.358               6                                      0.97220306      0.98253272         1.0513%         0.01033               7
INFO: Gurobi maxTimeLimit on 'scen_3'. Using dual lower_bound=1.0426326 as valid LB.
INFO: Gurobi maxTimeLimit on 'scen_8'. Using dual lower_bound=0.99984646 as valid LB.
INFO: Gurobi maxTimeLimit on 'scen_15'. Using dual lower_bound=1.0528905 as valid LB.
INFO: Gurobi maxTimeLimit on 'scen_29'. Using dual lower_bound=1.0588477 as valid LB.
INFO: Gurobi maxTimeLimit on 'scen_34'. Using dual lower_bound=1.0268835 as valid LB.
INFO: Gurobi maxTimeLimit on 'scen_43'. Using dual lower_bound=1.0779918 as valid LB.
        1232.249               7                           * L        0.97292646      0.98253272         0.9777%        0.009606               8
INFO: Gurobi maxTimeLimit on 'scen_3'. Using dual lower_bound=1.0426326 as valid LB.
INFO: Gurobi maxTimeLimit on 'scen_8'. Using dual lower_bound=0.99984646 as valid LB.
INFO: Gurobi maxTimeLimit on 'scen_15'. Using dual lower_bound=1.0528905 as valid LB.
INFO: Gurobi maxTimeLimit on 'scen_29'. Using dual lower_bound=1.0588477 as valid LB.
INFO: Gurobi maxTimeLimit on 'scen_33'. Using dual lower_bound=1.0927332 as valid LB.
INFO: Gurobi maxTimeLimit on 'scen_34'. Using dual lower_bound=1.0268835 as valid LB.
INFO: Gurobi maxTimeLimit on 'scen_43'. Using dual lower_bound=1.0779918 as valid LB.
        1435.698               8                                      0.97292646      0.98253272         0.9777%        0.009606               9
INFO: Gurobi maxTimeLimit on 'scen_3'. Using dual lower_bound=1.0426326 as valid LB.
INFO: Gurobi maxTimeLimit on 'scen_8'. Using dual lower_bound=0.99984646 as valid LB.
INFO: Gurobi maxTimeLimit on 'scen_11'. Using dual lower_bound=1.0258063 as valid LB.
INFO: Gurobi maxTimeLimit on 'scen_15'. Using dual lower_bound=1.0528905 as valid LB.
INFO: Gurobi maxTimeLimit on 'scen_29'. Using dual lower_bound=1.0588477 as valid LB.
INFO: Gurobi maxTimeLimit on 'scen_33'. Using dual lower_bound=1.0927332 as valid LB.
INFO: Gurobi maxTimeLimit on 'scen_34'. Using dual lower_bound=1.0268835 as valid LB.
INFO: Gurobi maxTimeLimit on 'scen_39'. Using dual lower_bound=0.97443031 as valid LB.
INFO: Gurobi maxTimeLimit on 'scen_43'. Using dual lower_bound=1.0779918 as valid LB.
        1667.525               9                           * L U      0.97311677      0.98250918          0.956%        0.009392              10
INFO: Gurobi maxTimeLimit on 'scen_29'. Using dual lower_bound=1.0588477 as valid LB.
        1851.849              10                                      0.97311677      0.98250918          0.956%        0.009392              11
INFO: Gurobi maxTimeLimit on 'scen_3'. Using dual lower_bound=1.0426326 as valid LB.
INFO: Gurobi maxTimeLimit on 'scen_8'. Using dual lower_bound=0.99984646 as valid LB.
INFO: Gurobi maxTimeLimit on 'scen_29'. Using dual lower_bound=1.0588477 as valid LB.
INFO: Gurobi maxTimeLimit on 'scen_43'. Using dual lower_bound=1.0779918 as valid LB.
        2059.124              11                           * L        0.97336999      0.98250918         0.9302%        0.009139              12
INFO: Gurobi maxTimeLimit on 'scen_29'. Using dual lower_bound=1.0615112 as valid LB.
        2196.518              12                                      0.97336999      0.98250918         0.9302%        0.009139              13
        2343.865              13                           * L U       0.9734356      0.98025977         0.6962%        0.006824              14
INFO: Gurobi maxTimeLimit on 'scen_29'. Using dual lower_bound=1.0588477 as valid LB.
        2506.331              14                                       0.9734356      0.98025977         0.6962%        0.006824              15
        2660.614              15                           * L        0.97346159      0.98025977         0.6935%        0.006798              16
INFO: Gurobi maxTimeLimit on 'scen_3'. Using dual lower_bound=1.0426326 as valid LB.
INFO: Gurobi maxTimeLimit on 'scen_8'. Using dual lower_bound=0.99984646 as valid LB.
INFO: Gurobi maxTimeLimit on 'scen_15'. Using dual lower_bound=1.0528905 as valid LB.
INFO: Gurobi maxTimeLimit on 'scen_29'. Using dual lower_bound=1.0588477 as valid LB.
INFO: Gurobi maxTimeLimit on 'scen_33'. Using dual lower_bound=1.0927332 as valid LB.
INFO: Gurobi maxTimeLimit on 'scen_34'. Using dual lower_bound=1.0268835 as valid LB.
INFO: Gurobi maxTimeLimit on 'scen_43'. Using dual lower_bound=1.0779918 as valid LB.
        2841.621              16                                      0.97346159      0.98025977         0.6935%        0.006798              17
INFO: Gurobi maxTimeLimit on 'scen_8'. Using dual lower_bound=0.99984646 as valid LB.
INFO: Gurobi maxTimeLimit on 'scen_34'. Using dual lower_bound=1.0268835 as valid LB.
        2999.301              17                           * L        0.97360895      0.98025977         0.6785%        0.006651              18
INFO: Gurobi maxTimeLimit on 'scen_1'. Using dual lower_bound=8.79127 as valid LB.
INFO: Gurobi maxTimeLimit on 'scen_2'. Using dual lower_bound=8.7815337 as valid LB.
INFO: Gurobi maxTimeLimit on 'scen_3'. Using dual lower_bound=12.364858 as valid LB.
INFO: Gurobi maxTimeLimit on 'scen_4'. Using dual lower_bound=5.6955774 as valid LB.
INFO: Gurobi maxTimeLimit on 'scen_5'. Using dual lower_bound=8.644191 as valid LB.
INFO: Gurobi maxTimeLimit on 'scen_6'. Using dual lower_bound=7.7705157 as valid LB.
INFO: Gurobi maxTimeLimit on 'scen_7'. Using dual lower_bound=9.0307383 as valid LB.
INFO: Gurobi maxTimeLimit on 'scen_8'. Using dual lower_bound=8.8854165 as valid LB.
INFO: Gurobi maxTimeLimit on 'scen_9'. Using dual lower_bound=9.461584 as valid LB.
INFO: Gurobi maxTimeLimit on 'scen_10'. Using dual lower_bound=7.6053879 as valid LB.
INFO: Gurobi maxTimeLimit on 'scen_11'. Using dual lower_bound=10.936188 as valid LB.
INFO: Gurobi maxTimeLimit on 'scen_12'. Using dual lower_bound=6.8980377 as valid LB.
INFO: Gurobi maxTimeLimit on 'scen_13'. Using dual lower_bound=8.996047 as valid LB.
INFO: Gurobi maxTimeLimit on 'scen_14'. Using dual lower_bound=8.1494933 as valid LB.
INFO: Gurobi maxTimeLimit on 'scen_15'. Using dual lower_bound=9.8030779 as valid LB.
INFO: Gurobi maxTimeLimit on 'scen_18'. Using dual lower_bound=7.9656352 as valid LB.
INFO: Gurobi maxTimeLimit on 'scen_19'. Using dual lower_bound=8.7172829 as valid LB.
INFO: Gurobi maxTimeLimit on 'scen_20'. Using dual lower_bound=9.2014141 as valid LB.
INFO: Gurobi maxTimeLimit on 'scen_21'. Using dual lower_bound=9.0384814 as valid LB.
INFO: Gurobi maxTimeLimit on 'scen_22'. Using dual lower_bound=8.4371578 as valid LB.
INFO: Gurobi maxTimeLimit on 'scen_23'. Using dual lower_bound=9.0561553 as valid LB.
INFO: Gurobi maxTimeLimit on 'scen_24'. Using dual lower_bound=9.3401631 as valid LB.
INFO: Gurobi maxTimeLimit on 'scen_25'. Using dual lower_bound=8.4263499 as valid LB.
INFO: Gurobi maxTimeLimit on 'scen_26'. Using dual lower_bound=8.2257058 as valid LB.
INFO: Gurobi maxTimeLimit on 'scen_27'. Using dual lower_bound=9.1336075 as valid LB.
INFO: Gurobi maxTimeLimit on 'scen_28'. Using dual lower_bound=8.1538154 as valid LB.
INFO: Gurobi maxTimeLimit on 'scen_30'. Using dual lower_bound=9.8756082 as valid LB.
INFO: Gurobi maxTimeLimit on 'scen_31'. Using dual lower_bound=9.0255909 as valid LB.
INFO: Gurobi maxTimeLimit on 'scen_33'. Using dual lower_bound=7.7134359 as valid LB.
INFO: Gurobi maxTimeLimit on 'scen_34'. Using dual lower_bound=9.0345383 as valid LB.
INFO: Gurobi maxTimeLimit on 'scen_35'. Using dual lower_bound=9.5732387 as valid LB.
INFO: Gurobi maxTimeLimit on 'scen_36'. Using dual lower_bound=9.1193167 as valid LB.
INFO: Gurobi maxTimeLimit on 'scen_38'. Using dual lower_bound=9.7183173 as valid LB.
INFO: Gurobi maxTimeLimit on 'scen_39'. Using dual lower_bound=10.435161 as valid LB.
INFO: Gurobi maxTimeLimit on 'scen_40'. Using dual lower_bound=8.451723 as valid LB.
INFO: Gurobi maxTimeLimit on 'scen_41'. Using dual lower_bound=7.7001798 as valid LB.
INFO: Gurobi maxTimeLimit on 'scen_43'. Using dual lower_bound=10.502062 as valid LB.
INFO: Gurobi maxTimeLimit on 'scen_44'. Using dual lower_bound=8.5091256 as valid LB.
INFO: Gurobi maxTimeLimit on 'scen_45'. Using dual lower_bound=9.4801055 as valid LB.
INFO: Gurobi maxTimeLimit on 'scen_46'. Using dual lower_bound=8.748773 as valid LB.
INFO: Gurobi maxTimeLimit on 'scen_48'. Using dual lower_bound=9.4299152 as valid LB.
INFO: Gurobi maxTimeLimit on 'scen_49'. Using dual lower_bound=9.0080744 as valid LB.
INFO: Gurobi maxTimeLimit on 'scen_50'. Using dual lower_bound=9.9644326 as valid LB.
        3801.002              18           Bound                      0.97360895      0.98025977         0.6785%        0.006651              17
WARNING: Unexpected condition for the variable scen_15.K_i UB
problem.TerminationCondition = maxTimeLimit
WARNING: Unexpected condition for the variable scen_36.K_i UB
problem.TerminationCondition = maxTimeLimit
WARNING: Unexpected condition for the variable scen_36.K_i UB
problem.TerminationCondition = maxTimeLimit
        3876.835              19                           * L        0.97366202      0.98025977         0.6731%        0.006598              18
INFO: Gurobi maxTimeLimit on 'scen_39'. Using dual lower_bound=0.97462218 as valid LB.
        3988.251              20                                      0.97366202      0.98025977         0.6731%        0.006598              19
INFO: Gurobi maxTimeLimit on 'scen_3'. Using dual lower_bound=1.0426326 as valid LB.
INFO: Gurobi maxTimeLimit on 'scen_6'. Using dual lower_bound=1.0033295 as valid LB.
INFO: Gurobi maxTimeLimit on 'scen_8'. Using dual lower_bound=0.99984646 as valid LB.
INFO: Gurobi maxTimeLimit on 'scen_11'. Using dual lower_bound=1.0258063 as valid LB.
INFO: Gurobi maxTimeLimit on 'scen_14'. Using dual lower_bound=0.98819046 as valid LB.
INFO: Gurobi maxTimeLimit on 'scen_15'. Using dual lower_bound=1.0528905 as valid LB.
INFO: Gurobi maxTimeLimit on 'scen_25'. Using dual lower_bound=1.0435502 as valid LB.
INFO: Gurobi maxTimeLimit on 'scen_29'. Using dual lower_bound=1.0588477 as valid LB.
INFO: Gurobi maxTimeLimit on 'scen_33'. Using dual lower_bound=1.0927332 as valid LB.
INFO: Gurobi maxTimeLimit on 'scen_34'. Using dual lower_bound=1.0268835 as valid LB.
INFO: Gurobi maxTimeLimit on 'scen_36'. Using dual lower_bound=1.0471206 as valid LB.
INFO: Gurobi maxTimeLimit on 'scen_38'. Using dual lower_bound=0.9840422 as valid LB.
INFO: Gurobi maxTimeLimit on 'scen_39'. Using dual lower_bound=0.97443031 as valid LB.
INFO: Gurobi maxTimeLimit on 'scen_43'. Using dual lower_bound=1.0779918 as valid LB.
INFO: Gurobi maxTimeLimit on 'scen_46'. Using dual lower_bound=0.96188244 as valid LB.
        4325.238              21                           * L        0.97377675      0.98025977         0.6614%        0.006483              20
INFO: Gurobi maxTimeLimit on 'scen_3'. Using dual lower_bound=1.0426326 as valid LB.
INFO: Gurobi maxTimeLimit on 'scen_6'. Using dual lower_bound=1.0033295 as valid LB.
INFO: Gurobi maxTimeLimit on 'scen_8'. Using dual lower_bound=0.99984646 as valid LB.
INFO: Gurobi maxTimeLimit on 'scen_11'. Using dual lower_bound=1.0258063 as valid LB.
INFO: Gurobi maxTimeLimit on 'scen_25'. Using dual lower_bound=1.0435502 as valid LB.
INFO: Gurobi maxTimeLimit on 'scen_29'. Using dual lower_bound=1.0588477 as valid LB.
INFO: Gurobi maxTimeLimit on 'scen_33'. Using dual lower_bound=1.0927332 as valid LB.
INFO: Gurobi maxTimeLimit on 'scen_34'. Using dual lower_bound=1.0268835 as valid LB.
INFO: Gurobi maxTimeLimit on 'scen_36'. Using dual lower_bound=1.0471206 as valid LB.
INFO: Gurobi maxTimeLimit on 'scen_39'. Using dual lower_bound=0.97443031 as valid LB.
INFO: Gurobi maxTimeLimit on 'scen_43'. Using dual lower_bound=1.0779918 as valid LB.
        4609.971              22                                      0.97377675      0.98025977         0.6614%        0.006483              21
        4662.036              23                           * L         0.9739461      0.98025977         0.6441%        0.006314              22
WARNING: Unexpected condition for the variable scen_1.K_i UB
problem.TerminationCondition = maxTimeLimit
WARNING: Unexpected condition for the variable scen_1.K_i UB
problem.TerminationCondition = maxTimeLimit
WARNING: Unexpected condition for the variable scen_9.K_i UB
problem.TerminationCondition = maxTimeLimit
WARNING: Unexpected condition for the variable scen_13.K_i UB
problem.TerminationCondition = maxTimeLimit
WARNING: Unexpected condition for the variable scen_13.K_i UB
problem.TerminationCondition = maxTimeLimit
WARNING: Unexpected condition for the variable scen_17.K_i UB
problem.TerminationCondition = maxTimeLimit
WARNING: Unexpected condition for the variable scen_17.K_i UB
problem.TerminationCondition = maxTimeLimit
WARNING: Unexpected condition for the variable scen_31.K_i UB
problem.TerminationCondition = maxTimeLimit
WARNING: Unexpected condition for the variable scen_31.K_i UB
problem.TerminationCondition = maxTimeLimit
WARNING: Unexpected condition for the variable scen_39.K_i UB
problem.TerminationCondition = maxTimeLimit
WARNING: Unexpected condition for the variable scen_40.K_i UB
problem.TerminationCondition = maxTimeLimit
WARNING: Unexpected condition for the variable scen_40.K_i UB
problem.TerminationCondition = maxTimeLimit
WARNING: Unexpected condition for the variable scen_42.K_i UB
problem.TerminationCondition = maxTimeLimit
        4830.328              24                                       0.9739461      0.98025977         0.6441%        0.006314              23
INFO: Gurobi maxTimeLimit on 'scen_1'. Using dual lower_bound=4.5823075 as valid LB.
INFO: Gurobi maxTimeLimit on 'scen_2'. Using dual lower_bound=4.828028 as valid LB.
INFO: Gurobi maxTimeLimit on 'scen_8'. Using dual lower_bound=4.8435234 as valid LB.
INFO: Gurobi maxTimeLimit on 'scen_9'. Using dual lower_bound=4.7349065 as valid LB.
INFO: Gurobi maxTimeLimit on 'scen_10'. Using dual lower_bound=5.1008916 as valid LB.
INFO: Gurobi maxTimeLimit on 'scen_12'. Using dual lower_bound=4.7978588 as valid LB.
INFO: Gurobi maxTimeLimit on 'scen_13'. Using dual lower_bound=4.4473297 as valid LB.
INFO: Gurobi maxTimeLimit on 'scen_15'. Using dual lower_bound=5.1572958 as valid LB.
INFO: Gurobi maxTimeLimit on 'scen_17'. Using dual lower_bound=4.8091283 as valid LB.
INFO: Gurobi maxTimeLimit on 'scen_18'. Using dual lower_bound=4.6567386 as valid LB.
INFO: Gurobi maxTimeLimit on 'scen_20'. Using dual lower_bound=4.7300085 as valid LB.
INFO: Gurobi maxTimeLimit on 'scen_21'. Using dual lower_bound=4.7142998 as valid LB.
INFO: Gurobi maxTimeLimit on 'scen_25'. Using dual lower_bound=4.727676 as valid LB.
INFO: Gurobi maxTimeLimit on 'scen_26'. Using dual lower_bound=4.770631 as valid LB.
INFO: Gurobi maxTimeLimit on 'scen_29'. Using dual lower_bound=4.1426716 as valid LB.
INFO: Gurobi maxTimeLimit on 'scen_33'. Using dual lower_bound=4.5907025 as valid LB.
INFO: Gurobi maxTimeLimit on 'scen_34'. Using dual lower_bound=4.5964749 as valid LB.
INFO: Gurobi maxTimeLimit on 'scen_39'. Using dual lower_bound=5.0070844 as valid LB.
INFO: Gurobi maxTimeLimit on 'scen_40'. Using dual lower_bound=4.9680116 as valid LB.
INFO: Gurobi maxTimeLimit on 'scen_41'. Using dual lower_bound=4.5976772 as valid LB.
INFO: Gurobi maxTimeLimit on 'scen_42'. Using dual lower_bound=4.7782533 as valid LB.
INFO: Gurobi maxTimeLimit on 'scen_43'. Using dual lower_bound=5.2062707 as valid LB.
INFO: Gurobi maxTimeLimit on 'scen_45'. Using dual lower_bound=4.6894863 as valid LB.
INFO: Gurobi maxTimeLimit on 'scen_46'. Using dual lower_bound=4.6966098 as valid LB.
INFO: Gurobi maxTimeLimit on 'scen_48'. Using dual lower_bound=4.7974244 as valid LB.
INFO: Gurobi maxTimeLimit on 'scen_50'. Using dual lower_bound=4.8945201 as valid LB.
        5518.474              25           Bound           * L        0.97398083      0.98025977         0.6405%        0.006279              22
        5574.775              26                                      0.97398083      0.98025977         0.6405%        0.006279              23
        5606.967              27                           * L        0.97398259      0.98025977         0.6404%        0.006277              24
         5653.13              28                                      0.97398259      0.98025977         0.6404%        0.006277              25
INFO: Gurobi maxTimeLimit on 'scen_29'. Using dual lower_bound=1.0639437 as valid LB.
INFO: Gurobi maxTimeLimit on 'scen_39'. Using dual lower_bound=0.9745057 as valid LB.
        5821.257              29                           * L        0.97418395      0.98025977         0.6198%        0.006076              26
        5947.104              30                                      0.97418395      0.98025977         0.6198%        0.006076              27
        6069.264              31                           * L        0.97421708      0.98025977         0.6164%        0.006043              28
        6117.888              32                                      0.97421708      0.98025977         0.6164%        0.006043              29
INFO: Gurobi maxTimeLimit on 'scen_3'. Using dual lower_bound=1.0426326 as valid LB.
INFO: Gurobi maxTimeLimit on 'scen_6'. Using dual lower_bound=1.0033295 as valid LB.
INFO: Gurobi maxTimeLimit on 'scen_8'. Using dual lower_bound=0.99984646 as valid LB.
INFO: Gurobi maxTimeLimit on 'scen_11'. Using dual lower_bound=1.0258063 as valid LB.
INFO: Gurobi maxTimeLimit on 'scen_29'. Using dual lower_bound=1.0588477 as valid LB.
INFO: Gurobi maxTimeLimit on 'scen_34'. Using dual lower_bound=1.0268835 as valid LB.
INFO: Gurobi maxTimeLimit on 'scen_36'. Using dual lower_bound=1.0471206 as valid LB.
INFO: Gurobi maxTimeLimit on 'scen_39'. Using dual lower_bound=0.97443031 as valid LB.
INFO: Gurobi maxTimeLimit on 'scen_43'. Using dual lower_bound=1.0779918 as valid LB.
        6333.011              33                           * L        0.97424148      0.98025977         0.6139%        0.006018              30
        6379.241              34                                      0.97424148      0.98025977         0.6139%        0.006018              31
INFO: Gurobi maxTimeLimit on 'scen_8'. Using dual lower_bound=1.0019343 as valid LB.
INFO: Gurobi maxTimeLimit on 'scen_34'. Using dual lower_bound=1.027088 as valid LB.
INFO: Gurobi maxTimeLimit on 'scen_39'. Using dual lower_bound=0.97443031 as valid LB.
         6531.46              35                           * L        0.97439344      0.98025977         0.5984%        0.005866              32
        6566.023              36           Bound                      0.97439344      0.98025977         0.5984%        0.005866              31
        6603.189              37                           * L        0.97442147      0.98025977         0.5956%        0.005838              32
INFO: Gurobi maxTimeLimit on 'scen_3'. Using dual lower_bound=1.0426326 as valid LB.
INFO: Gurobi maxTimeLimit on 'scen_8'. Using dual lower_bound=0.99984646 as valid LB.
INFO: Gurobi maxTimeLimit on 'scen_15'. Using dual lower_bound=1.0528905 as valid LB.
INFO: Gurobi maxTimeLimit on 'scen_25'. Using dual lower_bound=1.0435563 as valid LB.
INFO: Gurobi maxTimeLimit on 'scen_29'. Using dual lower_bound=1.0588477 as valid LB.
INFO: Gurobi maxTimeLimit on 'scen_34'. Using dual lower_bound=1.0268835 as valid LB.
INFO: Gurobi maxTimeLimit on 'scen_38'. Using dual lower_bound=0.9840422 as valid LB.
INFO: Gurobi maxTimeLimit on 'scen_39'. Using dual lower_bound=0.97443031 as valid LB.
INFO: Gurobi maxTimeLimit on 'scen_43'. Using dual lower_bound=1.0779918 as valid LB.
INFO: Gurobi maxTimeLimit on 'scen_46'. Using dual lower_bound=0.96188244 as valid LB.
        6983.602              38                                      0.97442147      0.98025977         0.5956%        0.005838              33
INFO: Gurobi maxTimeLimit on 'scen_3'. Using dual lower_bound=1.0426326 as valid LB.
INFO: Gurobi maxTimeLimit on 'scen_6'. Using dual lower_bound=1.0033295 as valid LB.
INFO: Gurobi maxTimeLimit on 'scen_8'. Using dual lower_bound=0.99984646 as valid LB.
INFO: Gurobi maxTimeLimit on 'scen_11'. Using dual lower_bound=1.0258063 as valid LB.
INFO: Gurobi maxTimeLimit on 'scen_13'. Using dual lower_bound=0.97292031 as valid LB.
INFO: Gurobi maxTimeLimit on 'scen_14'. Using dual lower_bound=0.98819046 as valid LB.
INFO: Gurobi maxTimeLimit on 'scen_15'. Using dual lower_bound=1.0528905 as valid LB.
INFO: Gurobi maxTimeLimit on 'scen_23'. Using dual lower_bound=0.99754587 as valid LB.
INFO: Gurobi maxTimeLimit on 'scen_25'. Using dual lower_bound=1.0435502 as valid LB.
INFO: Gurobi maxTimeLimit on 'scen_29'. Using dual lower_bound=1.0588477 as valid LB.
INFO: Gurobi maxTimeLimit on 'scen_33'. Using dual lower_bound=1.0927332 as valid LB.
INFO: Gurobi maxTimeLimit on 'scen_34'. Using dual lower_bound=1.0268835 as valid LB.
INFO: Gurobi maxTimeLimit on 'scen_36'. Using dual lower_bound=1.0471206 as valid LB.
INFO: Gurobi maxTimeLimit on 'scen_38'. Using dual lower_bound=0.9840422 as valid LB.
INFO: Gurobi maxTimeLimit on 'scen_39'. Using dual lower_bound=0.98209174 as valid LB.
INFO: Gurobi maxTimeLimit on 'scen_43'. Using dual lower_bound=1.1186417 as valid LB.
INFO: Gurobi maxTimeLimit on 'scen_46'. Using dual lower_bound=0.96515479 as valid LB.
INFO: Gurobi maxTimeLimit on 'scen_50'. Using dual lower_bound=0.99644752 as valid LB.
        7493.658              39                           * L         0.9744756      0.98025977         0.5901%        0.005784              34
        7571.983              40                                       0.9744756      0.98025977         0.5901%        0.005784              35
        7609.116              41           Bound           * L        0.97483218      0.98025977         0.5537%        0.005428              34
        7635.433              42                           * U        0.97483218      0.97979948          0.507%        0.004967              35
         7676.72              43                           * L        0.97487915      0.97979948         0.5022%         0.00492              36
INFO: Gurobi maxTimeLimit on 'scen_39'. Using dual lower_bound=0.97460508 as valid LB.
        7843.092              44                                      0.97487915      0.97979948         0.5022%         0.00492              37
INFO: Gurobi maxTimeLimit on 'scen_2'. Using dual lower_bound=3.4588479 as valid LB.
INFO: Gurobi maxTimeLimit on 'scen_3'. Using dual lower_bound=3.9570327 as valid LB.
INFO: Gurobi maxTimeLimit on 'scen_6'. Using dual lower_bound=3.1118288 as valid LB.
INFO: Gurobi maxTimeLimit on 'scen_10'. Using dual lower_bound=3.6907735 as valid LB.
INFO: Gurobi maxTimeLimit on 'scen_11'. Using dual lower_bound=3.7537104 as valid LB.
INFO: Gurobi maxTimeLimit on 'scen_12'. Using dual lower_bound=3.5257441 as valid LB.
INFO: Gurobi maxTimeLimit on 'scen_15'. Using dual lower_bound=3.897799 as valid LB.
INFO: Gurobi maxTimeLimit on 'scen_16'. Using dual lower_bound=3.4202781 as valid LB.
INFO: Gurobi maxTimeLimit on 'scen_17'. Using dual lower_bound=3.4551271 as valid LB.
INFO: Gurobi maxTimeLimit on 'scen_20'. Using dual lower_bound=3.3852184 as valid LB.
INFO: Gurobi maxTimeLimit on 'scen_21'. Using dual lower_bound=3.5272104 as valid LB.
INFO: Gurobi maxTimeLimit on 'scen_23'. Using dual lower_bound=3.3224692 as valid LB.
INFO: Gurobi maxTimeLimit on 'scen_25'. Using dual lower_bound=3.5019388 as valid LB.
INFO: Gurobi maxTimeLimit on 'scen_29'. Using dual lower_bound=3.1088132 as valid LB.
INFO: Gurobi maxTimeLimit on 'scen_33'. Using dual lower_bound=3.3397838 as valid LB.
INFO: Gurobi maxTimeLimit on 'scen_35'. Using dual lower_bound=3.4142267 as valid LB.
INFO: Gurobi maxTimeLimit on 'scen_39'. Using dual lower_bound=3.553623 as valid LB.
INFO: Gurobi maxTimeLimit on 'scen_40'. Using dual lower_bound=3.6353004 as valid LB.
INFO: Gurobi maxTimeLimit on 'scen_43'. Using dual lower_bound=3.7442554 as valid LB.
INFO: Gurobi maxTimeLimit on 'scen_47'. Using dual lower_bound=3.3807107 as valid LB.
        8546.021              45           Bound           * L        0.97491748      0.97979948         0.4983%        0.004882              36
INFO: Gurobi maxTimeLimit on 'scen_6'. Using dual lower_bound=1.0033295 as valid LB.
INFO: Gurobi maxTimeLimit on 'scen_8'. Using dual lower_bound=0.99984646 as valid LB.
INFO: Gurobi maxTimeLimit on 'scen_11'. Using dual lower_bound=1.0258063 as valid LB.
INFO: Gurobi maxTimeLimit on 'scen_29'. Using dual lower_bound=1.0588477 as valid LB.
INFO: Gurobi maxTimeLimit on 'scen_34'. Using dual lower_bound=1.0268835 as valid LB.
INFO: Gurobi maxTimeLimit on 'scen_36'. Using dual lower_bound=1.0471206 as valid LB.
INFO: Gurobi maxTimeLimit on 'scen_39'. Using dual lower_bound=0.97443031 as valid LB.
INFO: Gurobi maxTimeLimit on 'scen_43'. Using dual lower_bound=1.0779918 as valid LB.
        8722.444              46                                      0.97491748      0.97979948         0.4983%        0.004882              37
        8842.663              47           Bound           * L        0.97494322      0.97979948         0.4956%        0.004856              36
INFO: Gurobi maxTimeLimit on 'scen_39'. Using dual lower_bound=0.97569561 as valid LB.
        8937.465              48                                      0.97494322      0.97979948         0.4956%        0.004856              37
        8971.316              49                           * L        0.97505781      0.97979948         0.4839%        0.004742              38
        9007.548              50                                      0.97505781      0.97979948         0.4839%        0.004742              39
        9037.456              51                           * L U      0.97508736      0.97971574         0.4724%        0.004628              40
        9059.003              52                                      0.97508736      0.97971574         0.4724%        0.004628              41
        9080.996              53                           * L        0.97508746      0.97971574         0.4724%        0.004628              42
        9103.719              54                                      0.97508746      0.97971574         0.4724%        0.004628              43
        9125.932              55                           * L        0.97508772      0.97971574         0.4724%        0.004628              44
        9149.023              56                                      0.97508772      0.97971574         0.4724%        0.004628              45
        9170.067              57                           * L         0.9750896      0.97971574         0.4722%        0.004626              46
        9192.277              58                                       0.9750896      0.97971574         0.4722%        0.004626              47
        9213.507              59                           * L        0.97509047      0.97971574         0.4721%        0.004625              48
        9235.591              60                                      0.97509047      0.97971574         0.4721%        0.004625              49
        9256.978              61                           * L        0.97514595      0.97971574         0.4664%         0.00457              50
        9279.654              62                                      0.97514595      0.97971574         0.4664%         0.00457              51
        9301.266              63                           * L        0.97515005      0.97971574          0.466%        0.004566              52
         9327.01              64                                      0.97515005      0.97971574          0.466%        0.004566              53
         9351.24              65                           * L        0.97515142      0.97971574         0.4659%        0.004564              54
        9375.235              66                                      0.97515142      0.97971574         0.4659%        0.004564              55
        9396.856              67                           * L        0.97518052      0.97971574         0.4629%        0.004535              56
        9420.516              68                                      0.97518052      0.97971574         0.4629%        0.004535              57
        9443.494              69                           * L        0.97518619      0.97971574         0.4623%         0.00453              58
        9466.799              70                                      0.97518619      0.97971574         0.4623%         0.00453              59
        9488.911              71                           * L        0.97518724      0.97971574         0.4622%        0.004528              60
        9793.369              72           Bound                      0.97518724      0.97971574         0.4622%        0.004528              59
        9837.421              73                           * L        0.97518928      0.97971574          0.462%        0.004526              60
        9864.378              74                                      0.97518928      0.97971574          0.462%        0.004526              61
         9886.42              75                           * L        0.97518955      0.97971574          0.462%        0.004526              62
        9908.852              76                                      0.97518955      0.97971574          0.462%        0.004526              63
        9930.242              77                           * L        0.97519505      0.97971574         0.4614%        0.004521              64
        9965.685              78                                      0.97519505      0.97971574         0.4614%        0.004521              65
        9993.714              79                           * L        0.97519555      0.97971574         0.4614%         0.00452              66
       10016.271              80                                      0.97519555      0.97971574         0.4614%         0.00452              67
       10037.296              81                           * L        0.97519604      0.97971574         0.4613%         0.00452              68
       10062.574              82                                      0.97519604      0.97971574         0.4613%         0.00452              69
       10083.088              83                           * L        0.97521123      0.97971574         0.4598%        0.004505              70
       10107.255              84                                      0.97521123      0.97971574         0.4598%        0.004505              71
       10127.127              85                           * L        0.97521179      0.97971574         0.4597%        0.004504              72
INFO: Gurobi maxTimeLimit on 'scen_29'. Using dual lower_bound=1.0588477 as valid LB.
        10239.57              86                                      0.97521179      0.97971574         0.4597%        0.004504              73
INFO: Gurobi maxTimeLimit on 'scen_39'. Using dual lower_bound=0.97650275 as valid LB.
       10299.597              87                           * L        0.97521544      0.97971574         0.4593%          0.0045              74
       10322.371              88                                      0.97521544      0.97971574         0.4593%          0.0045              75
       10343.555              89                           * L        0.97522347      0.97971574         0.4585%        0.004492              76
       10366.673              90                                      0.97522347      0.97971574         0.4585%        0.004492              77
       10387.718              91                           * L        0.97522752      0.97971574         0.4581%        0.004488              78
       10410.683              92                                      0.97522752      0.97971574         0.4581%        0.004488              79
       10437.994              93                           * L        0.97522845      0.97971574          0.458%        0.004487              80
        10460.64              94                                      0.97522845      0.97971574          0.458%        0.004487              81
       10481.812              95                           * L        0.97523911      0.97971574         0.4569%        0.004477              82
       10506.586              96                                      0.97523911      0.97971574         0.4569%        0.004477              83
       10529.687              97                           * L        0.97524595      0.97971574         0.4562%         0.00447              84
       10550.824              98                                      0.97524595      0.97971574         0.4562%         0.00447              85
       10574.114              99                           * L        0.97524826      0.97971574          0.456%        0.004467              86
INFO: Gurobi maxTimeLimit on 'scen_3'. Using dual lower_bound=1.0426326 as valid LB.
INFO: Gurobi maxTimeLimit on 'scen_6'. Using dual lower_bound=1.0033295 as valid LB.
INFO: Gurobi maxTimeLimit on 'scen_8'. Using dual lower_bound=0.99984646 as valid LB.
INFO: Gurobi maxTimeLimit on 'scen_11'. Using dual lower_bound=1.0258063 as valid LB.
INFO: Gurobi maxTimeLimit on 'scen_25'. Using dual lower_bound=1.0435502 as valid LB.
INFO: Gurobi maxTimeLimit on 'scen_29'. Using dual lower_bound=1.0588477 as valid LB.
INFO: Gurobi maxTimeLimit on 'scen_33'. Using dual lower_bound=1.0927332 as valid LB.
INFO: Gurobi maxTimeLimit on 'scen_34'. Using dual lower_bound=1.0268835 as valid LB.
INFO: Gurobi maxTimeLimit on 'scen_36'. Using dual lower_bound=1.0471206 as valid LB.
INFO: Gurobi maxTimeLimit on 'scen_39'. Using dual lower_bound=0.97443031 as valid LB.
INFO: Gurobi maxTimeLimit on 'scen_43'. Using dual lower_bound=1.0779918 as valid LB.
       10852.109             100                                      0.97524826      0.97971574          0.456%        0.004467              87
        11075.81             101           Bound           * L        0.97525422      0.97971574         0.4554%        0.004462              86
       11106.614             102                                      0.97525422      0.97971574         0.4554%        0.004462              87
       11135.091             103                           * L        0.97525882      0.97971574         0.4549%        0.004457              88
       11156.527             104                                      0.97525882      0.97971574         0.4549%        0.004457              89
       11180.625             105                           * L        0.97527051      0.97971574         0.4537%        0.004445              90
       11204.751             106                                      0.97527051      0.97971574         0.4537%        0.004445              91
         11228.3             107                           * L        0.97528085      0.97971574         0.4527%        0.004435              92
       11251.769             108                                      0.97528085      0.97971574         0.4527%        0.004435              93
       11276.041             109                           * L        0.97528433      0.97971574         0.4523%        0.004431              94
       11306.211             110                                      0.97528433      0.97971574         0.4523%        0.004431              95
       11330.395             111                           * L        0.97528564      0.97971574         0.4522%         0.00443              96
       11366.369             112                                      0.97528564      0.97971574         0.4522%         0.00443              97
       11395.278             113                           * L        0.97528858      0.97971574         0.4519%        0.004427              98
       11419.016             114                                      0.97528858      0.97971574         0.4519%        0.004427              99
       11441.147             115                           * L        0.97529566      0.97971574         0.4512%         0.00442             100
       11463.914             116                                      0.97529566      0.97971574         0.4512%         0.00442             101
       11486.241             117                           * L        0.97529672      0.97971574         0.4511%        0.004419             102
       11509.855             118                                      0.97529672      0.97971574         0.4511%        0.004419             103
       11532.696             119                           * L        0.97530388      0.97971574         0.4503%        0.004412             104
       11556.255             120                                      0.97530388      0.97971574         0.4503%        0.004412             105
       11577.888             121                           * L        0.97530406      0.97971574         0.4503%        0.004412             106
       11601.559             122                                      0.97530406      0.97971574         0.4503%        0.004412             107
       11621.972             123                           * L        0.97530648      0.97971574         0.4501%        0.004409             108
       11645.346             124                                      0.97530648      0.97971574         0.4501%        0.004409             109
       11668.304             125                           * L        0.97531233      0.97971574         0.4495%        0.004403             110
       11690.829             126                                      0.97531233      0.97971574         0.4495%        0.004403             111
       11714.566             127                           * L        0.97531235      0.97971574         0.4495%        0.004403             112
         11738.5             128                                      0.97531235      0.97971574         0.4495%        0.004403             113
       11760.982             129                           * L        0.97531694      0.97971574          0.449%        0.004399             114
       11785.129             130                                      0.97531694      0.97971574          0.449%        0.004399             115
       11807.945             131                           * L        0.97531867      0.97971574         0.4488%        0.004397             116
       11830.922             132                                      0.97531867      0.97971574         0.4488%        0.004397             117
