JobID: 22262160
Node:  fc30608
Start: Sun Feb  8 13:19:06 PST 2026
Work:  /home/yinhuang/snoglode-main-2-ori-record3/examples/stochastic_pid
-rw-r----- 1 yinhuang yinhuang 17K Feb  8 13:16 /home/yinhuang/snoglode-main-2-ori-record3/examples/stochastic_pid/stochastic_pid.py
Python: /home/yinhuang/micromamba/envs/pidsp-sim-fir/bin/python
Python 3.11.14
No mpi4py detected - running in serial.
--------------------------------------------------
SNoGloDe Solver Parameters
--------------------------------------------------

Subproblem Names:
  - scen_1
  - scen_2
  - scen_3
  - scen_4
  - scen_5
  - scen_6
  - scen_7
  - scen_8
  - scen_9
  - scen_10
  - scen_11
  - scen_12
  - scen_13
  - scen_14
  - scen_15
  - scen_16
  - scen_17
  - scen_18
  - scen_19
  - scen_20
  - scen_21
  - scen_22
  - scen_23
  - scen_24
  - scen_25
  - scen_26
  - scen_27
  - scen_28
  - scen_29
  - scen_30
  - scen_31
  - scen_32
  - scen_33
  - scen_34
  - scen_35
  - scen_36
  - scen_37
  - scen_38
  - scen_39
  - scen_40
  - scen_41
  - scen_42
  - scen_43
  - scen_44
  - scen_45
  - scen_46
  - scen_47
  - scen_48
  - scen_49
  - scen_50
Total # subproblems: 50

LB solver: gurobi
UB solver: gurobi
CG solver: ipopt

Global convergance guaranteed: True
Epsilon: 0.001
Perform FBBT: True
Perform OBBT: True
Relax binaries at LB: False
Relax integers at LB: False

Bounder Information
  - Lower Bounder: GurobiLBLowerBounder
  - Candidate Generator: SolveExtensiveForm

Queuing strategy: QueueStrategy.bound
Using a node feasibility checker? : False

Branching Information
  - Selection Strategy: HybridBranching
  - Partition Strategy: ExpectedValue

Verbose: True
No log file generated.

--------------------------------------------------
Generating the models for the subproblems.
	Scenario scen_1 has 3 first stage vars.
	Scenario scen_2 has 3 first stage vars.
	Scenario scen_3 has 3 first stage vars.
	Scenario scen_4 has 3 first stage vars.
	Scenario scen_5 has 3 first stage vars.
	Scenario scen_6 has 3 first stage vars.
	Scenario scen_7 has 3 first stage vars.
	Scenario scen_8 has 3 first stage vars.
	Scenario scen_9 has 3 first stage vars.
	Scenario scen_10 has 3 first stage vars.
	Scenario scen_11 has 3 first stage vars.
	Scenario scen_12 has 3 first stage vars.
	Scenario scen_13 has 3 first stage vars.
	Scenario scen_14 has 3 first stage vars.
	Scenario scen_15 has 3 first stage vars.
	Scenario scen_16 has 3 first stage vars.
	Scenario scen_17 has 3 first stage vars.
	Scenario scen_18 has 3 first stage vars.
	Scenario scen_19 has 3 first stage vars.
	Scenario scen_20 has 3 first stage vars.
	Scenario scen_21 has 3 first stage vars.
	Scenario scen_22 has 3 first stage vars.
	Scenario scen_23 has 3 first stage vars.
	Scenario scen_24 has 3 first stage vars.
	Scenario scen_25 has 3 first stage vars.
	Scenario scen_26 has 3 first stage vars.
	Scenario scen_27 has 3 first stage vars.
	Scenario scen_28 has 3 first stage vars.
	Scenario scen_29 has 3 first stage vars.
	Scenario scen_30 has 3 first stage vars.
	Scenario scen_31 has 3 first stage vars.
	Scenario scen_32 has 3 first stage vars.
	Scenario scen_33 has 3 first stage vars.
	Scenario scen_34 has 3 first stage vars.
	Scenario scen_35 has 3 first stage vars.
	Scenario scen_36 has 3 first stage vars.
	Scenario scen_37 has 3 first stage vars.
	Scenario scen_38 has 3 first stage vars.
	Scenario scen_39 has 3 first stage vars.
	Scenario scen_40 has 3 first stage vars.
	Scenario scen_41 has 3 first stage vars.
	Scenario scen_42 has 3 first stage vars.
	Scenario scen_43 has 3 first stage vars.
	Scenario scen_44 has 3 first stage vars.
	Scenario scen_45 has 3 first stage vars.
	Scenario scen_46 has 3 first stage vars.
	Scenario scen_47 has 3 first stage vars.
	Scenario scen_48 has 3 first stage vars.
	Scenario scen_49 has 3 first stage vars.
	Scenario scen_50 has 3 first stage vars.
Finished generating subproblem models.
Node rooted.
Using EF method for candidate solution. No EF bound. Building EF.
EF built.
INFO: Gurobi maxTimeLimit on 'scen_2'. Using dual lower_bound=0.95495724 as valid LB.
INFO: Gurobi maxTimeLimit on 'scen_3'. Using dual lower_bound=1.0427155 as valid LB.
INFO: Gurobi maxTimeLimit on 'scen_4'. Using dual lower_bound=0.96494524 as valid LB.
INFO: Gurobi maxTimeLimit on 'scen_6'. Using dual lower_bound=1.0033295 as valid LB.
INFO: Gurobi maxTimeLimit on 'scen_8'. Using dual lower_bound=0.99984646 as valid LB.
INFO: Gurobi maxTimeLimit on 'scen_9'. Using dual lower_bound=0.95491982 as valid LB.
INFO: Gurobi maxTimeLimit on 'scen_10'. Using dual lower_bound=0.9611717 as valid LB.
INFO: Gurobi maxTimeLimit on 'scen_11'. Using dual lower_bound=1.0258063 as valid LB.
INFO: Gurobi maxTimeLimit on 'scen_12'. Using dual lower_bound=0.95075021 as valid LB.
INFO: Gurobi maxTimeLimit on 'scen_13'. Using dual lower_bound=0.97102637 as valid LB.
INFO: Gurobi maxTimeLimit on 'scen_14'. Using dual lower_bound=0.98819046 as valid LB.
INFO: Gurobi maxTimeLimit on 'scen_15'. Using dual lower_bound=1.0528905 as valid LB.
INFO: Gurobi maxTimeLimit on 'scen_16'. Using dual lower_bound=0.95262769 as valid LB.
INFO: Gurobi maxTimeLimit on 'scen_17'. Using dual lower_bound=0.95177323 as valid LB.
INFO: Gurobi maxTimeLimit on 'scen_19'. Using dual lower_bound=0.94663802 as valid LB.
INFO: Gurobi maxTimeLimit on 'scen_20'. Using dual lower_bound=0.94759163 as valid LB.
INFO: Gurobi maxTimeLimit on 'scen_21'. Using dual lower_bound=0.95735324 as valid LB.
INFO: Gurobi maxTimeLimit on 'scen_23'. Using dual lower_bound=0.99754587 as valid LB.
INFO: Gurobi maxTimeLimit on 'scen_24'. Using dual lower_bound=0.96046053 as valid LB.
INFO: Gurobi maxTimeLimit on 'scen_25'. Using dual lower_bound=1.0435502 as valid LB.
INFO: Gurobi maxTimeLimit on 'scen_29'. Using dual lower_bound=1.0589002 as valid LB.
INFO: Gurobi maxTimeLimit on 'scen_30'. Using dual lower_bound=0.9638849 as valid LB.
INFO: Gurobi maxTimeLimit on 'scen_34'. Using dual lower_bound=1.0268835 as valid LB.
INFO: Gurobi maxTimeLimit on 'scen_36'. Using dual lower_bound=1.0471206 as valid LB.
INFO: Gurobi maxTimeLimit on 'scen_37'. Using dual lower_bound=0.95434208 as valid LB.
INFO: Gurobi maxTimeLimit on 'scen_38'. Using dual lower_bound=0.9840422 as valid LB.
INFO: Gurobi maxTimeLimit on 'scen_39'. Using dual lower_bound=0.97443031 as valid LB.
INFO: Gurobi maxTimeLimit on 'scen_40'. Using dual lower_bound=0.96535142 as valid LB.
INFO: Gurobi maxTimeLimit on 'scen_42'. Using dual lower_bound=0.94989515 as valid LB.
INFO: Gurobi maxTimeLimit on 'scen_43'. Using dual lower_bound=1.0779918 as valid LB.
INFO: Gurobi maxTimeLimit on 'scen_45'. Using dual lower_bound=0.95182759 as valid LB.
INFO: Gurobi maxTimeLimit on 'scen_46'. Using dual lower_bound=0.96188244 as valid LB.
INFO: Gurobi maxTimeLimit on 'scen_50'. Using dual lower_bound=0.9952461 as valid LB.
        Time (s)  Nodes Explored       Pruned by                              LB              UB        Rel. Gap        Abs. Gap         # Nodes
---------------------------------------------------------------------------------------------------------------------------------------------------------------------------
        1073.329               1                           * L        0.97528385             inf            inf%             inf               2
INFO: Gurobi maxTimeLimit on 'scen_2'. Using dual lower_bound=0.95495724 as valid LB.
INFO: Gurobi maxTimeLimit on 'scen_3'. Using dual lower_bound=1.0427155 as valid LB.
INFO: Gurobi maxTimeLimit on 'scen_4'. Using dual lower_bound=0.96661987 as valid LB.
INFO: Gurobi maxTimeLimit on 'scen_6'. Using dual lower_bound=1.0033295 as valid LB.
INFO: Gurobi maxTimeLimit on 'scen_8'. Using dual lower_bound=0.99984646 as valid LB.
INFO: Gurobi maxTimeLimit on 'scen_9'. Using dual lower_bound=0.95491982 as valid LB.
INFO: Gurobi maxTimeLimit on 'scen_10'. Using dual lower_bound=0.9611717 as valid LB.
INFO: Gurobi maxTimeLimit on 'scen_11'. Using dual lower_bound=1.0258063 as valid LB.
INFO: Gurobi maxTimeLimit on 'scen_13'. Using dual lower_bound=0.97102637 as valid LB.
INFO: Gurobi maxTimeLimit on 'scen_14'. Using dual lower_bound=0.98819046 as valid LB.
INFO: Gurobi maxTimeLimit on 'scen_15'. Using dual lower_bound=1.0528905 as valid LB.
INFO: Gurobi maxTimeLimit on 'scen_17'. Using dual lower_bound=0.95177323 as valid LB.
INFO: Gurobi maxTimeLimit on 'scen_19'. Using dual lower_bound=0.94663802 as valid LB.
INFO: Gurobi maxTimeLimit on 'scen_20'. Using dual lower_bound=0.94759163 as valid LB.
INFO: Gurobi maxTimeLimit on 'scen_23'. Using dual lower_bound=0.99754587 as valid LB.
INFO: Gurobi maxTimeLimit on 'scen_24'. Using dual lower_bound=0.96046053 as valid LB.
INFO: Gurobi maxTimeLimit on 'scen_25'. Using dual lower_bound=1.0435502 as valid LB.
INFO: Gurobi maxTimeLimit on 'scen_29'. Using dual lower_bound=1.0589002 as valid LB.
INFO: Gurobi maxTimeLimit on 'scen_30'. Using dual lower_bound=0.9638849 as valid LB.
INFO: Gurobi maxTimeLimit on 'scen_34'. Using dual lower_bound=1.0268835 as valid LB.
INFO: Gurobi maxTimeLimit on 'scen_36'. Using dual lower_bound=1.0471206 as valid LB.
INFO: Gurobi maxTimeLimit on 'scen_37'. Using dual lower_bound=0.95434208 as valid LB.
INFO: Gurobi maxTimeLimit on 'scen_38'. Using dual lower_bound=0.9840422 as valid LB.
INFO: Gurobi maxTimeLimit on 'scen_39'. Using dual lower_bound=0.97443031 as valid LB.
INFO: Gurobi maxTimeLimit on 'scen_40'. Using dual lower_bound=0.96535142 as valid LB.
INFO: Gurobi maxTimeLimit on 'scen_43'. Using dual lower_bound=1.0779918 as valid LB.
INFO: Gurobi maxTimeLimit on 'scen_45'. Using dual lower_bound=0.95182759 as valid LB.
INFO: Gurobi maxTimeLimit on 'scen_46'. Using dual lower_bound=0.96188244 as valid LB.
INFO: Gurobi maxTimeLimit on 'scen_50'. Using dual lower_bound=0.9952461 as valid LB.
        2119.529               2                                      0.97528385             inf            inf%             inf               3
INFO: Gurobi maxTimeLimit on 'scen_2'. Using dual lower_bound=0.95495724 as valid LB.
INFO: Gurobi maxTimeLimit on 'scen_3'. Using dual lower_bound=1.0427155 as valid LB.
INFO: Gurobi maxTimeLimit on 'scen_6'. Using dual lower_bound=1.0033295 as valid LB.
INFO: Gurobi maxTimeLimit on 'scen_8'. Using dual lower_bound=0.99984646 as valid LB.
INFO: Gurobi maxTimeLimit on 'scen_10'. Using dual lower_bound=0.9611717 as valid LB.
INFO: Gurobi maxTimeLimit on 'scen_11'. Using dual lower_bound=1.0258063 as valid LB.
INFO: Gurobi maxTimeLimit on 'scen_13'. Using dual lower_bound=0.97102637 as valid LB.
INFO: Gurobi maxTimeLimit on 'scen_14'. Using dual lower_bound=0.98819046 as valid LB.
INFO: Gurobi maxTimeLimit on 'scen_21'. Using dual lower_bound=0.95735324 as valid LB.
INFO: Gurobi maxTimeLimit on 'scen_23'. Using dual lower_bound=0.99754587 as valid LB.
INFO: Gurobi maxTimeLimit on 'scen_24'. Using dual lower_bound=0.96046053 as valid LB.
INFO: Gurobi maxTimeLimit on 'scen_25'. Using dual lower_bound=1.0496452 as valid LB.
INFO: Gurobi maxTimeLimit on 'scen_29'. Using dual lower_bound=1.066884 as valid LB.
INFO: Gurobi maxTimeLimit on 'scen_30'. Using dual lower_bound=0.9638849 as valid LB.
INFO: Gurobi maxTimeLimit on 'scen_33'. Using dual lower_bound=1.1046803 as valid LB.
INFO: Gurobi maxTimeLimit on 'scen_34'. Using dual lower_bound=1.0268835 as valid LB.
INFO: Gurobi maxTimeLimit on 'scen_35'. Using dual lower_bound=0.96497806 as valid LB.
INFO: Gurobi maxTimeLimit on 'scen_36'. Using dual lower_bound=1.0471206 as valid LB.
INFO: Gurobi maxTimeLimit on 'scen_38'. Using dual lower_bound=0.9840422 as valid LB.
INFO: Gurobi maxTimeLimit on 'scen_39'. Using dual lower_bound=0.97443031 as valid LB.
INFO: Gurobi maxTimeLimit on 'scen_42'. Using dual lower_bound=0.94989515 as valid LB.
INFO: Gurobi maxTimeLimit on 'scen_46'. Using dual lower_bound=0.96188244 as valid LB.
INFO: Gurobi maxTimeLimit on 'scen_48'. Using dual lower_bound=0.94842116 as valid LB.
INFO: Gurobi maxTimeLimit on 'scen_50'. Using dual lower_bound=0.9952461 as valid LB.
        3141.401               3                           * L        0.97549497             inf            inf%             inf               4
INFO: Gurobi maxTimeLimit on 'scen_2'. Using dual lower_bound=0.95495724 as valid LB.
INFO: Gurobi maxTimeLimit on 'scen_3'. Using dual lower_bound=1.0427155 as valid LB.
INFO: Gurobi maxTimeLimit on 'scen_4'. Using dual lower_bound=0.96661987 as valid LB.
INFO: Gurobi maxTimeLimit on 'scen_6'. Using dual lower_bound=1.0033295 as valid LB.
INFO: Gurobi maxTimeLimit on 'scen_8'. Using dual lower_bound=0.99984646 as valid LB.
INFO: Gurobi maxTimeLimit on 'scen_11'. Using dual lower_bound=1.0258063 as valid LB.
INFO: Gurobi maxTimeLimit on 'scen_14'. Using dual lower_bound=0.98819046 as valid LB.
INFO: Gurobi maxTimeLimit on 'scen_15'. Using dual lower_bound=1.0528905 as valid LB.
INFO: Gurobi maxTimeLimit on 'scen_17'. Using dual lower_bound=0.95177323 as valid LB.
INFO: Gurobi maxTimeLimit on 'scen_20'. Using dual lower_bound=0.94759163 as valid LB.
INFO: Gurobi maxTimeLimit on 'scen_23'. Using dual lower_bound=0.99754587 as valid LB.
INFO: Gurobi maxTimeLimit on 'scen_24'. Using dual lower_bound=0.96046053 as valid LB.
INFO: Gurobi maxTimeLimit on 'scen_25'. Using dual lower_bound=1.0435502 as valid LB.
INFO: Gurobi maxTimeLimit on 'scen_29'. Using dual lower_bound=1.0589002 as valid LB.
INFO: Gurobi maxTimeLimit on 'scen_30'. Using dual lower_bound=0.9638849 as valid LB.
INFO: Gurobi maxTimeLimit on 'scen_34'. Using dual lower_bound=1.0268835 as valid LB.
INFO: Gurobi maxTimeLimit on 'scen_36'. Using dual lower_bound=1.0471206 as valid LB.
INFO: Gurobi maxTimeLimit on 'scen_37'. Using dual lower_bound=0.95434208 as valid LB.
INFO: Gurobi maxTimeLimit on 'scen_38'. Using dual lower_bound=0.9840422 as valid LB.
INFO: Gurobi maxTimeLimit on 'scen_39'. Using dual lower_bound=0.97443031 as valid LB.
INFO: Gurobi maxTimeLimit on 'scen_43'. Using dual lower_bound=1.0779918 as valid LB.
INFO: Gurobi maxTimeLimit on 'scen_45'. Using dual lower_bound=0.95182759 as valid LB.
INFO: Gurobi maxTimeLimit on 'scen_46'. Using dual lower_bound=0.96188244 as valid LB.
INFO: Gurobi maxTimeLimit on 'scen_50'. Using dual lower_bound=0.9952461 as valid LB.
        4009.632               4                                      0.97549497             inf            inf%             inf               5
INFO: Gurobi maxTimeLimit on 'scen_3'. Using dual lower_bound=1.0427155 as valid LB.
INFO: Gurobi maxTimeLimit on 'scen_6'. Using dual lower_bound=1.0033295 as valid LB.
INFO: Gurobi maxTimeLimit on 'scen_14'. Using dual lower_bound=0.98819046 as valid LB.
INFO: Gurobi maxTimeLimit on 'scen_15'. Using dual lower_bound=1.0528905 as valid LB.
INFO: Gurobi maxTimeLimit on 'scen_21'. Using dual lower_bound=0.95873321 as valid LB.
INFO: Gurobi maxTimeLimit on 'scen_23'. Using dual lower_bound=0.99754587 as valid LB.
INFO: Gurobi maxTimeLimit on 'scen_25'. Using dual lower_bound=1.0435502 as valid LB.
INFO: Gurobi maxTimeLimit on 'scen_29'. Using dual lower_bound=1.0589002 as valid LB.
INFO: Gurobi maxTimeLimit on 'scen_33'. Using dual lower_bound=1.1046803 as valid LB.
INFO: Gurobi maxTimeLimit on 'scen_34'. Using dual lower_bound=1.0330122 as valid LB.
INFO: Gurobi maxTimeLimit on 'scen_36'. Using dual lower_bound=1.0471206 as valid LB.
INFO: Gurobi maxTimeLimit on 'scen_38'. Using dual lower_bound=0.9840422 as valid LB.
INFO: Gurobi maxTimeLimit on 'scen_43'. Using dual lower_bound=1.0779918 as valid LB.
INFO: Gurobi maxTimeLimit on 'scen_50'. Using dual lower_bound=0.9952461 as valid LB.
        4817.999               5                           * L        0.97575252             inf            inf%             inf               6
INFO: Gurobi maxTimeLimit on 'scen_2'. Using dual lower_bound=0.95495724 as valid LB.
INFO: Gurobi maxTimeLimit on 'scen_3'. Using dual lower_bound=1.0427155 as valid LB.
INFO: Gurobi maxTimeLimit on 'scen_6'. Using dual lower_bound=1.0033295 as valid LB.
INFO: Gurobi maxTimeLimit on 'scen_8'. Using dual lower_bound=0.99984646 as valid LB.
INFO: Gurobi maxTimeLimit on 'scen_14'. Using dual lower_bound=0.98819046 as valid LB.
INFO: Gurobi maxTimeLimit on 'scen_15'. Using dual lower_bound=1.0528905 as valid LB.
INFO: Gurobi maxTimeLimit on 'scen_17'. Using dual lower_bound=0.95177323 as valid LB.
INFO: Gurobi maxTimeLimit on 'scen_20'. Using dual lower_bound=0.9485515 as valid LB.
INFO: Gurobi maxTimeLimit on 'scen_23'. Using dual lower_bound=0.99754587 as valid LB.
INFO: Gurobi maxTimeLimit on 'scen_24'. Using dual lower_bound=0.96046053 as valid LB.
INFO: Gurobi maxTimeLimit on 'scen_25'. Using dual lower_bound=1.0435502 as valid LB.
INFO: Gurobi maxTimeLimit on 'scen_29'. Using dual lower_bound=1.0589002 as valid LB.
INFO: Gurobi maxTimeLimit on 'scen_30'. Using dual lower_bound=0.9638849 as valid LB.
INFO: Gurobi maxTimeLimit on 'scen_34'. Using dual lower_bound=1.0268835 as valid LB.
INFO: Gurobi maxTimeLimit on 'scen_36'. Using dual lower_bound=1.0471206 as valid LB.
INFO: Gurobi maxTimeLimit on 'scen_37'. Using dual lower_bound=0.95434208 as valid LB.
INFO: Gurobi maxTimeLimit on 'scen_38'. Using dual lower_bound=0.9840422 as valid LB.
INFO: Gurobi maxTimeLimit on 'scen_39'. Using dual lower_bound=0.97443031 as valid LB.
INFO: Gurobi maxTimeLimit on 'scen_43'. Using dual lower_bound=1.0779918 as valid LB.
INFO: Gurobi maxTimeLimit on 'scen_45'. Using dual lower_bound=0.95182759 as valid LB.
INFO: Gurobi maxTimeLimit on 'scen_46'. Using dual lower_bound=0.96188244 as valid LB.
INFO: Gurobi maxTimeLimit on 'scen_50'. Using dual lower_bound=0.9952461 as valid LB.
        5617.867               6                                      0.97575252             inf            inf%             inf               7
INFO: Gurobi maxTimeLimit on 'scen_2'. Using dual lower_bound=0.95495724 as valid LB.
INFO: Gurobi maxTimeLimit on 'scen_3'. Using dual lower_bound=1.0427155 as valid LB.
INFO: Gurobi maxTimeLimit on 'scen_4'. Using dual lower_bound=0.96661987 as valid LB.
INFO: Gurobi maxTimeLimit on 'scen_6'. Using dual lower_bound=1.0033295 as valid LB.
INFO: Gurobi maxTimeLimit on 'scen_8'. Using dual lower_bound=0.99984646 as valid LB.
INFO: Gurobi maxTimeLimit on 'scen_11'. Using dual lower_bound=1.0258063 as valid LB.
INFO: Gurobi maxTimeLimit on 'scen_14'. Using dual lower_bound=0.98819046 as valid LB.
INFO: Gurobi maxTimeLimit on 'scen_15'. Using dual lower_bound=1.0528905 as valid LB.
INFO: Gurobi maxTimeLimit on 'scen_16'. Using dual lower_bound=0.95363602 as valid LB.
INFO: Gurobi maxTimeLimit on 'scen_17'. Using dual lower_bound=0.95177323 as valid LB.
INFO: Gurobi maxTimeLimit on 'scen_20'. Using dual lower_bound=0.94759163 as valid LB.
INFO: Gurobi maxTimeLimit on 'scen_21'. Using dual lower_bound=0.95873321 as valid LB.
INFO: Gurobi maxTimeLimit on 'scen_23'. Using dual lower_bound=0.99754587 as valid LB.
INFO: Gurobi maxTimeLimit on 'scen_24'. Using dual lower_bound=0.96046053 as valid LB.
INFO: Gurobi maxTimeLimit on 'scen_25'. Using dual lower_bound=1.0435502 as valid LB.
INFO: Gurobi maxTimeLimit on 'scen_29'. Using dual lower_bound=1.0589002 as valid LB.
INFO: Gurobi maxTimeLimit on 'scen_30'. Using dual lower_bound=0.9638849 as valid LB.
INFO: Gurobi maxTimeLimit on 'scen_33'. Using dual lower_bound=1.1046803 as valid LB.
INFO: Gurobi maxTimeLimit on 'scen_34'. Using dual lower_bound=1.0268835 as valid LB.
INFO: Gurobi maxTimeLimit on 'scen_36'. Using dual lower_bound=1.0471206 as valid LB.
INFO: Gurobi maxTimeLimit on 'scen_37'. Using dual lower_bound=0.95434208 as valid LB.
INFO: Gurobi maxTimeLimit on 'scen_38'. Using dual lower_bound=0.9840422 as valid LB.
INFO: Gurobi maxTimeLimit on 'scen_39'. Using dual lower_bound=0.97443031 as valid LB.
INFO: Gurobi maxTimeLimit on 'scen_43'. Using dual lower_bound=1.0779918 as valid LB.
INFO: Gurobi maxTimeLimit on 'scen_45'. Using dual lower_bound=0.95182759 as valid LB.
INFO: Gurobi maxTimeLimit on 'scen_46'. Using dual lower_bound=0.96188244 as valid LB.
        6569.671               7                           * L        0.97584171             inf            inf%             inf               8
INFO: Gurobi maxTimeLimit on 'scen_2'. Using dual lower_bound=0.95495724 as valid LB.
INFO: Gurobi maxTimeLimit on 'scen_3'. Using dual lower_bound=1.0427155 as valid LB.
INFO: Gurobi maxTimeLimit on 'scen_4'. Using dual lower_bound=0.96661987 as valid LB.
INFO: Gurobi maxTimeLimit on 'scen_6'. Using dual lower_bound=1.0033295 as valid LB.
INFO: Gurobi maxTimeLimit on 'scen_8'. Using dual lower_bound=0.99984646 as valid LB.
INFO: Gurobi maxTimeLimit on 'scen_11'. Using dual lower_bound=1.0258063 as valid LB.
INFO: Gurobi maxTimeLimit on 'scen_14'. Using dual lower_bound=0.98819046 as valid LB.
INFO: Gurobi maxTimeLimit on 'scen_15'. Using dual lower_bound=1.0528905 as valid LB.
INFO: Gurobi maxTimeLimit on 'scen_20'. Using dual lower_bound=0.94817448 as valid LB.
INFO: Gurobi maxTimeLimit on 'scen_21'. Using dual lower_bound=0.95873321 as valid LB.
INFO: Gurobi maxTimeLimit on 'scen_23'. Using dual lower_bound=0.99754587 as valid LB.
INFO: Gurobi maxTimeLimit on 'scen_25'. Using dual lower_bound=1.0435502 as valid LB.
INFO: Gurobi maxTimeLimit on 'scen_29'. Using dual lower_bound=1.0589002 as valid LB.
INFO: Gurobi maxTimeLimit on 'scen_30'. Using dual lower_bound=0.9638849 as valid LB.
INFO: Gurobi maxTimeLimit on 'scen_33'. Using dual lower_bound=1.1046803 as valid LB.
INFO: Gurobi maxTimeLimit on 'scen_34'. Using dual lower_bound=1.0268835 as valid LB.
INFO: Gurobi maxTimeLimit on 'scen_36'. Using dual lower_bound=1.0471206 as valid LB.
INFO: Gurobi maxTimeLimit on 'scen_37'. Using dual lower_bound=0.95434208 as valid LB.
INFO: Gurobi maxTimeLimit on 'scen_38'. Using dual lower_bound=0.9840422 as valid LB.
INFO: Gurobi maxTimeLimit on 'scen_43'. Using dual lower_bound=1.0779918 as valid LB.
INFO: Gurobi maxTimeLimit on 'scen_45'. Using dual lower_bound=0.95182759 as valid LB.
INFO: Gurobi maxTimeLimit on 'scen_46'. Using dual lower_bound=0.96188244 as valid LB.
        7414.204               8                           * U        0.97584171        3.004784        67.5237%        2.028942               9
INFO: Gurobi maxTimeLimit on 'scen_2'. Using dual lower_bound=0.95495724 as valid LB.
INFO: Gurobi maxTimeLimit on 'scen_3'. Using dual lower_bound=1.0456956 as valid LB.
INFO: Gurobi maxTimeLimit on 'scen_6'. Using dual lower_bound=1.0033295 as valid LB.
INFO: Gurobi maxTimeLimit on 'scen_8'. Using dual lower_bound=0.99984646 as valid LB.
INFO: Gurobi maxTimeLimit on 'scen_10'. Using dual lower_bound=0.96431807 as valid LB.
INFO: Gurobi maxTimeLimit on 'scen_11'. Using dual lower_bound=1.0258063 as valid LB.
INFO: Gurobi maxTimeLimit on 'scen_14'. Using dual lower_bound=0.98819046 as valid LB.
INFO: Gurobi maxTimeLimit on 'scen_15'. Using dual lower_bound=1.0528905 as valid LB.
INFO: Gurobi maxTimeLimit on 'scen_20'. Using dual lower_bound=0.94759163 as valid LB.
INFO: Gurobi maxTimeLimit on 'scen_23'. Using dual lower_bound=0.99754587 as valid LB.
INFO: Gurobi maxTimeLimit on 'scen_24'. Using dual lower_bound=0.96046053 as valid LB.
INFO: Gurobi maxTimeLimit on 'scen_25'. Using dual lower_bound=1.0435502 as valid LB.
INFO: Gurobi maxTimeLimit on 'scen_29'. Using dual lower_bound=1.0589002 as valid LB.
INFO: Gurobi maxTimeLimit on 'scen_30'. Using dual lower_bound=0.9638849 as valid LB.
INFO: Gurobi maxTimeLimit on 'scen_34'. Using dual lower_bound=1.0268835 as valid LB.
INFO: Gurobi maxTimeLimit on 'scen_36'. Using dual lower_bound=1.0471206 as valid LB.
INFO: Gurobi maxTimeLimit on 'scen_38'. Using dual lower_bound=0.9840422 as valid LB.
INFO: Gurobi maxTimeLimit on 'scen_39'. Using dual lower_bound=0.97443031 as valid LB.
INFO: Gurobi maxTimeLimit on 'scen_43'. Using dual lower_bound=1.0779918 as valid LB.
INFO: Gurobi maxTimeLimit on 'scen_45'. Using dual lower_bound=0.95182759 as valid LB.
INFO: Gurobi maxTimeLimit on 'scen_46'. Using dual lower_bound=0.96188244 as valid LB.
INFO: Gurobi maxTimeLimit on 'scen_50'. Using dual lower_bound=0.99675808 as valid LB.
        8303.601               9                           * L        0.97598992        3.004784        67.5188%        2.028794              10
INFO: Gurobi maxTimeLimit on 'scen_2'. Using dual lower_bound=0.95495724 as valid LB.
INFO: Gurobi maxTimeLimit on 'scen_3'. Using dual lower_bound=1.0427155 as valid LB.
INFO: Gurobi maxTimeLimit on 'scen_6'. Using dual lower_bound=1.0033295 as valid LB.
INFO: Gurobi maxTimeLimit on 'scen_8'. Using dual lower_bound=0.99984646 as valid LB.
INFO: Gurobi maxTimeLimit on 'scen_14'. Using dual lower_bound=0.98819046 as valid LB.
INFO: Gurobi maxTimeLimit on 'scen_15'. Using dual lower_bound=1.0528905 as valid LB.
INFO: Gurobi maxTimeLimit on 'scen_23'. Using dual lower_bound=0.99754587 as valid LB.
INFO: Gurobi maxTimeLimit on 'scen_25'. Using dual lower_bound=1.0435502 as valid LB.
INFO: Gurobi maxTimeLimit on 'scen_29'. Using dual lower_bound=1.0589002 as valid LB.
INFO: Gurobi maxTimeLimit on 'scen_30'. Using dual lower_bound=0.9638849 as valid LB.
INFO: Gurobi maxTimeLimit on 'scen_34'. Using dual lower_bound=1.0268835 as valid LB.
INFO: Gurobi maxTimeLimit on 'scen_36'. Using dual lower_bound=1.0471206 as valid LB.
INFO: Gurobi maxTimeLimit on 'scen_37'. Using dual lower_bound=0.95434208 as valid LB.
INFO: Gurobi maxTimeLimit on 'scen_38'. Using dual lower_bound=0.9840422 as valid LB.
INFO: Gurobi maxTimeLimit on 'scen_39'. Using dual lower_bound=0.97443031 as valid LB.
INFO: Gurobi maxTimeLimit on 'scen_43'. Using dual lower_bound=1.0779918 as valid LB.
INFO: Gurobi maxTimeLimit on 'scen_45'. Using dual lower_bound=0.95182759 as valid LB.
INFO: Gurobi maxTimeLimit on 'scen_46'. Using dual lower_bound=0.96188244 as valid LB.
INFO: Gurobi maxTimeLimit on 'scen_50'. Using dual lower_bound=0.9952461 as valid LB.
        9028.298              10                           * U        0.97598992       2.1845743        55.3236%        1.208584              11
INFO: Gurobi maxTimeLimit on 'scen_2'. Using dual lower_bound=0.95495724 as valid LB.
INFO: Gurobi maxTimeLimit on 'scen_6'. Using dual lower_bound=1.0033295 as valid LB.
INFO: Gurobi maxTimeLimit on 'scen_8'. Using dual lower_bound=0.99984646 as valid LB.
INFO: Gurobi maxTimeLimit on 'scen_14'. Using dual lower_bound=0.98819046 as valid LB.
INFO: Gurobi maxTimeLimit on 'scen_15'. Using dual lower_bound=1.0528905 as valid LB.
INFO: Gurobi maxTimeLimit on 'scen_23'. Using dual lower_bound=0.99754587 as valid LB.
INFO: Gurobi maxTimeLimit on 'scen_25'. Using dual lower_bound=1.0435502 as valid LB.
INFO: Gurobi maxTimeLimit on 'scen_29'. Using dual lower_bound=1.0589002 as valid LB.
INFO: Gurobi maxTimeLimit on 'scen_30'. Using dual lower_bound=0.9638849 as valid LB.
INFO: Gurobi maxTimeLimit on 'scen_34'. Using dual lower_bound=1.0268835 as valid LB.
INFO: Gurobi maxTimeLimit on 'scen_36'. Using dual lower_bound=1.0471206 as valid LB.
INFO: Gurobi maxTimeLimit on 'scen_37'. Using dual lower_bound=0.95434208 as valid LB.
INFO: Gurobi maxTimeLimit on 'scen_38'. Using dual lower_bound=0.9840422 as valid LB.
INFO: Gurobi maxTimeLimit on 'scen_39'. Using dual lower_bound=0.97443031 as valid LB.
INFO: Gurobi maxTimeLimit on 'scen_43'. Using dual lower_bound=1.0779918 as valid LB.
INFO: Gurobi maxTimeLimit on 'scen_45'. Using dual lower_bound=0.95182759 as valid LB.
INFO: Gurobi maxTimeLimit on 'scen_46'. Using dual lower_bound=0.96188244 as valid LB.
INFO: Gurobi maxTimeLimit on 'scen_50'. Using dual lower_bound=0.9952461 as valid LB.
        9712.473              11                           * L        0.97605433       2.1845743        55.3206%         1.20852              12
INFO: Gurobi maxTimeLimit on 'scen_2'. Using dual lower_bound=0.95495724 as valid LB.
INFO: Gurobi maxTimeLimit on 'scen_6'. Using dual lower_bound=1.0033295 as valid LB.
INFO: Gurobi maxTimeLimit on 'scen_8'. Using dual lower_bound=0.99984646 as valid LB.
INFO: Gurobi maxTimeLimit on 'scen_14'. Using dual lower_bound=0.98819046 as valid LB.
INFO: Gurobi maxTimeLimit on 'scen_23'. Using dual lower_bound=0.99754587 as valid LB.
INFO: Gurobi maxTimeLimit on 'scen_29'. Using dual lower_bound=1.0589002 as valid LB.
INFO: Gurobi maxTimeLimit on 'scen_30'. Using dual lower_bound=0.9638849 as valid LB.
INFO: Gurobi maxTimeLimit on 'scen_34'. Using dual lower_bound=1.0268835 as valid LB.
INFO: Gurobi maxTimeLimit on 'scen_36'. Using dual lower_bound=1.0471206 as valid LB.
INFO: Gurobi maxTimeLimit on 'scen_37'. Using dual lower_bound=0.95434208 as valid LB.
INFO: Gurobi maxTimeLimit on 'scen_38'. Using dual lower_bound=0.9840422 as valid LB.
INFO: Gurobi maxTimeLimit on 'scen_39'. Using dual lower_bound=0.98075267 as valid LB.
INFO: Gurobi maxTimeLimit on 'scen_43'. Using dual lower_bound=1.0779918 as valid LB.
INFO: Gurobi maxTimeLimit on 'scen_46'. Using dual lower_bound=0.96188244 as valid LB.
INFO: Gurobi maxTimeLimit on 'scen_50'. Using dual lower_bound=0.9952461 as valid LB.
       10311.344              12                                      0.97605433       2.1845743        55.3206%         1.20852              13
INFO: Gurobi maxTimeLimit on 'scen_2'. Using dual lower_bound=0.95495724 as valid LB.
INFO: Gurobi maxTimeLimit on 'scen_6'. Using dual lower_bound=1.0033295 as valid LB.
