JobID: 22333327
Node:  fc30560
Start: Mon Feb  9 02:18:01 PST 2026
Work:  /home/yinhuang/snoglode-main-2-ori-record3/examples/stochastic_pid
-rw-r----- 1 yinhuang yinhuang 17K Feb  9 02:15 /home/yinhuang/snoglode-main-2-ori-record3/examples/stochastic_pid/stochastic_pid.py
Python: /home/yinhuang/micromamba/envs/pidsp-sim-fir/bin/python
Python 3.11.14
No mpi4py detected - running in serial.
--------------------------------------------------
SNoGloDe Solver Parameters
--------------------------------------------------

Subproblem Names:
  - scen_1
  - scen_2
  - scen_3
  - scen_4
  - scen_5
  - scen_6
  - scen_7
  - scen_8
  - scen_9
  - scen_10
  - scen_11
  - scen_12
  - scen_13
  - scen_14
  - scen_15
  - scen_16
  - scen_17
  - scen_18
  - scen_19
  - scen_20
  - scen_21
  - scen_22
  - scen_23
  - scen_24
  - scen_25
  - scen_26
  - scen_27
  - scen_28
  - scen_29
  - scen_30
  - scen_31
  - scen_32
  - scen_33
  - scen_34
  - scen_35
  - scen_36
  - scen_37
  - scen_38
  - scen_39
  - scen_40
  - scen_41
  - scen_42
  - scen_43
  - scen_44
  - scen_45
  - scen_46
  - scen_47
  - scen_48
  - scen_49
  - scen_50
Total # subproblems: 50

LB solver: gurobi
UB solver: gurobi
CG solver: ipopt

Global convergance guaranteed: True
Epsilon: 0.001
Perform FBBT: True
Perform OBBT: True
Relax binaries at LB: False
Relax integers at LB: False

Bounder Information
  - Lower Bounder: GurobiLBLowerBounder
  - Candidate Generator: SolveExtensiveForm

Queuing strategy: QueueStrategy.bound
Using a node feasibility checker? : False

Branching Information
  - Selection Strategy: HybridBranching
  - Partition Strategy: ExpectedValue

Verbose: True
No log file generated.

--------------------------------------------------
Generating the models for the subproblems.
	Scenario scen_1 has 3 first stage vars.
	Scenario scen_2 has 3 first stage vars.
	Scenario scen_3 has 3 first stage vars.
	Scenario scen_4 has 3 first stage vars.
	Scenario scen_5 has 3 first stage vars.
	Scenario scen_6 has 3 first stage vars.
	Scenario scen_7 has 3 first stage vars.
	Scenario scen_8 has 3 first stage vars.
	Scenario scen_9 has 3 first stage vars.
	Scenario scen_10 has 3 first stage vars.
	Scenario scen_11 has 3 first stage vars.
	Scenario scen_12 has 3 first stage vars.
	Scenario scen_13 has 3 first stage vars.
	Scenario scen_14 has 3 first stage vars.
	Scenario scen_15 has 3 first stage vars.
	Scenario scen_16 has 3 first stage vars.
	Scenario scen_17 has 3 first stage vars.
	Scenario scen_18 has 3 first stage vars.
	Scenario scen_19 has 3 first stage vars.
	Scenario scen_20 has 3 first stage vars.
	Scenario scen_21 has 3 first stage vars.
	Scenario scen_22 has 3 first stage vars.
	Scenario scen_23 has 3 first stage vars.
	Scenario scen_24 has 3 first stage vars.
	Scenario scen_25 has 3 first stage vars.
	Scenario scen_26 has 3 first stage vars.
	Scenario scen_27 has 3 first stage vars.
	Scenario scen_28 has 3 first stage vars.
	Scenario scen_29 has 3 first stage vars.
	Scenario scen_30 has 3 first stage vars.
	Scenario scen_31 has 3 first stage vars.
	Scenario scen_32 has 3 first stage vars.
	Scenario scen_33 has 3 first stage vars.
	Scenario scen_34 has 3 first stage vars.
	Scenario scen_35 has 3 first stage vars.
	Scenario scen_36 has 3 first stage vars.
	Scenario scen_37 has 3 first stage vars.
	Scenario scen_38 has 3 first stage vars.
	Scenario scen_39 has 3 first stage vars.
	Scenario scen_40 has 3 first stage vars.
	Scenario scen_41 has 3 first stage vars.
	Scenario scen_42 has 3 first stage vars.
	Scenario scen_43 has 3 first stage vars.
	Scenario scen_44 has 3 first stage vars.
	Scenario scen_45 has 3 first stage vars.
	Scenario scen_46 has 3 first stage vars.
	Scenario scen_47 has 3 first stage vars.
	Scenario scen_48 has 3 first stage vars.
	Scenario scen_49 has 3 first stage vars.
	Scenario scen_50 has 3 first stage vars.
Finished generating subproblem models.
Node rooted.
Using EF method for candidate solution. No EF bound. Building EF.
EF built.
INFO: Gurobi maxTimeLimit on 'scen_1'. Using dual lower_bound=0.94464261 as valid LB.
INFO: Gurobi maxTimeLimit on 'scen_2'. Using dual lower_bound=0.95495724 as valid LB.
INFO: Gurobi maxTimeLimit on 'scen_3'. Using dual lower_bound=1.0470036 as valid LB.
INFO: Gurobi maxTimeLimit on 'scen_4'. Using dual lower_bound=0.9656062 as valid LB.
INFO: Gurobi maxTimeLimit on 'scen_5'. Using dual lower_bound=0.94243943 as valid LB.
INFO: Gurobi maxTimeLimit on 'scen_6'. Using dual lower_bound=1.0033295 as valid LB.
INFO: Gurobi maxTimeLimit on 'scen_8'. Using dual lower_bound=0.99986091 as valid LB.
INFO: Gurobi maxTimeLimit on 'scen_9'. Using dual lower_bound=0.95491985 as valid LB.
INFO: Gurobi maxTimeLimit on 'scen_10'. Using dual lower_bound=0.96118873 as valid LB.
INFO: Gurobi maxTimeLimit on 'scen_11'. Using dual lower_bound=1.0258538 as valid LB.
INFO: Gurobi maxTimeLimit on 'scen_12'. Using dual lower_bound=0.95085971 as valid LB.
INFO: Gurobi maxTimeLimit on 'scen_14'. Using dual lower_bound=0.98829243 as valid LB.
INFO: Gurobi maxTimeLimit on 'scen_15'. Using dual lower_bound=1.0614016 as valid LB.
INFO: Gurobi maxTimeLimit on 'scen_16'. Using dual lower_bound=0.95262769 as valid LB.
INFO: Gurobi maxTimeLimit on 'scen_17'. Using dual lower_bound=0.95177323 as valid LB.
INFO: Gurobi maxTimeLimit on 'scen_18'. Using dual lower_bound=0.94029125 as valid LB.
INFO: Gurobi maxTimeLimit on 'scen_19'. Using dual lower_bound=0.94663802 as valid LB.
INFO: Gurobi maxTimeLimit on 'scen_20'. Using dual lower_bound=0.94759163 as valid LB.
INFO: Gurobi maxTimeLimit on 'scen_21'. Using dual lower_bound=0.95735324 as valid LB.
INFO: Gurobi maxTimeLimit on 'scen_22'. Using dual lower_bound=0.94197074 as valid LB.
INFO: Gurobi maxTimeLimit on 'scen_23'. Using dual lower_bound=0.99754587 as valid LB.
INFO: Gurobi maxTimeLimit on 'scen_24'. Using dual lower_bound=0.96046053 as valid LB.
INFO: Gurobi maxTimeLimit on 'scen_26'. Using dual lower_bound=0.94060485 as valid LB.
INFO: Gurobi maxTimeLimit on 'scen_27'. Using dual lower_bound=0.94691798 as valid LB.
INFO: Gurobi maxTimeLimit on 'scen_28'. Using dual lower_bound=0.94120101 as valid LB.
INFO: Gurobi maxTimeLimit on 'scen_29'. Using dual lower_bound=1.0590995 as valid LB.
INFO: Gurobi maxTimeLimit on 'scen_30'. Using dual lower_bound=0.96388494 as valid LB.
INFO: Gurobi maxTimeLimit on 'scen_31'. Using dual lower_bound=0.94308675 as valid LB.
INFO: Gurobi maxTimeLimit on 'scen_32'. Using dual lower_bound=0.94394534 as valid LB.
INFO: Gurobi maxTimeLimit on 'scen_34'. Using dual lower_bound=1.0268938 as valid LB.
INFO: Gurobi maxTimeLimit on 'scen_35'. Using dual lower_bound=0.96497806 as valid LB.
INFO: Gurobi maxTimeLimit on 'scen_36'. Using dual lower_bound=1.0524036 as valid LB.
INFO: Gurobi maxTimeLimit on 'scen_37'. Using dual lower_bound=0.95434208 as valid LB.
INFO: Gurobi maxTimeLimit on 'scen_38'. Using dual lower_bound=0.9840422 as valid LB.
INFO: Gurobi maxTimeLimit on 'scen_39'. Using dual lower_bound=0.97443031 as valid LB.
INFO: Gurobi maxTimeLimit on 'scen_40'. Using dual lower_bound=0.96535286 as valid LB.
INFO: Gurobi maxTimeLimit on 'scen_41'. Using dual lower_bound=0.94340068 as valid LB.
INFO: Gurobi maxTimeLimit on 'scen_42'. Using dual lower_bound=0.94989515 as valid LB.
INFO: Gurobi maxTimeLimit on 'scen_43'. Using dual lower_bound=1.084362 as valid LB.
INFO: Gurobi maxTimeLimit on 'scen_44'. Using dual lower_bound=0.94529674 as valid LB.
INFO: Gurobi maxTimeLimit on 'scen_45'. Using dual lower_bound=0.95182813 as valid LB.
INFO: Gurobi maxTimeLimit on 'scen_46'. Using dual lower_bound=0.96188259 as valid LB.
INFO: Gurobi maxTimeLimit on 'scen_47'. Using dual lower_bound=0.94629667 as valid LB.
INFO: Gurobi maxTimeLimit on 'scen_48'. Using dual lower_bound=0.94842116 as valid LB.
INFO: Gurobi maxTimeLimit on 'scen_49'. Using dual lower_bound=0.94703112 as valid LB.
INFO: Gurobi maxTimeLimit on 'scen_50'. Using dual lower_bound=0.9952461 as valid LB.
        Time (s)  Nodes Explored       Pruned by                              LB              UB        Rel. Gap        Abs. Gap         # Nodes
---------------------------------------------------------------------------------------------------------------------------------------------------------------------------
        2972.924               1                           * L        0.97613063             inf            inf%             inf               2
INFO: Gurobi maxTimeLimit on 'scen_2'. Using dual lower_bound=0.95495724 as valid LB.
INFO: Gurobi maxTimeLimit on 'scen_3'. Using dual lower_bound=1.0470036 as valid LB.
INFO: Gurobi maxTimeLimit on 'scen_4'. Using dual lower_bound=0.96743344 as valid LB.
INFO: Gurobi maxTimeLimit on 'scen_5'. Using dual lower_bound=0.94243943 as valid LB.
INFO: Gurobi maxTimeLimit on 'scen_6'. Using dual lower_bound=1.0033295 as valid LB.
INFO: Gurobi maxTimeLimit on 'scen_8'. Using dual lower_bound=0.99986091 as valid LB.
INFO: Gurobi maxTimeLimit on 'scen_9'. Using dual lower_bound=0.95491985 as valid LB.
INFO: Gurobi maxTimeLimit on 'scen_10'. Using dual lower_bound=0.96118873 as valid LB.
INFO: Gurobi maxTimeLimit on 'scen_11'. Using dual lower_bound=1.0258538 as valid LB.
INFO: Gurobi maxTimeLimit on 'scen_14'. Using dual lower_bound=0.98829243 as valid LB.
INFO: Gurobi maxTimeLimit on 'scen_15'. Using dual lower_bound=1.0614016 as valid LB.
INFO: Gurobi maxTimeLimit on 'scen_16'. Using dual lower_bound=0.95262769 as valid LB.
INFO: Gurobi maxTimeLimit on 'scen_17'. Using dual lower_bound=0.95177323 as valid LB.
INFO: Gurobi maxTimeLimit on 'scen_20'. Using dual lower_bound=0.94759163 as valid LB.
INFO: Gurobi maxTimeLimit on 'scen_21'. Using dual lower_bound=0.95735324 as valid LB.
INFO: Gurobi maxTimeLimit on 'scen_23'. Using dual lower_bound=0.99754587 as valid LB.
INFO: Gurobi maxTimeLimit on 'scen_24'. Using dual lower_bound=0.96046053 as valid LB.
INFO: Gurobi maxTimeLimit on 'scen_27'. Using dual lower_bound=0.94691798 as valid LB.
INFO: Gurobi maxTimeLimit on 'scen_29'. Using dual lower_bound=1.0590995 as valid LB.
INFO: Gurobi maxTimeLimit on 'scen_30'. Using dual lower_bound=0.96388494 as valid LB.
INFO: Gurobi maxTimeLimit on 'scen_34'. Using dual lower_bound=1.0268938 as valid LB.
INFO: Gurobi maxTimeLimit on 'scen_35'. Using dual lower_bound=0.96497806 as valid LB.
INFO: Gurobi maxTimeLimit on 'scen_36'. Using dual lower_bound=1.0524036 as valid LB.
INFO: Gurobi maxTimeLimit on 'scen_37'. Using dual lower_bound=0.95434208 as valid LB.
INFO: Gurobi maxTimeLimit on 'scen_38'. Using dual lower_bound=0.9840422 as valid LB.
INFO: Gurobi maxTimeLimit on 'scen_39'. Using dual lower_bound=0.97443031 as valid LB.
INFO: Gurobi maxTimeLimit on 'scen_43'. Using dual lower_bound=1.084362 as valid LB.
INFO: Gurobi maxTimeLimit on 'scen_44'. Using dual lower_bound=0.94529674 as valid LB.
INFO: Gurobi maxTimeLimit on 'scen_46'. Using dual lower_bound=0.96188259 as valid LB.
INFO: Gurobi maxTimeLimit on 'scen_47'. Using dual lower_bound=0.94629667 as valid LB.
INFO: Gurobi maxTimeLimit on 'scen_49'. Using dual lower_bound=0.94703112 as valid LB.
INFO: Gurobi maxTimeLimit on 'scen_50'. Using dual lower_bound=0.9952461 as valid LB.
        5332.315               2                                      0.97613063             inf            inf%             inf               3
INFO: Gurobi maxTimeLimit on 'scen_2'. Using dual lower_bound=0.95495724 as valid LB.
INFO: Gurobi maxTimeLimit on 'scen_3'. Using dual lower_bound=1.0470036 as valid LB.
INFO: Gurobi maxTimeLimit on 'scen_4'. Using dual lower_bound=0.97055971 as valid LB.
INFO: Gurobi maxTimeLimit on 'scen_8'. Using dual lower_bound=0.99986091 as valid LB.
INFO: Gurobi maxTimeLimit on 'scen_11'. Using dual lower_bound=1.0258538 as valid LB.
INFO: Gurobi maxTimeLimit on 'scen_15'. Using dual lower_bound=1.0614016 as valid LB.
INFO: Gurobi maxTimeLimit on 'scen_23'. Using dual lower_bound=0.99754587 as valid LB.
INFO: Gurobi maxTimeLimit on 'scen_24'. Using dual lower_bound=0.96046053 as valid LB.
INFO: Gurobi maxTimeLimit on 'scen_25'. Using dual lower_bound=1.049614 as valid LB.
INFO: Gurobi maxTimeLimit on 'scen_29'. Using dual lower_bound=1.0715657 as valid LB.
INFO: Gurobi maxTimeLimit on 'scen_30'. Using dual lower_bound=0.96388494 as valid LB.
INFO: Gurobi maxTimeLimit on 'scen_32'. Using dual lower_bound=0.94394534 as valid LB.
INFO: Gurobi maxTimeLimit on 'scen_33'. Using dual lower_bound=1.1046803 as valid LB.
INFO: Gurobi maxTimeLimit on 'scen_34'. Using dual lower_bound=1.0268938 as valid LB.
INFO: Gurobi maxTimeLimit on 'scen_35'. Using dual lower_bound=0.96497806 as valid LB.
INFO: Gurobi maxTimeLimit on 'scen_36'. Using dual lower_bound=1.0524036 as valid LB.
INFO: Gurobi maxTimeLimit on 'scen_38'. Using dual lower_bound=0.9840422 as valid LB.
INFO: Gurobi maxTimeLimit on 'scen_39'. Using dual lower_bound=0.97443031 as valid LB.
INFO: Gurobi maxTimeLimit on 'scen_41'. Using dual lower_bound=0.94340068 as valid LB.
INFO: Gurobi maxTimeLimit on 'scen_42'. Using dual lower_bound=0.94989515 as valid LB.
INFO: Gurobi maxTimeLimit on 'scen_44'. Using dual lower_bound=0.94529674 as valid LB.
INFO: Gurobi maxTimeLimit on 'scen_46'. Using dual lower_bound=0.96188259 as valid LB.
INFO: Gurobi maxTimeLimit on 'scen_47'. Using dual lower_bound=0.94629667 as valid LB.
INFO: Gurobi maxTimeLimit on 'scen_49'. Using dual lower_bound=0.94703112 as valid LB.
INFO: Gurobi maxTimeLimit on 'scen_50'. Using dual lower_bound=0.9952461 as valid LB.
        7359.895               3                           * L        0.97643832             inf            inf%             inf               4
INFO: Gurobi maxTimeLimit on 'scen_2'. Using dual lower_bound=0.95495724 as valid LB.
INFO: Gurobi maxTimeLimit on 'scen_3'. Using dual lower_bound=1.0470036 as valid LB.
INFO: Gurobi maxTimeLimit on 'scen_4'. Using dual lower_bound=0.96743344 as valid LB.
INFO: Gurobi maxTimeLimit on 'scen_5'. Using dual lower_bound=0.94243943 as valid LB.
INFO: Gurobi maxTimeLimit on 'scen_6'. Using dual lower_bound=1.0033295 as valid LB.
INFO: Gurobi maxTimeLimit on 'scen_8'. Using dual lower_bound=0.99986091 as valid LB.
INFO: Gurobi maxTimeLimit on 'scen_10'. Using dual lower_bound=0.9642355 as valid LB.
INFO: Gurobi maxTimeLimit on 'scen_11'. Using dual lower_bound=1.0258538 as valid LB.
INFO: Gurobi maxTimeLimit on 'scen_14'. Using dual lower_bound=0.98829243 as valid LB.
INFO: Gurobi maxTimeLimit on 'scen_15'. Using dual lower_bound=1.0614016 as valid LB.
INFO: Gurobi maxTimeLimit on 'scen_17'. Using dual lower_bound=0.95177323 as valid LB.
INFO: Gurobi maxTimeLimit on 'scen_20'. Using dual lower_bound=0.94759163 as valid LB.
INFO: Gurobi maxTimeLimit on 'scen_21'. Using dual lower_bound=0.95922274 as valid LB.
INFO: Gurobi maxTimeLimit on 'scen_23'. Using dual lower_bound=0.99754587 as valid LB.
INFO: Gurobi maxTimeLimit on 'scen_27'. Using dual lower_bound=0.94691798 as valid LB.
INFO: Gurobi maxTimeLimit on 'scen_29'. Using dual lower_bound=1.0590995 as valid LB.
INFO: Gurobi maxTimeLimit on 'scen_30'. Using dual lower_bound=0.96388494 as valid LB.
INFO: Gurobi maxTimeLimit on 'scen_34'. Using dual lower_bound=1.0268938 as valid LB.
INFO: Gurobi maxTimeLimit on 'scen_35'. Using dual lower_bound=0.96497806 as valid LB.
INFO: Gurobi maxTimeLimit on 'scen_36'. Using dual lower_bound=1.0524036 as valid LB.
INFO: Gurobi maxTimeLimit on 'scen_37'. Using dual lower_bound=0.95434208 as valid LB.
INFO: Gurobi maxTimeLimit on 'scen_38'. Using dual lower_bound=0.9840422 as valid LB.
INFO: Gurobi maxTimeLimit on 'scen_39'. Using dual lower_bound=0.97443031 as valid LB.
INFO: Gurobi maxTimeLimit on 'scen_43'. Using dual lower_bound=1.084362 as valid LB.
INFO: Gurobi maxTimeLimit on 'scen_44'. Using dual lower_bound=0.94529674 as valid LB.
INFO: Gurobi maxTimeLimit on 'scen_46'. Using dual lower_bound=0.96188259 as valid LB.
INFO: Gurobi maxTimeLimit on 'scen_47'. Using dual lower_bound=0.94629667 as valid LB.
INFO: Gurobi maxTimeLimit on 'scen_49'. Using dual lower_bound=0.94703112 as valid LB.
INFO: Gurobi maxTimeLimit on 'scen_50'. Using dual lower_bound=0.9952461 as valid LB.
        9353.385               4                           * U        0.97643832       2.1320011        54.2009%        1.155563               5
INFO: Gurobi maxTimeLimit on 'scen_3'. Using dual lower_bound=1.0470036 as valid LB.
INFO: Gurobi maxTimeLimit on 'scen_6'. Using dual lower_bound=1.0033295 as valid LB.
INFO: Gurobi maxTimeLimit on 'scen_7'. Using dual lower_bound=0.94662148 as valid LB.
INFO: Gurobi maxTimeLimit on 'scen_8'. Using dual lower_bound=1.0107668 as valid LB.
INFO: Gurobi maxTimeLimit on 'scen_10'. Using dual lower_bound=0.96118873 as valid LB.
INFO: Gurobi maxTimeLimit on 'scen_11'. Using dual lower_bound=1.0258538 as valid LB.
INFO: Gurobi maxTimeLimit on 'scen_14'. Using dual lower_bound=0.98829243 as valid LB.
INFO: Gurobi maxTimeLimit on 'scen_20'. Using dual lower_bound=0.94759163 as valid LB.
INFO: Gurobi maxTimeLimit on 'scen_21'. Using dual lower_bound=0.95735324 as valid LB.
INFO: Gurobi maxTimeLimit on 'scen_23'. Using dual lower_bound=0.99754587 as valid LB.
INFO: Gurobi maxTimeLimit on 'scen_25'. Using dual lower_bound=1.049614 as valid LB.
INFO: Gurobi maxTimeLimit on 'scen_27'. Using dual lower_bound=0.94691798 as valid LB.
INFO: Gurobi maxTimeLimit on 'scen_30'. Using dual lower_bound=0.96388494 as valid LB.
INFO: Gurobi maxTimeLimit on 'scen_33'. Using dual lower_bound=1.1046803 as valid LB.
INFO: Gurobi maxTimeLimit on 'scen_34'. Using dual lower_bound=1.0268938 as valid LB.
INFO: Gurobi maxTimeLimit on 'scen_35'. Using dual lower_bound=0.96497806 as valid LB.
INFO: Gurobi maxTimeLimit on 'scen_37'. Using dual lower_bound=0.95434208 as valid LB.
INFO: Gurobi maxTimeLimit on 'scen_38'. Using dual lower_bound=0.9840422 as valid LB.
INFO: Gurobi maxTimeLimit on 'scen_39'. Using dual lower_bound=0.97443031 as valid LB.
INFO: Gurobi maxTimeLimit on 'scen_40'. Using dual lower_bound=0.9686092 as valid LB.
INFO: Gurobi maxTimeLimit on 'scen_42'. Using dual lower_bound=0.95145003 as valid LB.
INFO: Gurobi maxTimeLimit on 'scen_43'. Using dual lower_bound=1.084362 as valid LB.
INFO: Gurobi maxTimeLimit on 'scen_44'. Using dual lower_bound=0.94529674 as valid LB.
INFO: Gurobi maxTimeLimit on 'scen_45'. Using dual lower_bound=0.95501792 as valid LB.
INFO: Gurobi maxTimeLimit on 'scen_48'. Using dual lower_bound=0.94933947 as valid LB.
INFO: Gurobi maxTimeLimit on 'scen_50'. Using dual lower_bound=0.9952461 as valid LB.
       11656.002               5                           * L        0.97663771       2.1320011        54.1915%        1.155363               6
INFO: Gurobi maxTimeLimit on 'scen_2'. Using dual lower_bound=0.95495724 as valid LB.
INFO: Gurobi maxTimeLimit on 'scen_3'. Using dual lower_bound=1.0470036 as valid LB.
INFO: Gurobi maxTimeLimit on 'scen_5'. Using dual lower_bound=0.94243943 as valid LB.
INFO: Gurobi maxTimeLimit on 'scen_6'. Using dual lower_bound=1.0096956 as valid LB.
INFO: Gurobi maxTimeLimit on 'scen_8'. Using dual lower_bound=0.99986091 as valid LB.
INFO: Gurobi maxTimeLimit on 'scen_10'. Using dual lower_bound=0.9642355 as valid LB.
INFO: Gurobi maxTimeLimit on 'scen_11'. Using dual lower_bound=1.0258538 as valid LB.
INFO: Gurobi maxTimeLimit on 'scen_14'. Using dual lower_bound=0.98829243 as valid LB.
INFO: Gurobi maxTimeLimit on 'scen_15'. Using dual lower_bound=1.0614016 as valid LB.
INFO: Gurobi maxTimeLimit on 'scen_20'. Using dual lower_bound=0.94759163 as valid LB.
INFO: Gurobi maxTimeLimit on 'scen_21'. Using dual lower_bound=0.95922274 as valid LB.
INFO: Gurobi maxTimeLimit on 'scen_23'. Using dual lower_bound=0.99754587 as valid LB.
INFO: Gurobi maxTimeLimit on 'scen_27'. Using dual lower_bound=0.94691798 as valid LB.
INFO: Gurobi maxTimeLimit on 'scen_29'. Using dual lower_bound=1.0590995 as valid LB.
INFO: Gurobi maxTimeLimit on 'scen_30'. Using dual lower_bound=0.96388494 as valid LB.
INFO: Gurobi maxTimeLimit on 'scen_34'. Using dual lower_bound=1.0268938 as valid LB.
INFO: Gurobi maxTimeLimit on 'scen_35'. Using dual lower_bound=0.96497806 as valid LB.
INFO: Gurobi maxTimeLimit on 'scen_36'. Using dual lower_bound=1.0524036 as valid LB.
INFO: Gurobi maxTimeLimit on 'scen_37'. Using dual lower_bound=0.95434208 as valid LB.
INFO: Gurobi maxTimeLimit on 'scen_38'. Using dual lower_bound=0.9840422 as valid LB.
INFO: Gurobi maxTimeLimit on 'scen_39'. Using dual lower_bound=0.97443031 as valid LB.
INFO: Gurobi maxTimeLimit on 'scen_43'. Using dual lower_bound=1.084362 as valid LB.
INFO: Gurobi maxTimeLimit on 'scen_44'. Using dual lower_bound=0.94529674 as valid LB.
INFO: Gurobi maxTimeLimit on 'scen_46'. Using dual lower_bound=0.96188259 as valid LB.
INFO: Gurobi maxTimeLimit on 'scen_47'. Using dual lower_bound=0.94629667 as valid LB.
INFO: Gurobi maxTimeLimit on 'scen_49'. Using dual lower_bound=0.94703112 as valid LB.
INFO: Gurobi maxTimeLimit on 'scen_50'. Using dual lower_bound=0.9952461 as valid LB.
       13534.429               6                                      0.97663771       2.1320011        54.1915%        1.155363               7
INFO: Gurobi maxTimeLimit on 'scen_2'. Using dual lower_bound=0.95495724 as valid LB.
INFO: Gurobi maxTimeLimit on 'scen_3'. Using dual lower_bound=1.0470036 as valid LB.
INFO: Gurobi maxTimeLimit on 'scen_4'. Using dual lower_bound=0.97118889 as valid LB.
INFO: Gurobi maxTimeLimit on 'scen_6'. Using dual lower_bound=1.0033295 as valid LB.
INFO: Gurobi maxTimeLimit on 'scen_7'. Using dual lower_bound=0.94662148 as valid LB.
INFO: Gurobi maxTimeLimit on 'scen_8'. Using dual lower_bound=0.99986091 as valid LB.
INFO: Gurobi maxTimeLimit on 'scen_9'. Using dual lower_bound=0.95691062 as valid LB.
INFO: Gurobi maxTimeLimit on 'scen_10'. Using dual lower_bound=0.9642355 as valid LB.
INFO: Gurobi maxTimeLimit on 'scen_11'. Using dual lower_bound=1.0258538 as valid LB.
INFO: Gurobi maxTimeLimit on 'scen_14'. Using dual lower_bound=0.98829243 as valid LB.
INFO: Gurobi maxTimeLimit on 'scen_19'. Using dual lower_bound=0.94809424 as valid LB.
INFO: Gurobi maxTimeLimit on 'scen_21'. Using dual lower_bound=0.95922274 as valid LB.
INFO: Gurobi maxTimeLimit on 'scen_22'. Using dual lower_bound=0.94218934 as valid LB.
INFO: Gurobi maxTimeLimit on 'scen_23'. Using dual lower_bound=0.99754587 as valid LB.
INFO: Gurobi maxTimeLimit on 'scen_25'. Using dual lower_bound=1.049614 as valid LB.
INFO: Gurobi maxTimeLimit on 'scen_29'. Using dual lower_bound=1.0590995 as valid LB.
INFO: Gurobi maxTimeLimit on 'scen_33'. Using dual lower_bound=1.1046803 as valid LB.
INFO: Gurobi maxTimeLimit on 'scen_34'. Using dual lower_bound=1.0268938 as valid LB.
INFO: Gurobi maxTimeLimit on 'scen_35'. Using dual lower_bound=0.96497806 as valid LB.
INFO: Gurobi maxTimeLimit on 'scen_36'. Using dual lower_bound=1.0524036 as valid LB.
INFO: Gurobi maxTimeLimit on 'scen_37'. Using dual lower_bound=0.95434208 as valid LB.
INFO: Gurobi maxTimeLimit on 'scen_38'. Using dual lower_bound=0.9840422 as valid LB.
INFO: Gurobi maxTimeLimit on 'scen_39'. Using dual lower_bound=0.97443031 as valid LB.
INFO: Gurobi maxTimeLimit on 'scen_40'. Using dual lower_bound=0.9686092 as valid LB.
INFO: Gurobi maxTimeLimit on 'scen_42'. Using dual lower_bound=0.95145003 as valid LB.
INFO: Gurobi maxTimeLimit on 'scen_43'. Using dual lower_bound=1.084362 as valid LB.
INFO: Gurobi maxTimeLimit on 'scen_46'. Using dual lower_bound=0.96188259 as valid LB.
INFO: Gurobi maxTimeLimit on 'scen_48'. Using dual lower_bound=0.94933947 as valid LB.
INFO: Gurobi maxTimeLimit on 'scen_50'. Using dual lower_bound=0.9952461 as valid LB.
       15938.012               7                           * L        0.97681889       2.1320011         54.183%        1.155182               8
INFO: Gurobi maxTimeLimit on 'scen_2'. Using dual lower_bound=0.95495724 as valid LB.
INFO: Gurobi maxTimeLimit on 'scen_3'. Using dual lower_bound=1.0470036 as valid LB.
INFO: Gurobi maxTimeLimit on 'scen_5'. Using dual lower_bound=0.94243943 as valid LB.
INFO: Gurobi maxTimeLimit on 'scen_6'. Using dual lower_bound=1.0096956 as valid LB.
INFO: Gurobi maxTimeLimit on 'scen_8'. Using dual lower_bound=0.99986091 as valid LB.
INFO: Gurobi maxTimeLimit on 'scen_10'. Using dual lower_bound=0.9642355 as valid LB.
INFO: Gurobi maxTimeLimit on 'scen_11'. Using dual lower_bound=1.0258538 as valid LB.
INFO: Gurobi maxTimeLimit on 'scen_14'. Using dual lower_bound=0.98829243 as valid LB.
INFO: Gurobi maxTimeLimit on 'scen_15'. Using dual lower_bound=1.0614016 as valid LB.
INFO: Gurobi maxTimeLimit on 'scen_21'. Using dual lower_bound=0.95922274 as valid LB.
INFO: Gurobi maxTimeLimit on 'scen_23'. Using dual lower_bound=0.99754587 as valid LB.
INFO: Gurobi maxTimeLimit on 'scen_27'. Using dual lower_bound=0.94691798 as valid LB.
INFO: Gurobi maxTimeLimit on 'scen_29'. Using dual lower_bound=1.0590995 as valid LB.
INFO: Gurobi maxTimeLimit on 'scen_30'. Using dual lower_bound=0.96388494 as valid LB.
INFO: Gurobi maxTimeLimit on 'scen_34'. Using dual lower_bound=1.0268938 as valid LB.
INFO: Gurobi maxTimeLimit on 'scen_35'. Using dual lower_bound=0.96497806 as valid LB.
INFO: Gurobi maxTimeLimit on 'scen_36'. Using dual lower_bound=1.0524036 as valid LB.
INFO: Gurobi maxTimeLimit on 'scen_37'. Using dual lower_bound=0.95434208 as valid LB.
INFO: Gurobi maxTimeLimit on 'scen_38'. Using dual lower_bound=0.9840422 as valid LB.
INFO: Gurobi maxTimeLimit on 'scen_39'. Using dual lower_bound=0.97443031 as valid LB.
INFO: Gurobi maxTimeLimit on 'scen_43'. Using dual lower_bound=1.084362 as valid LB.
INFO: Gurobi maxTimeLimit on 'scen_44'. Using dual lower_bound=0.94529674 as valid LB.
INFO: Gurobi maxTimeLimit on 'scen_46'. Using dual lower_bound=0.96188259 as valid LB.
INFO: Gurobi maxTimeLimit on 'scen_47'. Using dual lower_bound=0.94629667 as valid LB.
INFO: Gurobi maxTimeLimit on 'scen_49'. Using dual lower_bound=0.94703112 as valid LB.
INFO: Gurobi maxTimeLimit on 'scen_50'. Using dual lower_bound=0.9952461 as valid LB.
       17738.045               8                                      0.97681889       2.1320011         54.183%        1.155182               9
INFO: Gurobi maxTimeLimit on 'scen_2'. Using dual lower_bound=0.95495724 as valid LB.
INFO: Gurobi maxTimeLimit on 'scen_3'. Using dual lower_bound=1.0470036 as valid LB.
INFO: Gurobi maxTimeLimit on 'scen_4'. Using dual lower_bound=0.96833294 as valid LB.
INFO: Gurobi maxTimeLimit on 'scen_5'. Using dual lower_bound=0.94243943 as valid LB.
INFO: Gurobi maxTimeLimit on 'scen_6'. Using dual lower_bound=1.0096956 as valid LB.
INFO: Gurobi maxTimeLimit on 'scen_7'. Using dual lower_bound=0.94662148 as valid LB.
INFO: Gurobi maxTimeLimit on 'scen_9'. Using dual lower_bound=0.95691062 as valid LB.
INFO: Gurobi maxTimeLimit on 'scen_10'. Using dual lower_bound=0.9642355 as valid LB.
INFO: Gurobi maxTimeLimit on 'scen_11'. Using dual lower_bound=1.0258538 as valid LB.
INFO: Gurobi maxTimeLimit on 'scen_13'. Using dual lower_bound=0.97416459 as valid LB.
INFO: Gurobi maxTimeLimit on 'scen_14'. Using dual lower_bound=0.98829243 as valid LB.
INFO: Gurobi maxTimeLimit on 'scen_15'. Using dual lower_bound=1.0614016 as valid LB.
INFO: Gurobi maxTimeLimit on 'scen_17'. Using dual lower_bound=0.9535668 as valid LB.
INFO: Gurobi maxTimeLimit on 'scen_19'. Using dual lower_bound=0.94809424 as valid LB.
INFO: Gurobi maxTimeLimit on 'scen_23'. Using dual lower_bound=0.99754587 as valid LB.
INFO: Gurobi maxTimeLimit on 'scen_25'. Using dual lower_bound=1.049614 as valid LB.
INFO: Gurobi maxTimeLimit on 'scen_29'. Using dual lower_bound=1.0590995 as valid LB.
INFO: Gurobi maxTimeLimit on 'scen_30'. Using dual lower_bound=0.96388494 as valid LB.
INFO: Gurobi maxTimeLimit on 'scen_33'. Using dual lower_bound=1.1046803 as valid LB.
INFO: Gurobi maxTimeLimit on 'scen_34'. Using dual lower_bound=1.0268938 as valid LB.
INFO: Gurobi maxTimeLimit on 'scen_35'. Using dual lower_bound=0.96497806 as valid LB.
INFO: Gurobi maxTimeLimit on 'scen_36'. Using dual lower_bound=1.0524036 as valid LB.
INFO: Gurobi maxTimeLimit on 'scen_38'. Using dual lower_bound=0.9840422 as valid LB.
INFO: Gurobi maxTimeLimit on 'scen_39'. Using dual lower_bound=0.97443031 as valid LB.
INFO: Gurobi maxTimeLimit on 'scen_40'. Using dual lower_bound=0.9686092 as valid LB.
INFO: Gurobi maxTimeLimit on 'scen_43'. Using dual lower_bound=1.084362 as valid LB.
INFO: Gurobi maxTimeLimit on 'scen_45'. Using dual lower_bound=0.95501792 as valid LB.
INFO: Gurobi maxTimeLimit on 'scen_47'. Using dual lower_bound=0.94629667 as valid LB.
INFO: Gurobi maxTimeLimit on 'scen_49'. Using dual lower_bound=0.94703112 as valid LB.
INFO: Gurobi maxTimeLimit on 'scen_50'. Using dual lower_bound=0.9952461 as valid LB.
       20248.733               9                           * L        0.97684368       2.1320011        54.1818%        1.155157              10
INFO: Gurobi maxTimeLimit on 'scen_2'. Using dual lower_bound=0.95495724 as valid LB.
INFO: Gurobi maxTimeLimit on 'scen_3'. Using dual lower_bound=1.0470036 as valid LB.
INFO: Gurobi maxTimeLimit on 'scen_6'. Using dual lower_bound=1.0096956 as valid LB.
INFO: Gurobi maxTimeLimit on 'scen_8'. Using dual lower_bound=0.99986091 as valid LB.
INFO: Gurobi maxTimeLimit on 'scen_10'. Using dual lower_bound=0.9642355 as valid LB.
INFO: Gurobi maxTimeLimit on 'scen_11'. Using dual lower_bound=1.0258538 as valid LB.
INFO: Gurobi maxTimeLimit on 'scen_14'. Using dual lower_bound=0.98829243 as valid LB.
INFO: Gurobi maxTimeLimit on 'scen_15'. Using dual lower_bound=1.0614016 as valid LB.
INFO: Gurobi maxTimeLimit on 'scen_23'. Using dual lower_bound=0.99754587 as valid LB.
INFO: Gurobi maxTimeLimit on 'scen_27'. Using dual lower_bound=0.94691798 as valid LB.
INFO: Gurobi maxTimeLimit on 'scen_29'. Using dual lower_bound=1.0590995 as valid LB.
INFO: Gurobi maxTimeLimit on 'scen_30'. Using dual lower_bound=0.96388494 as valid LB.
INFO: Gurobi maxTimeLimit on 'scen_34'. Using dual lower_bound=1.0268938 as valid LB.
INFO: Gurobi maxTimeLimit on 'scen_35'. Using dual lower_bound=0.96497806 as valid LB.
INFO: Gurobi maxTimeLimit on 'scen_36'. Using dual lower_bound=1.0524036 as valid LB.
INFO: Gurobi maxTimeLimit on 'scen_38'. Using dual lower_bound=0.9840422 as valid LB.
INFO: Gurobi maxTimeLimit on 'scen_39'. Using dual lower_bound=0.97443031 as valid LB.
INFO: Gurobi maxTimeLimit on 'scen_43'. Using dual lower_bound=1.084362 as valid LB.
INFO: Gurobi maxTimeLimit on 'scen_46'. Using dual lower_bound=0.96188259 as valid LB.
INFO: Gurobi maxTimeLimit on 'scen_47'. Using dual lower_bound=0.94629667 as valid LB.
INFO: Gurobi maxTimeLimit on 'scen_49'. Using dual lower_bound=0.94703112 as valid LB.
INFO: Gurobi maxTimeLimit on 'scen_50'. Using dual lower_bound=0.9952461 as valid LB.
       21904.241              10                                      0.97684368       2.1320011        54.1818%        1.155157              11
INFO: Gurobi maxTimeLimit on 'scen_2'. Using dual lower_bound=0.95495724 as valid LB.
INFO: Gurobi maxTimeLimit on 'scen_3'. Using dual lower_bound=1.0470036 as valid LB.
INFO: Gurobi maxTimeLimit on 'scen_4'. Using dual lower_bound=0.96833294 as valid LB.
INFO: Gurobi maxTimeLimit on 'scen_6'. Using dual lower_bound=1.0096956 as valid LB.
INFO: Gurobi maxTimeLimit on 'scen_8'. Using dual lower_bound=0.99986091 as valid LB.
INFO: Gurobi maxTimeLimit on 'scen_11'. Using dual lower_bound=1.0258538 as valid LB.
INFO: Gurobi maxTimeLimit on 'scen_14'. Using dual lower_bound=0.98829243 as valid LB.
INFO: Gurobi maxTimeLimit on 'scen_15'. Using dual lower_bound=1.0614016 as valid LB.
INFO: Gurobi maxTimeLimit on 'scen_21'. Using dual lower_bound=0.95922274 as valid LB.
INFO: Gurobi maxTimeLimit on 'scen_23'. Using dual lower_bound=0.99754587 as valid LB.
INFO: Gurobi maxTimeLimit on 'scen_25'. Using dual lower_bound=1.049614 as valid LB.
INFO: Gurobi maxTimeLimit on 'scen_27'. Using dual lower_bound=0.94691798 as valid LB.
INFO: Gurobi maxTimeLimit on 'scen_29'. Using dual lower_bound=1.0590995 as valid LB.
INFO: Gurobi maxTimeLimit on 'scen_30'. Using dual lower_bound=0.96388494 as valid LB.
INFO: Gurobi maxTimeLimit on 'scen_34'. Using dual lower_bound=1.0268938 as valid LB.
INFO: Gurobi maxTimeLimit on 'scen_35'. Using dual lower_bound=0.96497806 as valid LB.
INFO: Gurobi maxTimeLimit on 'scen_36'. Using dual lower_bound=1.0524036 as valid LB.
INFO: Gurobi maxTimeLimit on 'scen_37'. Using dual lower_bound=0.95434208 as valid LB.
INFO: Gurobi maxTimeLimit on 'scen_38'. Using dual lower_bound=0.9840422 as valid LB.
INFO: Gurobi maxTimeLimit on 'scen_39'. Using dual lower_bound=0.97443031 as valid LB.
INFO: Gurobi maxTimeLimit on 'scen_40'. Using dual lower_bound=0.9686092 as valid LB.
INFO: Gurobi maxTimeLimit on 'scen_43'. Using dual lower_bound=1.084362 as valid LB.
INFO: Gurobi maxTimeLimit on 'scen_46'. Using dual lower_bound=0.96188259 as valid LB.
INFO: Gurobi maxTimeLimit on 'scen_47'. Using dual lower_bound=0.94629667 as valid LB.
INFO: Gurobi maxTimeLimit on 'scen_49'. Using dual lower_bound=0.94703112 as valid LB.
INFO: Gurobi maxTimeLimit on 'scen_50'. Using dual lower_bound=0.9952461 as valid LB.
       23821.685              11                           * L U      0.97687441       1.8416849        46.9576%         0.86481              12
       24063.977              12                           * U        0.97687441      0.98045026         0.3647%        0.003576              13
INFO: Gurobi maxTimeLimit on 'scen_2'. Using dual lower_bound=0.95495724 as valid LB.
INFO: Gurobi maxTimeLimit on 'scen_3'. Using dual lower_bound=1.0470036 as valid LB.
INFO: Gurobi maxTimeLimit on 'scen_4'. Using dual lower_bound=0.96833294 as valid LB.
INFO: Gurobi maxTimeLimit on 'scen_5'. Using dual lower_bound=0.94279168 as valid LB.
INFO: Gurobi maxTimeLimit on 'scen_6'. Using dual lower_bound=1.0096956 as valid LB.
INFO: Gurobi maxTimeLimit on 'scen_7'. Using dual lower_bound=0.94662148 as valid LB.
INFO: Gurobi maxTimeLimit on 'scen_8'. Using dual lower_bound=0.99986091 as valid LB.
INFO: Gurobi maxTimeLimit on 'scen_9'. Using dual lower_bound=0.96093475 as valid LB.
INFO: Gurobi maxTimeLimit on 'scen_10'. Using dual lower_bound=0.96445191 as valid LB.
INFO: Gurobi maxTimeLimit on 'scen_11'. Using dual lower_bound=1.0292367 as valid LB.
INFO: Gurobi maxTimeLimit on 'scen_13'. Using dual lower_bound=0.97427167 as valid LB.
INFO: Gurobi maxTimeLimit on 'scen_14'. Using dual lower_bound=0.98829243 as valid LB.
INFO: Gurobi maxTimeLimit on 'scen_15'. Using dual lower_bound=1.0614016 as valid LB.
INFO: Gurobi maxTimeLimit on 'scen_16'. Using dual lower_bound=0.95532364 as valid LB.
INFO: Gurobi maxTimeLimit on 'scen_17'. Using dual lower_bound=0.9535668 as valid LB.
INFO: Gurobi maxTimeLimit on 'scen_19'. Using dual lower_bound=0.94809424 as valid LB.
INFO: Gurobi maxTimeLimit on 'scen_20'. Using dual lower_bound=0.94883093 as valid LB.
INFO: Gurobi maxTimeLimit on 'scen_21'. Using dual lower_bound=0.95922274 as valid LB.
INFO: Gurobi maxTimeLimit on 'scen_22'. Using dual lower_bound=0.94235664 as valid LB.
INFO: Gurobi maxTimeLimit on 'scen_23'. Using dual lower_bound=0.99754587 as valid LB.
INFO: Gurobi maxTimeLimit on 'scen_24'. Using dual lower_bound=0.96232642 as valid LB.
INFO: Gurobi maxTimeLimit on 'scen_25'. Using dual lower_bound=1.049614 as valid LB.
INFO: Gurobi maxTimeLimit on 'scen_26'. Using dual lower_bound=0.94072147 as valid LB.
INFO: Gurobi maxTimeLimit on 'scen_27'. Using dual lower_bound=0.94691798 as valid LB.
INFO: Gurobi maxTimeLimit on 'scen_28'. Using dual lower_bound=0.9414303 as valid LB.
INFO: Gurobi maxTimeLimit on 'scen_29'. Using dual lower_bound=1.0590995 as valid LB.
INFO: Gurobi maxTimeLimit on 'scen_30'. Using dual lower_bound=0.96388494 as valid LB.
INFO: Gurobi maxTimeLimit on 'scen_31'. Using dual lower_bound=0.94354942 as valid LB.
INFO: Gurobi maxTimeLimit on 'scen_32'. Using dual lower_bound=0.94458315 as valid LB.
INFO: Gurobi maxTimeLimit on 'scen_33'. Using dual lower_bound=1.1051261 as valid LB.
INFO: Gurobi maxTimeLimit on 'scen_34'. Using dual lower_bound=1.0268938 as valid LB.
INFO: Gurobi maxTimeLimit on 'scen_35'. Using dual lower_bound=0.96497806 as valid LB.
INFO: Gurobi maxTimeLimit on 'scen_36'. Using dual lower_bound=1.0524036 as valid LB.
INFO: Gurobi maxTimeLimit on 'scen_38'. Using dual lower_bound=0.9840422 as valid LB.
INFO: Gurobi maxTimeLimit on 'scen_39'. Using dual lower_bound=0.97443031 as valid LB.
INFO: Gurobi maxTimeLimit on 'scen_40'. Using dual lower_bound=0.97196431 as valid LB.
INFO: Gurobi maxTimeLimit on 'scen_41'. Using dual lower_bound=0.94365858 as valid LB.
INFO: Gurobi maxTimeLimit on 'scen_42'. Using dual lower_bound=0.95145003 as valid LB.
INFO: Gurobi maxTimeLimit on 'scen_43'. Using dual lower_bound=1.084362 as valid LB.
INFO: Gurobi maxTimeLimit on 'scen_44'. Using dual lower_bound=0.94558765 as valid LB.
INFO: Gurobi maxTimeLimit on 'scen_45'. Using dual lower_bound=0.9551423 as valid LB.
INFO: Gurobi maxTimeLimit on 'scen_46'. Using dual lower_bound=0.96188259 as valid LB.
INFO: Gurobi maxTimeLimit on 'scen_48'. Using dual lower_bound=0.94933947 as valid LB.
INFO: Gurobi maxTimeLimit on 'scen_49'. Using dual lower_bound=0.94703112 as valid LB.
INFO: Gurobi maxTimeLimit on 'scen_50'. Using dual lower_bound=0.9952461 as valid LB.
       26939.062              13                           * L        0.97688585      0.98045026         0.3635%        0.003564              14
        27216.07              14                           * U        0.97688585      0.97969821         0.2871%        0.002812              15
INFO: Gurobi maxTimeLimit on 'scen_2'. Using dual lower_bound=0.95495724 as valid LB.
INFO: Gurobi maxTimeLimit on 'scen_3'. Using dual lower_bound=1.0470036 as valid LB.
INFO: Gurobi maxTimeLimit on 'scen_4'. Using dual lower_bound=0.96833294 as valid LB.
INFO: Gurobi maxTimeLimit on 'scen_5'. Using dual lower_bound=0.94277463 as valid LB.
INFO: Gurobi maxTimeLimit on 'scen_6'. Using dual lower_bound=1.0096956 as valid LB.
INFO: Gurobi maxTimeLimit on 'scen_7'. Using dual lower_bound=0.94662148 as valid LB.
INFO: Gurobi maxTimeLimit on 'scen_8'. Using dual lower_bound=0.99986091 as valid LB.
INFO: Gurobi maxTimeLimit on 'scen_9'. Using dual lower_bound=0.95691062 as valid LB.
INFO: Gurobi maxTimeLimit on 'scen_10'. Using dual lower_bound=0.9642355 as valid LB.
INFO: Gurobi maxTimeLimit on 'scen_11'. Using dual lower_bound=1.0258538 as valid LB.
INFO: Gurobi maxTimeLimit on 'scen_12'. Using dual lower_bound=0.95263928 as valid LB.
INFO: Gurobi maxTimeLimit on 'scen_13'. Using dual lower_bound=0.97416459 as valid LB.
INFO: Gurobi maxTimeLimit on 'scen_14'. Using dual lower_bound=0.98829243 as valid LB.
INFO: Gurobi maxTimeLimit on 'scen_15'. Using dual lower_bound=1.0614016 as valid LB.
INFO: Gurobi maxTimeLimit on 'scen_16'. Using dual lower_bound=0.95451316 as valid LB.
INFO: Gurobi maxTimeLimit on 'scen_17'. Using dual lower_bound=0.95415676 as valid LB.
INFO: Gurobi maxTimeLimit on 'scen_19'. Using dual lower_bound=0.94809424 as valid LB.
INFO: Gurobi maxTimeLimit on 'scen_20'. Using dual lower_bound=0.94883093 as valid LB.
INFO: Gurobi maxTimeLimit on 'scen_21'. Using dual lower_bound=0.95959499 as valid LB.
INFO: Gurobi maxTimeLimit on 'scen_23'. Using dual lower_bound=0.99754587 as valid LB.
INFO: Gurobi maxTimeLimit on 'scen_24'. Using dual lower_bound=0.96163727 as valid LB.
INFO: Gurobi maxTimeLimit on 'scen_25'. Using dual lower_bound=1.049614 as valid LB.
INFO: Gurobi maxTimeLimit on 'scen_27'. Using dual lower_bound=0.94691798 as valid LB.
INFO: Gurobi maxTimeLimit on 'scen_28'. Using dual lower_bound=0.94153916 as valid LB.
INFO: Gurobi maxTimeLimit on 'scen_29'. Using dual lower_bound=1.0678289 as valid LB.
INFO: Gurobi maxTimeLimit on 'scen_30'. Using dual lower_bound=0.96388494 as valid LB.
INFO: Gurobi maxTimeLimit on 'scen_32'. Using dual lower_bound=0.94458315 as valid LB.
INFO: Gurobi maxTimeLimit on 'scen_33'. Using dual lower_bound=1.1046803 as valid LB.
INFO: Gurobi maxTimeLimit on 'scen_34'. Using dual lower_bound=1.0268938 as valid LB.
INFO: Gurobi maxTimeLimit on 'scen_35'. Using dual lower_bound=0.96497806 as valid LB.
INFO: Gurobi maxTimeLimit on 'scen_36'. Using dual lower_bound=1.0524036 as valid LB.
INFO: Gurobi maxTimeLimit on 'scen_37'. Using dual lower_bound=0.95550684 as valid LB.
INFO: Gurobi maxTimeLimit on 'scen_38'. Using dual lower_bound=0.9840422 as valid LB.
INFO: Gurobi maxTimeLimit on 'scen_39'. Using dual lower_bound=0.97443031 as valid LB.
INFO: Gurobi maxTimeLimit on 'scen_40'. Using dual lower_bound=0.9686092 as valid LB.
INFO: Gurobi maxTimeLimit on 'scen_41'. Using dual lower_bound=0.94365858 as valid LB.
INFO: Gurobi maxTimeLimit on 'scen_42'. Using dual lower_bound=0.95145003 as valid LB.
INFO: Gurobi maxTimeLimit on 'scen_43'. Using dual lower_bound=1.084362 as valid LB.
INFO: Gurobi maxTimeLimit on 'scen_44'. Using dual lower_bound=0.94553298 as valid LB.
INFO: Gurobi maxTimeLimit on 'scen_45'. Using dual lower_bound=0.95501792 as valid LB.
INFO: Gurobi maxTimeLimit on 'scen_46'. Using dual lower_bound=0.96188259 as valid LB.
INFO: Gurobi maxTimeLimit on 'scen_48'. Using dual lower_bound=0.94933947 as valid LB.
INFO: Gurobi maxTimeLimit on 'scen_49'. Using dual lower_bound=0.94703112 as valid LB.
INFO: Gurobi maxTimeLimit on 'scen_50'. Using dual lower_bound=0.9952461 as valid LB.
       30311.297              15                           * L        0.97714716      0.97969821         0.2604%        0.002551              16
INFO: Gurobi maxTimeLimit on 'scen_2'. Using dual lower_bound=0.95495724 as valid LB.
INFO: Gurobi maxTimeLimit on 'scen_3'. Using dual lower_bound=1.0470036 as valid LB.
INFO: Gurobi maxTimeLimit on 'scen_4'. Using dual lower_bound=0.96833294 as valid LB.
INFO: Gurobi maxTimeLimit on 'scen_5'. Using dual lower_bound=0.94277463 as valid LB.
INFO: Gurobi maxTimeLimit on 'scen_6'. Using dual lower_bound=1.0096956 as valid LB.
INFO: Gurobi maxTimeLimit on 'scen_7'. Using dual lower_bound=0.94662148 as valid LB.
INFO: Gurobi maxTimeLimit on 'scen_8'. Using dual lower_bound=0.99986091 as valid LB.
INFO: Gurobi maxTimeLimit on 'scen_9'. Using dual lower_bound=0.95691062 as valid LB.
INFO: Gurobi maxTimeLimit on 'scen_10'. Using dual lower_bound=0.9642355 as valid LB.
INFO: Gurobi maxTimeLimit on 'scen_11'. Using dual lower_bound=1.0350994 as valid LB.
INFO: Gurobi maxTimeLimit on 'scen_13'. Using dual lower_bound=0.97416459 as valid LB.
INFO: Gurobi maxTimeLimit on 'scen_14'. Using dual lower_bound=0.98829243 as valid LB.
INFO: Gurobi maxTimeLimit on 'scen_15'. Using dual lower_bound=1.0614016 as valid LB.
INFO: Gurobi maxTimeLimit on 'scen_16'. Using dual lower_bound=0.95451316 as valid LB.
INFO: Gurobi maxTimeLimit on 'scen_17'. Using dual lower_bound=0.95415676 as valid LB.
INFO: Gurobi maxTimeLimit on 'scen_19'. Using dual lower_bound=0.94809424 as valid LB.
INFO: Gurobi maxTimeLimit on 'scen_20'. Using dual lower_bound=0.94883093 as valid LB.
INFO: Gurobi maxTimeLimit on 'scen_21'. Using dual lower_bound=0.95959499 as valid LB.
INFO: Gurobi maxTimeLimit on 'scen_23'. Using dual lower_bound=0.99754587 as valid LB.
INFO: Gurobi maxTimeLimit on 'scen_25'. Using dual lower_bound=1.049614 as valid LB.
INFO: Gurobi maxTimeLimit on 'scen_29'. Using dual lower_bound=1.0678289 as valid LB.
INFO: Gurobi maxTimeLimit on 'scen_30'. Using dual lower_bound=0.96388494 as valid LB.
INFO: Gurobi maxTimeLimit on 'scen_32'. Using dual lower_bound=0.94458315 as valid LB.
INFO: Gurobi maxTimeLimit on 'scen_33'. Using dual lower_bound=1.1046803 as valid LB.
INFO: Gurobi maxTimeLimit on 'scen_34'. Using dual lower_bound=1.0268938 as valid LB.
INFO: Gurobi maxTimeLimit on 'scen_35'. Using dual lower_bound=0.96497806 as valid LB.
INFO: Gurobi maxTimeLimit on 'scen_36'. Using dual lower_bound=1.0524036 as valid LB.
