JobID: 21955488
Node:  fc30560
Start: Thu Feb  5 19:43:46 PST 2026
Work:  /home/yinhuang/snoglode-main-2-ori-record3/examples/stochastic_pid
-rw-r----- 1 yinhuang yinhuang 17K Feb  5 18:48 /home/yinhuang/snoglode-main-2-ori-record3/examples/stochastic_pid/stochastic_pid.py
Python: /home/yinhuang/micromamba/envs/pidsp-sim-fir/bin/python
Python 3.11.14
No mpi4py detected - running in serial.
--------------------------------------------------
SNoGloDe Solver Parameters
--------------------------------------------------

Subproblem Names:
  - scen_1
  - scen_2
  - scen_3
  - scen_4
  - scen_5
  - scen_6
  - scen_7
  - scen_8
  - scen_9
  - scen_10
  - scen_11
  - scen_12
  - scen_13
  - scen_14
  - scen_15
  - scen_16
  - scen_17
  - scen_18
  - scen_19
  - scen_20
  - scen_21
  - scen_22
  - scen_23
  - scen_24
  - scen_25
  - scen_26
  - scen_27
  - scen_28
  - scen_29
  - scen_30
  - scen_31
  - scen_32
  - scen_33
  - scen_34
  - scen_35
  - scen_36
  - scen_37
  - scen_38
  - scen_39
  - scen_40
  - scen_41
  - scen_42
  - scen_43
  - scen_44
  - scen_45
  - scen_46
  - scen_47
  - scen_48
  - scen_49
  - scen_50
Total # subproblems: 50

LB solver: gurobi
UB solver: gurobi
CG solver: ipopt

Global convergance guaranteed: True
Epsilon: 0.001
Perform FBBT: True
Perform OBBT: True
Relax binaries at LB: False
Relax integers at LB: False

Bounder Information
  - Lower Bounder: GurobiLBLowerBounder
  - Candidate Generator: SolveExtensiveForm

Queuing strategy: QueueStrategy.bound
Using a node feasibility checker? : False

Branching Information
  - Selection Strategy: HybridBranching
  - Partition Strategy: ExpectedValue

Verbose: True
No log file generated.

--------------------------------------------------
Generating the models for the subproblems.
	Scenario scen_1 has 3 first stage vars.
	Scenario scen_2 has 3 first stage vars.
	Scenario scen_3 has 3 first stage vars.
	Scenario scen_4 has 3 first stage vars.
	Scenario scen_5 has 3 first stage vars.
	Scenario scen_6 has 3 first stage vars.
	Scenario scen_7 has 3 first stage vars.
	Scenario scen_8 has 3 first stage vars.
	Scenario scen_9 has 3 first stage vars.
	Scenario scen_10 has 3 first stage vars.
	Scenario scen_11 has 3 first stage vars.
	Scenario scen_12 has 3 first stage vars.
	Scenario scen_13 has 3 first stage vars.
	Scenario scen_14 has 3 first stage vars.
	Scenario scen_15 has 3 first stage vars.
	Scenario scen_16 has 3 first stage vars.
	Scenario scen_17 has 3 first stage vars.
	Scenario scen_18 has 3 first stage vars.
	Scenario scen_19 has 3 first stage vars.
	Scenario scen_20 has 3 first stage vars.
	Scenario scen_21 has 3 first stage vars.
	Scenario scen_22 has 3 first stage vars.
	Scenario scen_23 has 3 first stage vars.
	Scenario scen_24 has 3 first stage vars.
	Scenario scen_25 has 3 first stage vars.
	Scenario scen_26 has 3 first stage vars.
	Scenario scen_27 has 3 first stage vars.
	Scenario scen_28 has 3 first stage vars.
	Scenario scen_29 has 3 first stage vars.
	Scenario scen_30 has 3 first stage vars.
	Scenario scen_31 has 3 first stage vars.
	Scenario scen_32 has 3 first stage vars.
	Scenario scen_33 has 3 first stage vars.
	Scenario scen_34 has 3 first stage vars.
	Scenario scen_35 has 3 first stage vars.
	Scenario scen_36 has 3 first stage vars.
	Scenario scen_37 has 3 first stage vars.
	Scenario scen_38 has 3 first stage vars.
	Scenario scen_39 has 3 first stage vars.
	Scenario scen_40 has 3 first stage vars.
	Scenario scen_41 has 3 first stage vars.
	Scenario scen_42 has 3 first stage vars.
	Scenario scen_43 has 3 first stage vars.
	Scenario scen_44 has 3 first stage vars.
	Scenario scen_45 has 3 first stage vars.
	Scenario scen_46 has 3 first stage vars.
	Scenario scen_47 has 3 first stage vars.
	Scenario scen_48 has 3 first stage vars.
	Scenario scen_49 has 3 first stage vars.
	Scenario scen_50 has 3 first stage vars.
Finished generating subproblem models.
Node rooted.
Using EF method for candidate solution. No EF bound. Building EF.
EF built.
INFO: Gurobi maxTimeLimit on 'scen_2'. Using dual lower_bound=0.95495724 as valid LB.
INFO: Gurobi maxTimeLimit on 'scen_3'. Using dual lower_bound=1.0426326 as valid LB.
INFO: Gurobi maxTimeLimit on 'scen_4'. Using dual lower_bound=0.96494495 as valid LB.
INFO: Gurobi maxTimeLimit on 'scen_6'. Using dual lower_bound=1.0033295 as valid LB.
INFO: Gurobi maxTimeLimit on 'scen_8'. Using dual lower_bound=0.99984646 as valid LB.
INFO: Gurobi maxTimeLimit on 'scen_9'. Using dual lower_bound=0.95491982 as valid LB.
INFO: Gurobi maxTimeLimit on 'scen_10'. Using dual lower_bound=0.96117164 as valid LB.
INFO: Gurobi maxTimeLimit on 'scen_11'. Using dual lower_bound=1.0258063 as valid LB.
INFO: Gurobi maxTimeLimit on 'scen_12'. Using dual lower_bound=0.95075021 as valid LB.
INFO: Gurobi maxTimeLimit on 'scen_13'. Using dual lower_bound=0.97102637 as valid LB.
INFO: Gurobi maxTimeLimit on 'scen_14'. Using dual lower_bound=0.98819046 as valid LB.
INFO: Gurobi maxTimeLimit on 'scen_15'. Using dual lower_bound=1.0528905 as valid LB.
INFO: Gurobi maxTimeLimit on 'scen_16'. Using dual lower_bound=0.95262769 as valid LB.
INFO: Gurobi maxTimeLimit on 'scen_17'. Using dual lower_bound=0.95177323 as valid LB.
INFO: Gurobi maxTimeLimit on 'scen_19'. Using dual lower_bound=0.94663802 as valid LB.
INFO: Gurobi maxTimeLimit on 'scen_20'. Using dual lower_bound=0.94759163 as valid LB.
INFO: Gurobi maxTimeLimit on 'scen_21'. Using dual lower_bound=0.95735324 as valid LB.
INFO: Gurobi maxTimeLimit on 'scen_23'. Using dual lower_bound=0.99754587 as valid LB.
INFO: Gurobi maxTimeLimit on 'scen_24'. Using dual lower_bound=0.96046053 as valid LB.
INFO: Gurobi maxTimeLimit on 'scen_25'. Using dual lower_bound=1.0435502 as valid LB.
INFO: Gurobi maxTimeLimit on 'scen_29'. Using dual lower_bound=1.058876 as valid LB.
INFO: Gurobi maxTimeLimit on 'scen_30'. Using dual lower_bound=0.9638849 as valid LB.
INFO: Gurobi maxTimeLimit on 'scen_33'. Using dual lower_bound=1.0955697 as valid LB.
INFO: Gurobi maxTimeLimit on 'scen_34'. Using dual lower_bound=1.0268835 as valid LB.
INFO: Gurobi maxTimeLimit on 'scen_36'. Using dual lower_bound=1.0471206 as valid LB.
INFO: Gurobi maxTimeLimit on 'scen_37'. Using dual lower_bound=0.95434208 as valid LB.
INFO: Gurobi maxTimeLimit on 'scen_38'. Using dual lower_bound=0.9840422 as valid LB.
INFO: Gurobi maxTimeLimit on 'scen_39'. Using dual lower_bound=0.97443031 as valid LB.
INFO: Gurobi maxTimeLimit on 'scen_40'. Using dual lower_bound=0.96535142 as valid LB.
INFO: Gurobi maxTimeLimit on 'scen_42'. Using dual lower_bound=0.94989515 as valid LB.
INFO: Gurobi maxTimeLimit on 'scen_43'. Using dual lower_bound=1.0779918 as valid LB.
INFO: Gurobi maxTimeLimit on 'scen_45'. Using dual lower_bound=0.95182759 as valid LB.
INFO: Gurobi maxTimeLimit on 'scen_46'. Using dual lower_bound=0.96188244 as valid LB.
INFO: Gurobi maxTimeLimit on 'scen_50'. Using dual lower_bound=0.9952461 as valid LB.
        Time (s)  Nodes Explored       Pruned by                              LB              UB        Rel. Gap        Abs. Gap         # Nodes
---------------------------------------------------------------------------------------------------------------------------------------------------------------------------
         568.966               1                           * L        0.97509949             inf            inf%             inf               2
INFO: Gurobi maxTimeLimit on 'scen_2'. Using dual lower_bound=0.95495724 as valid LB.
INFO: Gurobi maxTimeLimit on 'scen_3'. Using dual lower_bound=1.0426326 as valid LB.
INFO: Gurobi maxTimeLimit on 'scen_4'. Using dual lower_bound=0.96494495 as valid LB.
INFO: Gurobi maxTimeLimit on 'scen_6'. Using dual lower_bound=1.0033295 as valid LB.
INFO: Gurobi maxTimeLimit on 'scen_8'. Using dual lower_bound=0.99984646 as valid LB.
INFO: Gurobi maxTimeLimit on 'scen_9'. Using dual lower_bound=0.95491982 as valid LB.
INFO: Gurobi maxTimeLimit on 'scen_10'. Using dual lower_bound=0.96117164 as valid LB.
INFO: Gurobi maxTimeLimit on 'scen_11'. Using dual lower_bound=1.0258063 as valid LB.
INFO: Gurobi maxTimeLimit on 'scen_12'. Using dual lower_bound=0.95075021 as valid LB.
INFO: Gurobi maxTimeLimit on 'scen_13'. Using dual lower_bound=0.97102637 as valid LB.
INFO: Gurobi maxTimeLimit on 'scen_14'. Using dual lower_bound=0.98819046 as valid LB.
INFO: Gurobi maxTimeLimit on 'scen_15'. Using dual lower_bound=1.0528905 as valid LB.
INFO: Gurobi maxTimeLimit on 'scen_17'. Using dual lower_bound=0.95177323 as valid LB.
INFO: Gurobi maxTimeLimit on 'scen_19'. Using dual lower_bound=0.94663802 as valid LB.
INFO: Gurobi maxTimeLimit on 'scen_20'. Using dual lower_bound=0.94759163 as valid LB.
INFO: Gurobi maxTimeLimit on 'scen_21'. Using dual lower_bound=0.95735324 as valid LB.
INFO: Gurobi maxTimeLimit on 'scen_23'. Using dual lower_bound=0.99754587 as valid LB.
INFO: Gurobi maxTimeLimit on 'scen_24'. Using dual lower_bound=0.96046053 as valid LB.
INFO: Gurobi maxTimeLimit on 'scen_25'. Using dual lower_bound=1.0435502 as valid LB.
INFO: Gurobi maxTimeLimit on 'scen_29'. Using dual lower_bound=1.058876 as valid LB.
INFO: Gurobi maxTimeLimit on 'scen_30'. Using dual lower_bound=0.9638849 as valid LB.
INFO: Gurobi maxTimeLimit on 'scen_33'. Using dual lower_bound=1.0955697 as valid LB.
INFO: Gurobi maxTimeLimit on 'scen_34'. Using dual lower_bound=1.0268835 as valid LB.
INFO: Gurobi maxTimeLimit on 'scen_36'. Using dual lower_bound=1.0471206 as valid LB.
INFO: Gurobi maxTimeLimit on 'scen_37'. Using dual lower_bound=0.95434208 as valid LB.
INFO: Gurobi maxTimeLimit on 'scen_38'. Using dual lower_bound=0.9840422 as valid LB.
INFO: Gurobi maxTimeLimit on 'scen_39'. Using dual lower_bound=0.97443031 as valid LB.
INFO: Gurobi maxTimeLimit on 'scen_40'. Using dual lower_bound=0.96535142 as valid LB.
INFO: Gurobi maxTimeLimit on 'scen_42'. Using dual lower_bound=0.94989515 as valid LB.
INFO: Gurobi maxTimeLimit on 'scen_43'. Using dual lower_bound=1.0779918 as valid LB.
INFO: Gurobi maxTimeLimit on 'scen_45'. Using dual lower_bound=0.95182759 as valid LB.
INFO: Gurobi maxTimeLimit on 'scen_46'. Using dual lower_bound=0.96188244 as valid LB.
INFO: Gurobi maxTimeLimit on 'scen_50'. Using dual lower_bound=0.9952461 as valid LB.
        1148.432               2                                      0.97509949             inf            inf%             inf               3
INFO: Gurobi maxTimeLimit on 'scen_2'. Using dual lower_bound=0.95495724 as valid LB.
INFO: Gurobi maxTimeLimit on 'scen_3'. Using dual lower_bound=1.0426326 as valid LB.
INFO: Gurobi maxTimeLimit on 'scen_9'. Using dual lower_bound=0.95491982 as valid LB.
INFO: Gurobi maxTimeLimit on 'scen_10'. Using dual lower_bound=0.96117164 as valid LB.
INFO: Gurobi maxTimeLimit on 'scen_14'. Using dual lower_bound=0.98819046 as valid LB.
INFO: Gurobi maxTimeLimit on 'scen_15'. Using dual lower_bound=1.0528905 as valid LB.
INFO: Gurobi maxTimeLimit on 'scen_17'. Using dual lower_bound=0.95177323 as valid LB.
INFO: Gurobi maxTimeLimit on 'scen_20'. Using dual lower_bound=0.94759163 as valid LB.
INFO: Gurobi maxTimeLimit on 'scen_21'. Using dual lower_bound=0.95735324 as valid LB.
INFO: Gurobi maxTimeLimit on 'scen_23'. Using dual lower_bound=0.99754587 as valid LB.
INFO: Gurobi maxTimeLimit on 'scen_24'. Using dual lower_bound=0.96046053 as valid LB.
INFO: Gurobi maxTimeLimit on 'scen_25'. Using dual lower_bound=1.0435502 as valid LB.
INFO: Gurobi maxTimeLimit on 'scen_29'. Using dual lower_bound=1.0707579 as valid LB.
INFO: Gurobi maxTimeLimit on 'scen_30'. Using dual lower_bound=0.9638849 as valid LB.
INFO: Gurobi maxTimeLimit on 'scen_33'. Using dual lower_bound=1.0955697 as valid LB.
INFO: Gurobi maxTimeLimit on 'scen_34'. Using dual lower_bound=1.0396295 as valid LB.
INFO: Gurobi maxTimeLimit on 'scen_35'. Using dual lower_bound=0.96497806 as valid LB.
INFO: Gurobi maxTimeLimit on 'scen_36'. Using dual lower_bound=1.0471206 as valid LB.
INFO: Gurobi maxTimeLimit on 'scen_37'. Using dual lower_bound=0.95434208 as valid LB.
INFO: Gurobi maxTimeLimit on 'scen_38'. Using dual lower_bound=0.9840422 as valid LB.
INFO: Gurobi maxTimeLimit on 'scen_39'. Using dual lower_bound=0.97443031 as valid LB.
INFO: Gurobi maxTimeLimit on 'scen_40'. Using dual lower_bound=0.96535142 as valid LB.
INFO: Gurobi maxTimeLimit on 'scen_43'. Using dual lower_bound=1.0870058 as valid LB.
INFO: Gurobi maxTimeLimit on 'scen_46'. Using dual lower_bound=0.96188244 as valid LB.
INFO: Gurobi maxTimeLimit on 'scen_48'. Using dual lower_bound=0.94842116 as valid LB.
INFO: Gurobi maxTimeLimit on 'scen_50'. Using dual lower_bound=0.9952461 as valid LB.
        1748.914               3                           * L        0.97516326             inf            inf%             inf               4
INFO: Gurobi maxTimeLimit on 'scen_2'. Using dual lower_bound=0.95495724 as valid LB.
INFO: Gurobi maxTimeLimit on 'scen_3'. Using dual lower_bound=1.0426326 as valid LB.
INFO: Gurobi maxTimeLimit on 'scen_4'. Using dual lower_bound=0.96494495 as valid LB.
INFO: Gurobi maxTimeLimit on 'scen_6'. Using dual lower_bound=1.0033295 as valid LB.
INFO: Gurobi maxTimeLimit on 'scen_8'. Using dual lower_bound=0.99984646 as valid LB.
INFO: Gurobi maxTimeLimit on 'scen_10'. Using dual lower_bound=0.96117164 as valid LB.
INFO: Gurobi maxTimeLimit on 'scen_11'. Using dual lower_bound=1.0258063 as valid LB.
INFO: Gurobi maxTimeLimit on 'scen_13'. Using dual lower_bound=0.97266954 as valid LB.
INFO: Gurobi maxTimeLimit on 'scen_14'. Using dual lower_bound=0.98819046 as valid LB.
INFO: Gurobi maxTimeLimit on 'scen_15'. Using dual lower_bound=1.0528905 as valid LB.
INFO: Gurobi maxTimeLimit on 'scen_21'. Using dual lower_bound=0.95735324 as valid LB.
INFO: Gurobi maxTimeLimit on 'scen_23'. Using dual lower_bound=0.99754587 as valid LB.
INFO: Gurobi maxTimeLimit on 'scen_25'. Using dual lower_bound=1.0435502 as valid LB.
INFO: Gurobi maxTimeLimit on 'scen_29'. Using dual lower_bound=1.058876 as valid LB.
INFO: Gurobi maxTimeLimit on 'scen_30'. Using dual lower_bound=0.9638849 as valid LB.
INFO: Gurobi maxTimeLimit on 'scen_33'. Using dual lower_bound=1.0955697 as valid LB.
INFO: Gurobi maxTimeLimit on 'scen_34'. Using dual lower_bound=1.0268835 as valid LB.
INFO: Gurobi maxTimeLimit on 'scen_36'. Using dual lower_bound=1.0471206 as valid LB.
INFO: Gurobi maxTimeLimit on 'scen_37'. Using dual lower_bound=0.95434208 as valid LB.
INFO: Gurobi maxTimeLimit on 'scen_38'. Using dual lower_bound=0.9840422 as valid LB.
INFO: Gurobi maxTimeLimit on 'scen_39'. Using dual lower_bound=0.97443031 as valid LB.
INFO: Gurobi maxTimeLimit on 'scen_40'. Using dual lower_bound=0.96535142 as valid LB.
INFO: Gurobi maxTimeLimit on 'scen_42'. Using dual lower_bound=0.94989515 as valid LB.
INFO: Gurobi maxTimeLimit on 'scen_43'. Using dual lower_bound=1.0779918 as valid LB.
INFO: Gurobi maxTimeLimit on 'scen_45'. Using dual lower_bound=0.95182759 as valid LB.
INFO: Gurobi maxTimeLimit on 'scen_46'. Using dual lower_bound=0.96188244 as valid LB.
INFO: Gurobi maxTimeLimit on 'scen_50'. Using dual lower_bound=0.9952461 as valid LB.
        2289.212               4                           * U        0.97516326       2.1319998        54.2606%        1.156837               5
INFO: Gurobi maxTimeLimit on 'scen_2'. Using dual lower_bound=0.95495724 as valid LB.
INFO: Gurobi maxTimeLimit on 'scen_3'. Using dual lower_bound=1.0426326 as valid LB.
INFO: Gurobi maxTimeLimit on 'scen_6'. Using dual lower_bound=1.0033295 as valid LB.
INFO: Gurobi maxTimeLimit on 'scen_8'. Using dual lower_bound=0.99984646 as valid LB.
INFO: Gurobi maxTimeLimit on 'scen_10'. Using dual lower_bound=0.96117164 as valid LB.
INFO: Gurobi maxTimeLimit on 'scen_11'. Using dual lower_bound=1.0258063 as valid LB.
INFO: Gurobi maxTimeLimit on 'scen_14'. Using dual lower_bound=0.98819046 as valid LB.
INFO: Gurobi maxTimeLimit on 'scen_15'. Using dual lower_bound=1.0528905 as valid LB.
INFO: Gurobi maxTimeLimit on 'scen_16'. Using dual lower_bound=0.95356416 as valid LB.
INFO: Gurobi maxTimeLimit on 'scen_17'. Using dual lower_bound=0.95177323 as valid LB.
INFO: Gurobi maxTimeLimit on 'scen_20'. Using dual lower_bound=0.94759163 as valid LB.
INFO: Gurobi maxTimeLimit on 'scen_21'. Using dual lower_bound=0.95887865 as valid LB.
INFO: Gurobi maxTimeLimit on 'scen_23'. Using dual lower_bound=0.99754587 as valid LB.
INFO: Gurobi maxTimeLimit on 'scen_24'. Using dual lower_bound=0.96046053 as valid LB.
INFO: Gurobi maxTimeLimit on 'scen_25'. Using dual lower_bound=1.0435502 as valid LB.
INFO: Gurobi maxTimeLimit on 'scen_29'. Using dual lower_bound=1.058876 as valid LB.
INFO: Gurobi maxTimeLimit on 'scen_30'. Using dual lower_bound=0.9638849 as valid LB.
INFO: Gurobi maxTimeLimit on 'scen_33'. Using dual lower_bound=1.0955697 as valid LB.
INFO: Gurobi maxTimeLimit on 'scen_34'. Using dual lower_bound=1.0268835 as valid LB.
INFO: Gurobi maxTimeLimit on 'scen_36'. Using dual lower_bound=1.0471206 as valid LB.
INFO: Gurobi maxTimeLimit on 'scen_37'. Using dual lower_bound=0.95434208 as valid LB.
INFO: Gurobi maxTimeLimit on 'scen_38'. Using dual lower_bound=0.9840422 as valid LB.
INFO: Gurobi maxTimeLimit on 'scen_39'. Using dual lower_bound=0.97443031 as valid LB.
INFO: Gurobi maxTimeLimit on 'scen_40'. Using dual lower_bound=0.96535142 as valid LB.
INFO: Gurobi maxTimeLimit on 'scen_43'. Using dual lower_bound=1.0779918 as valid LB.
INFO: Gurobi maxTimeLimit on 'scen_46'. Using dual lower_bound=0.96188244 as valid LB.
INFO: Gurobi maxTimeLimit on 'scen_48'. Using dual lower_bound=0.94842116 as valid LB.
INFO: Gurobi maxTimeLimit on 'scen_50'. Using dual lower_bound=0.9952461 as valid LB.
        2867.208               5                           * L        0.97537354       2.1319998        54.2508%        1.156626               6
INFO: Gurobi maxTimeLimit on 'scen_2'. Using dual lower_bound=0.95495724 as valid LB.
INFO: Gurobi maxTimeLimit on 'scen_3'. Using dual lower_bound=1.0426326 as valid LB.
INFO: Gurobi maxTimeLimit on 'scen_6'. Using dual lower_bound=1.0033295 as valid LB.
INFO: Gurobi maxTimeLimit on 'scen_8'. Using dual lower_bound=0.99984646 as valid LB.
INFO: Gurobi maxTimeLimit on 'scen_11'. Using dual lower_bound=1.0258063 as valid LB.
INFO: Gurobi maxTimeLimit on 'scen_13'. Using dual lower_bound=0.97266954 as valid LB.
INFO: Gurobi maxTimeLimit on 'scen_14'. Using dual lower_bound=0.98819046 as valid LB.
INFO: Gurobi maxTimeLimit on 'scen_15'. Using dual lower_bound=1.0528905 as valid LB.
INFO: Gurobi maxTimeLimit on 'scen_16'. Using dual lower_bound=0.95356416 as valid LB.
INFO: Gurobi maxTimeLimit on 'scen_21'. Using dual lower_bound=0.95735324 as valid LB.
INFO: Gurobi maxTimeLimit on 'scen_23'. Using dual lower_bound=0.99754587 as valid LB.
INFO: Gurobi maxTimeLimit on 'scen_25'. Using dual lower_bound=1.0435502 as valid LB.
INFO: Gurobi maxTimeLimit on 'scen_29'. Using dual lower_bound=1.058876 as valid LB.
INFO: Gurobi maxTimeLimit on 'scen_30'. Using dual lower_bound=0.9638849 as valid LB.
INFO: Gurobi maxTimeLimit on 'scen_33'. Using dual lower_bound=1.0955697 as valid LB.
INFO: Gurobi maxTimeLimit on 'scen_34'. Using dual lower_bound=1.0268835 as valid LB.
INFO: Gurobi maxTimeLimit on 'scen_36'. Using dual lower_bound=1.0471206 as valid LB.
INFO: Gurobi maxTimeLimit on 'scen_37'. Using dual lower_bound=0.95434208 as valid LB.
INFO: Gurobi maxTimeLimit on 'scen_38'. Using dual lower_bound=0.9840422 as valid LB.
INFO: Gurobi maxTimeLimit on 'scen_39'. Using dual lower_bound=0.97443031 as valid LB.
INFO: Gurobi maxTimeLimit on 'scen_40'. Using dual lower_bound=0.96535142 as valid LB.
INFO: Gurobi maxTimeLimit on 'scen_42'. Using dual lower_bound=0.94989515 as valid LB.
INFO: Gurobi maxTimeLimit on 'scen_43'. Using dual lower_bound=1.0779918 as valid LB.
INFO: Gurobi maxTimeLimit on 'scen_46'. Using dual lower_bound=0.96188244 as valid LB.
INFO: Gurobi maxTimeLimit on 'scen_50'. Using dual lower_bound=0.9952461 as valid LB.
        3359.777               6                                      0.97537354       2.1319998        54.2508%        1.156626               7
INFO: Gurobi maxTimeLimit on 'scen_2'. Using dual lower_bound=0.95495724 as valid LB.
INFO: Gurobi maxTimeLimit on 'scen_3'. Using dual lower_bound=1.0426326 as valid LB.
INFO: Gurobi maxTimeLimit on 'scen_4'. Using dual lower_bound=0.96494495 as valid LB.
INFO: Gurobi maxTimeLimit on 'scen_6'. Using dual lower_bound=1.0033295 as valid LB.
INFO: Gurobi maxTimeLimit on 'scen_8'. Using dual lower_bound=0.99984646 as valid LB.
INFO: Gurobi maxTimeLimit on 'scen_10'. Using dual lower_bound=0.96117164 as valid LB.
INFO: Gurobi maxTimeLimit on 'scen_11'. Using dual lower_bound=1.0258063 as valid LB.
INFO: Gurobi maxTimeLimit on 'scen_13'. Using dual lower_bound=0.97266954 as valid LB.
INFO: Gurobi maxTimeLimit on 'scen_14'. Using dual lower_bound=0.98819046 as valid LB.
INFO: Gurobi maxTimeLimit on 'scen_15'. Using dual lower_bound=1.0528905 as valid LB.
INFO: Gurobi maxTimeLimit on 'scen_21'. Using dual lower_bound=0.95735324 as valid LB.
INFO: Gurobi maxTimeLimit on 'scen_23'. Using dual lower_bound=0.99754587 as valid LB.
INFO: Gurobi maxTimeLimit on 'scen_25'. Using dual lower_bound=1.0435502 as valid LB.
INFO: Gurobi maxTimeLimit on 'scen_29'. Using dual lower_bound=1.058876 as valid LB.
INFO: Gurobi maxTimeLimit on 'scen_30'. Using dual lower_bound=0.9638849 as valid LB.
INFO: Gurobi maxTimeLimit on 'scen_33'. Using dual lower_bound=1.0955697 as valid LB.
INFO: Gurobi maxTimeLimit on 'scen_34'. Using dual lower_bound=1.0268835 as valid LB.
INFO: Gurobi maxTimeLimit on 'scen_36'. Using dual lower_bound=1.0471206 as valid LB.
INFO: Gurobi maxTimeLimit on 'scen_37'. Using dual lower_bound=0.95434208 as valid LB.
INFO: Gurobi maxTimeLimit on 'scen_38'. Using dual lower_bound=0.9840422 as valid LB.
INFO: Gurobi maxTimeLimit on 'scen_39'. Using dual lower_bound=0.97443031 as valid LB.
INFO: Gurobi maxTimeLimit on 'scen_43'. Using dual lower_bound=1.0779918 as valid LB.
INFO: Gurobi maxTimeLimit on 'scen_46'. Using dual lower_bound=0.96188244 as valid LB.
INFO: Gurobi maxTimeLimit on 'scen_50'. Using dual lower_bound=0.9952461 as valid LB.
        3861.473               7                           * L        0.97553303       2.1319998        54.2433%        1.156467               8
INFO: Gurobi maxTimeLimit on 'scen_2'. Using dual lower_bound=0.95495724 as valid LB.
INFO: Gurobi maxTimeLimit on 'scen_3'. Using dual lower_bound=1.0426326 as valid LB.
INFO: Gurobi maxTimeLimit on 'scen_6'. Using dual lower_bound=1.0033295 as valid LB.
INFO: Gurobi maxTimeLimit on 'scen_8'. Using dual lower_bound=0.99984646 as valid LB.
INFO: Gurobi maxTimeLimit on 'scen_11'. Using dual lower_bound=1.0258063 as valid LB.
INFO: Gurobi maxTimeLimit on 'scen_13'. Using dual lower_bound=0.97266954 as valid LB.
INFO: Gurobi maxTimeLimit on 'scen_14'. Using dual lower_bound=0.98819046 as valid LB.
INFO: Gurobi maxTimeLimit on 'scen_15'. Using dual lower_bound=1.0528905 as valid LB.
INFO: Gurobi maxTimeLimit on 'scen_21'. Using dual lower_bound=0.95735324 as valid LB.
INFO: Gurobi maxTimeLimit on 'scen_23'. Using dual lower_bound=0.99754587 as valid LB.
INFO: Gurobi maxTimeLimit on 'scen_25'. Using dual lower_bound=1.0435502 as valid LB.
INFO: Gurobi maxTimeLimit on 'scen_29'. Using dual lower_bound=1.058876 as valid LB.
INFO: Gurobi maxTimeLimit on 'scen_30'. Using dual lower_bound=0.9638849 as valid LB.
INFO: Gurobi maxTimeLimit on 'scen_33'. Using dual lower_bound=1.0955697 as valid LB.
INFO: Gurobi maxTimeLimit on 'scen_34'. Using dual lower_bound=1.0268835 as valid LB.
INFO: Gurobi maxTimeLimit on 'scen_36'. Using dual lower_bound=1.0471206 as valid LB.
INFO: Gurobi maxTimeLimit on 'scen_37'. Using dual lower_bound=0.95434208 as valid LB.
INFO: Gurobi maxTimeLimit on 'scen_38'. Using dual lower_bound=0.9840422 as valid LB.
INFO: Gurobi maxTimeLimit on 'scen_39'. Using dual lower_bound=0.97443031 as valid LB.
INFO: Gurobi maxTimeLimit on 'scen_40'. Using dual lower_bound=0.96535142 as valid LB.
INFO: Gurobi maxTimeLimit on 'scen_43'. Using dual lower_bound=1.0779918 as valid LB.
INFO: Gurobi maxTimeLimit on 'scen_46'. Using dual lower_bound=0.96188244 as valid LB.
INFO: Gurobi maxTimeLimit on 'scen_50'. Using dual lower_bound=0.9952461 as valid LB.
        4328.918               8                                      0.97553303       2.1319998        54.2433%        1.156467               9
INFO: Gurobi maxTimeLimit on 'scen_2'. Using dual lower_bound=0.95495724 as valid LB.
INFO: Gurobi maxTimeLimit on 'scen_3'. Using dual lower_bound=1.0426326 as valid LB.
INFO: Gurobi maxTimeLimit on 'scen_4'. Using dual lower_bound=0.96740448 as valid LB.
INFO: Gurobi maxTimeLimit on 'scen_6'. Using dual lower_bound=1.0033295 as valid LB.
INFO: Gurobi maxTimeLimit on 'scen_8'. Using dual lower_bound=0.99984646 as valid LB.
INFO: Gurobi maxTimeLimit on 'scen_10'. Using dual lower_bound=0.96348306 as valid LB.
INFO: Gurobi maxTimeLimit on 'scen_11'. Using dual lower_bound=1.0258063 as valid LB.
INFO: Gurobi maxTimeLimit on 'scen_13'. Using dual lower_bound=0.97266954 as valid LB.
INFO: Gurobi maxTimeLimit on 'scen_14'. Using dual lower_bound=0.98819046 as valid LB.
INFO: Gurobi maxTimeLimit on 'scen_15'. Using dual lower_bound=1.0528905 as valid LB.
INFO: Gurobi maxTimeLimit on 'scen_21'. Using dual lower_bound=0.95735324 as valid LB.
INFO: Gurobi maxTimeLimit on 'scen_23'. Using dual lower_bound=0.99754587 as valid LB.
INFO: Gurobi maxTimeLimit on 'scen_25'. Using dual lower_bound=1.0435502 as valid LB.
INFO: Gurobi maxTimeLimit on 'scen_29'. Using dual lower_bound=1.058876 as valid LB.
INFO: Gurobi maxTimeLimit on 'scen_30'. Using dual lower_bound=0.9638849 as valid LB.
INFO: Gurobi maxTimeLimit on 'scen_33'. Using dual lower_bound=1.0955697 as valid LB.
INFO: Gurobi maxTimeLimit on 'scen_34'. Using dual lower_bound=1.0268835 as valid LB.
INFO: Gurobi maxTimeLimit on 'scen_36'. Using dual lower_bound=1.0471206 as valid LB.
INFO: Gurobi maxTimeLimit on 'scen_38'. Using dual lower_bound=0.9840422 as valid LB.
INFO: Gurobi maxTimeLimit on 'scen_39'. Using dual lower_bound=0.97443031 as valid LB.
INFO: Gurobi maxTimeLimit on 'scen_40'. Using dual lower_bound=0.96535142 as valid LB.
INFO: Gurobi maxTimeLimit on 'scen_42'. Using dual lower_bound=0.94989515 as valid LB.
INFO: Gurobi maxTimeLimit on 'scen_43'. Using dual lower_bound=1.0779918 as valid LB.
INFO: Gurobi maxTimeLimit on 'scen_46'. Using dual lower_bound=0.96188244 as valid LB.
INFO: Gurobi maxTimeLimit on 'scen_48'. Using dual lower_bound=0.94842116 as valid LB.
INFO: Gurobi maxTimeLimit on 'scen_50'. Using dual lower_bound=0.9952461 as valid LB.
        4815.109               9                           * L        0.97555787       2.1319998        54.2421%        1.156442              10
INFO: Gurobi maxTimeLimit on 'scen_2'. Using dual lower_bound=0.95495724 as valid LB.
INFO: Gurobi maxTimeLimit on 'scen_4'. Using dual lower_bound=0.96826264 as valid LB.
INFO: Gurobi maxTimeLimit on 'scen_6'. Using dual lower_bound=1.0033295 as valid LB.
INFO: Gurobi maxTimeLimit on 'scen_10'. Using dual lower_bound=0.96117164 as valid LB.
INFO: Gurobi maxTimeLimit on 'scen_11'. Using dual lower_bound=1.0258063 as valid LB.
INFO: Gurobi maxTimeLimit on 'scen_14'. Using dual lower_bound=0.98819046 as valid LB.
INFO: Gurobi maxTimeLimit on 'scen_15'. Using dual lower_bound=1.0528905 as valid LB.
INFO: Gurobi maxTimeLimit on 'scen_21'. Using dual lower_bound=0.95887865 as valid LB.
INFO: Gurobi maxTimeLimit on 'scen_23'. Using dual lower_bound=0.99754587 as valid LB.
INFO: Gurobi maxTimeLimit on 'scen_24'. Using dual lower_bound=0.96108068 as valid LB.
INFO: Gurobi maxTimeLimit on 'scen_36'. Using dual lower_bound=1.0471206 as valid LB.
INFO: Gurobi maxTimeLimit on 'scen_38'. Using dual lower_bound=0.9840422 as valid LB.
INFO: Gurobi maxTimeLimit on 'scen_39'. Using dual lower_bound=0.98474962 as valid LB.
INFO: Gurobi maxTimeLimit on 'scen_43'. Using dual lower_bound=1.0856586 as valid LB.
INFO: Gurobi maxTimeLimit on 'scen_48'. Using dual lower_bound=0.94842116 as valid LB.
INFO: Gurobi maxTimeLimit on 'scen_50'. Using dual lower_bound=0.9952461 as valid LB.
        5286.404              10                                      0.97555787       2.1319998        54.2421%        1.156442              11
INFO: Gurobi maxTimeLimit on 'scen_3'. Using dual lower_bound=1.0426326 as valid LB.
INFO: Gurobi maxTimeLimit on 'scen_6'. Using dual lower_bound=1.0033295 as valid LB.
INFO: Gurobi maxTimeLimit on 'scen_8'. Using dual lower_bound=0.99984646 as valid LB.
INFO: Gurobi maxTimeLimit on 'scen_10'. Using dual lower_bound=0.96266826 as valid LB.
INFO: Gurobi maxTimeLimit on 'scen_11'. Using dual lower_bound=1.0258063 as valid LB.
INFO: Gurobi maxTimeLimit on 'scen_14'. Using dual lower_bound=0.98819046 as valid LB.
INFO: Gurobi maxTimeLimit on 'scen_15'. Using dual lower_bound=1.0528905 as valid LB.
INFO: Gurobi maxTimeLimit on 'scen_20'. Using dual lower_bound=0.94875777 as valid LB.
INFO: Gurobi maxTimeLimit on 'scen_21'. Using dual lower_bound=0.95887865 as valid LB.
INFO: Gurobi maxTimeLimit on 'scen_23'. Using dual lower_bound=0.99754587 as valid LB.
INFO: Gurobi maxTimeLimit on 'scen_24'. Using dual lower_bound=0.96046053 as valid LB.
INFO: Gurobi maxTimeLimit on 'scen_25'. Using dual lower_bound=1.0435502 as valid LB.
INFO: Gurobi maxTimeLimit on 'scen_29'. Using dual lower_bound=1.058876 as valid LB.
INFO: Gurobi maxTimeLimit on 'scen_30'. Using dual lower_bound=0.9638849 as valid LB.
INFO: Gurobi maxTimeLimit on 'scen_33'. Using dual lower_bound=1.0955697 as valid LB.
INFO: Gurobi maxTimeLimit on 'scen_34'. Using dual lower_bound=1.0268835 as valid LB.
INFO: Gurobi maxTimeLimit on 'scen_36'. Using dual lower_bound=1.0471206 as valid LB.
INFO: Gurobi maxTimeLimit on 'scen_37'. Using dual lower_bound=0.95434208 as valid LB.
INFO: Gurobi maxTimeLimit on 'scen_38'. Using dual lower_bound=0.9840422 as valid LB.
INFO: Gurobi maxTimeLimit on 'scen_39'. Using dual lower_bound=0.97443031 as valid LB.
INFO: Gurobi maxTimeLimit on 'scen_40'. Using dual lower_bound=0.96535142 as valid LB.
INFO: Gurobi maxTimeLimit on 'scen_43'. Using dual lower_bound=1.0779918 as valid LB.
INFO: Gurobi maxTimeLimit on 'scen_46'. Using dual lower_bound=0.96188244 as valid LB.
INFO: Gurobi maxTimeLimit on 'scen_50'. Using dual lower_bound=0.9952461 as valid LB.
        5811.264              11                           * L        0.97558047       2.1319998        54.2411%        1.156419              12
INFO: Gurobi maxTimeLimit on 'scen_2'. Using dual lower_bound=0.95495724 as valid LB.
INFO: Gurobi maxTimeLimit on 'scen_3'. Using dual lower_bound=1.0426326 as valid LB.
INFO: Gurobi maxTimeLimit on 'scen_4'. Using dual lower_bound=0.96740448 as valid LB.
INFO: Gurobi maxTimeLimit on 'scen_6'. Using dual lower_bound=1.0033295 as valid LB.
INFO: Gurobi maxTimeLimit on 'scen_8'. Using dual lower_bound=0.99984646 as valid LB.
INFO: Gurobi maxTimeLimit on 'scen_10'. Using dual lower_bound=0.96348306 as valid LB.
INFO: Gurobi maxTimeLimit on 'scen_11'. Using dual lower_bound=1.0258063 as valid LB.
INFO: Gurobi maxTimeLimit on 'scen_13'. Using dual lower_bound=0.97266954 as valid LB.
INFO: Gurobi maxTimeLimit on 'scen_14'. Using dual lower_bound=0.98819046 as valid LB.
INFO: Gurobi maxTimeLimit on 'scen_15'. Using dual lower_bound=1.0528905 as valid LB.
INFO: Gurobi maxTimeLimit on 'scen_16'. Using dual lower_bound=0.95356416 as valid LB.
INFO: Gurobi maxTimeLimit on 'scen_23'. Using dual lower_bound=0.99754587 as valid LB.
INFO: Gurobi maxTimeLimit on 'scen_25'. Using dual lower_bound=1.0435502 as valid LB.
INFO: Gurobi maxTimeLimit on 'scen_29'. Using dual lower_bound=1.058876 as valid LB.
INFO: Gurobi maxTimeLimit on 'scen_30'. Using dual lower_bound=0.9638849 as valid LB.
INFO: Gurobi maxTimeLimit on 'scen_33'. Using dual lower_bound=1.0955697 as valid LB.
INFO: Gurobi maxTimeLimit on 'scen_34'. Using dual lower_bound=1.0268835 as valid LB.
INFO: Gurobi maxTimeLimit on 'scen_36'. Using dual lower_bound=1.0471206 as valid LB.
INFO: Gurobi maxTimeLimit on 'scen_37'. Using dual lower_bound=0.95434208 as valid LB.
INFO: Gurobi maxTimeLimit on 'scen_38'. Using dual lower_bound=0.9840422 as valid LB.
INFO: Gurobi maxTimeLimit on 'scen_39'. Using dual lower_bound=0.97443031 as valid LB.
INFO: Gurobi maxTimeLimit on 'scen_40'. Using dual lower_bound=0.96535142 as valid LB.
INFO: Gurobi maxTimeLimit on 'scen_43'. Using dual lower_bound=1.0779918 as valid LB.
INFO: Gurobi maxTimeLimit on 'scen_46'. Using dual lower_bound=0.96188244 as valid LB.
INFO: Gurobi maxTimeLimit on 'scen_48'. Using dual lower_bound=0.94842116 as valid LB.
INFO: Gurobi maxTimeLimit on 'scen_50'. Using dual lower_bound=0.9952461 as valid LB.
        6309.668              12                                      0.97558047       2.1319998        54.2411%        1.156419              13
INFO: Gurobi maxTimeLimit on 'scen_2'. Using dual lower_bound=0.95495724 as valid LB.
INFO: Gurobi maxTimeLimit on 'scen_3'. Using dual lower_bound=1.0426326 as valid LB.
INFO: Gurobi maxTimeLimit on 'scen_6'. Using dual lower_bound=1.0033295 as valid LB.
INFO: Gurobi maxTimeLimit on 'scen_8'. Using dual lower_bound=0.99984646 as valid LB.
INFO: Gurobi maxTimeLimit on 'scen_11'. Using dual lower_bound=1.0258063 as valid LB.
INFO: Gurobi maxTimeLimit on 'scen_13'. Using dual lower_bound=0.97266954 as valid LB.
INFO: Gurobi maxTimeLimit on 'scen_14'. Using dual lower_bound=0.98819046 as valid LB.
INFO: Gurobi maxTimeLimit on 'scen_15'. Using dual lower_bound=1.0528905 as valid LB.
INFO: Gurobi maxTimeLimit on 'scen_16'. Using dual lower_bound=0.95356416 as valid LB.
INFO: Gurobi maxTimeLimit on 'scen_21'. Using dual lower_bound=0.95735324 as valid LB.
INFO: Gurobi maxTimeLimit on 'scen_23'. Using dual lower_bound=0.99754587 as valid LB.
INFO: Gurobi maxTimeLimit on 'scen_25'. Using dual lower_bound=1.0435502 as valid LB.
INFO: Gurobi maxTimeLimit on 'scen_29'. Using dual lower_bound=1.058876 as valid LB.
INFO: Gurobi maxTimeLimit on 'scen_30'. Using dual lower_bound=0.9638849 as valid LB.
INFO: Gurobi maxTimeLimit on 'scen_33'. Using dual lower_bound=1.0955697 as valid LB.
INFO: Gurobi maxTimeLimit on 'scen_34'. Using dual lower_bound=1.0268835 as valid LB.
INFO: Gurobi maxTimeLimit on 'scen_36'. Using dual lower_bound=1.0471206 as valid LB.
INFO: Gurobi maxTimeLimit on 'scen_37'. Using dual lower_bound=0.95434208 as valid LB.
INFO: Gurobi maxTimeLimit on 'scen_38'. Using dual lower_bound=0.9840422 as valid LB.
INFO: Gurobi maxTimeLimit on 'scen_39'. Using dual lower_bound=0.97443031 as valid LB.
INFO: Gurobi maxTimeLimit on 'scen_43'. Using dual lower_bound=1.0779918 as valid LB.
INFO: Gurobi maxTimeLimit on 'scen_46'. Using dual lower_bound=0.96188244 as valid LB.
INFO: Gurobi maxTimeLimit on 'scen_50'. Using dual lower_bound=0.9952461 as valid LB.
        6781.621              13                           * L        0.97558097       2.1319998         54.241%        1.156419              14
INFO: Gurobi maxTimeLimit on 'scen_2'. Using dual lower_bound=0.95495724 as valid LB.
INFO: Gurobi maxTimeLimit on 'scen_3'. Using dual lower_bound=1.0426326 as valid LB.
INFO: Gurobi maxTimeLimit on 'scen_4'. Using dual lower_bound=0.96864431 as valid LB.
INFO: Gurobi maxTimeLimit on 'scen_6'. Using dual lower_bound=1.0033295 as valid LB.
INFO: Gurobi maxTimeLimit on 'scen_8'. Using dual lower_bound=0.99984646 as valid LB.
INFO: Gurobi maxTimeLimit on 'scen_10'. Using dual lower_bound=0.96348306 as valid LB.
INFO: Gurobi maxTimeLimit on 'scen_11'. Using dual lower_bound=1.0258063 as valid LB.
INFO: Gurobi maxTimeLimit on 'scen_13'. Using dual lower_bound=0.97266954 as valid LB.
INFO: Gurobi maxTimeLimit on 'scen_14'. Using dual lower_bound=0.98819046 as valid LB.
INFO: Gurobi maxTimeLimit on 'scen_15'. Using dual lower_bound=1.0528905 as valid LB.
INFO: Gurobi maxTimeLimit on 'scen_21'. Using dual lower_bound=0.95735324 as valid LB.
INFO: Gurobi maxTimeLimit on 'scen_23'. Using dual lower_bound=0.99754587 as valid LB.
INFO: Gurobi maxTimeLimit on 'scen_25'. Using dual lower_bound=1.0435502 as valid LB.
INFO: Gurobi maxTimeLimit on 'scen_29'. Using dual lower_bound=1.058876 as valid LB.
INFO: Gurobi maxTimeLimit on 'scen_30'. Using dual lower_bound=0.9638849 as valid LB.
INFO: Gurobi maxTimeLimit on 'scen_34'. Using dual lower_bound=1.0268835 as valid LB.
INFO: Gurobi maxTimeLimit on 'scen_36'. Using dual lower_bound=1.0471206 as valid LB.
INFO: Gurobi maxTimeLimit on 'scen_38'. Using dual lower_bound=0.9840422 as valid LB.
INFO: Gurobi maxTimeLimit on 'scen_39'. Using dual lower_bound=0.97443031 as valid LB.
INFO: Gurobi maxTimeLimit on 'scen_40'. Using dual lower_bound=0.96535142 as valid LB.
INFO: Gurobi maxTimeLimit on 'scen_42'. Using dual lower_bound=0.94989515 as valid LB.
INFO: Gurobi maxTimeLimit on 'scen_43'. Using dual lower_bound=1.0779918 as valid LB.
INFO: Gurobi maxTimeLimit on 'scen_46'. Using dual lower_bound=0.96188244 as valid LB.
INFO: Gurobi maxTimeLimit on 'scen_48'. Using dual lower_bound=0.94842116 as valid LB.
INFO: Gurobi maxTimeLimit on 'scen_50'. Using dual lower_bound=0.9952461 as valid LB.
        7253.859              14                                      0.97558097       2.1319998         54.241%        1.156419              15
INFO: Gurobi maxTimeLimit on 'scen_2'. Using dual lower_bound=0.95495724 as valid LB.
INFO: Gurobi maxTimeLimit on 'scen_4'. Using dual lower_bound=0.96740448 as valid LB.
INFO: Gurobi maxTimeLimit on 'scen_6'. Using dual lower_bound=1.0033295 as valid LB.
INFO: Gurobi maxTimeLimit on 'scen_8'. Using dual lower_bound=0.99984646 as valid LB.
INFO: Gurobi maxTimeLimit on 'scen_11'. Using dual lower_bound=1.0258063 as valid LB.
INFO: Gurobi maxTimeLimit on 'scen_13'. Using dual lower_bound=0.97266954 as valid LB.
INFO: Gurobi maxTimeLimit on 'scen_14'. Using dual lower_bound=0.98819046 as valid LB.
INFO: Gurobi maxTimeLimit on 'scen_15'. Using dual lower_bound=1.0528905 as valid LB.
INFO: Gurobi maxTimeLimit on 'scen_21'. Using dual lower_bound=0.95735324 as valid LB.
INFO: Gurobi maxTimeLimit on 'scen_23'. Using dual lower_bound=0.99754587 as valid LB.
INFO: Gurobi maxTimeLimit on 'scen_25'. Using dual lower_bound=1.0435502 as valid LB.
INFO: Gurobi maxTimeLimit on 'scen_29'. Using dual lower_bound=1.058876 as valid LB.
INFO: Gurobi maxTimeLimit on 'scen_30'. Using dual lower_bound=0.9638849 as valid LB.
INFO: Gurobi maxTimeLimit on 'scen_34'. Using dual lower_bound=1.0268835 as valid LB.
INFO: Gurobi maxTimeLimit on 'scen_36'. Using dual lower_bound=1.0471206 as valid LB.
INFO: Gurobi maxTimeLimit on 'scen_38'. Using dual lower_bound=0.9840422 as valid LB.
INFO: Gurobi maxTimeLimit on 'scen_39'. Using dual lower_bound=0.97443031 as valid LB.
INFO: Gurobi maxTimeLimit on 'scen_40'. Using dual lower_bound=0.96535142 as valid LB.
INFO: Gurobi maxTimeLimit on 'scen_42'. Using dual lower_bound=0.94989515 as valid LB.
INFO: Gurobi maxTimeLimit on 'scen_43'. Using dual lower_bound=1.0779918 as valid LB.
INFO: Gurobi maxTimeLimit on 'scen_46'. Using dual lower_bound=0.96188244 as valid LB.
INFO: Gurobi maxTimeLimit on 'scen_50'. Using dual lower_bound=0.9952461 as valid LB.
        7695.951              15                           * L        0.97560972       2.1319998        54.2397%         1.15639              16
INFO: Gurobi maxTimeLimit on 'scen_2'. Using dual lower_bound=0.95495724 as valid LB.
INFO: Gurobi maxTimeLimit on 'scen_3'. Using dual lower_bound=1.0426326 as valid LB.
INFO: Gurobi maxTimeLimit on 'scen_6'. Using dual lower_bound=1.0033295 as valid LB.
INFO: Gurobi maxTimeLimit on 'scen_8'. Using dual lower_bound=0.99984646 as valid LB.
INFO: Gurobi maxTimeLimit on 'scen_10'. Using dual lower_bound=0.96348306 as valid LB.
INFO: Gurobi maxTimeLimit on 'scen_11'. Using dual lower_bound=1.0258063 as valid LB.
INFO: Gurobi maxTimeLimit on 'scen_13'. Using dual lower_bound=0.97266954 as valid LB.
INFO: Gurobi maxTimeLimit on 'scen_14'. Using dual lower_bound=0.98819046 as valid LB.
INFO: Gurobi maxTimeLimit on 'scen_15'. Using dual lower_bound=1.0528905 as valid LB.
INFO: Gurobi maxTimeLimit on 'scen_16'. Using dual lower_bound=0.95356416 as valid LB.
INFO: Gurobi maxTimeLimit on 'scen_23'. Using dual lower_bound=0.99754587 as valid LB.
INFO: Gurobi maxTimeLimit on 'scen_25'. Using dual lower_bound=1.0435502 as valid LB.
INFO: Gurobi maxTimeLimit on 'scen_29'. Using dual lower_bound=1.058876 as valid LB.
INFO: Gurobi maxTimeLimit on 'scen_30'. Using dual lower_bound=0.9638849 as valid LB.
INFO: Gurobi maxTimeLimit on 'scen_33'. Using dual lower_bound=1.0955697 as valid LB.
INFO: Gurobi maxTimeLimit on 'scen_34'. Using dual lower_bound=1.0268835 as valid LB.
INFO: Gurobi maxTimeLimit on 'scen_36'. Using dual lower_bound=1.0471206 as valid LB.
INFO: Gurobi maxTimeLimit on 'scen_37'. Using dual lower_bound=0.95434208 as valid LB.
INFO: Gurobi maxTimeLimit on 'scen_38'. Using dual lower_bound=0.9840422 as valid LB.
INFO: Gurobi maxTimeLimit on 'scen_39'. Using dual lower_bound=0.97443031 as valid LB.
INFO: Gurobi maxTimeLimit on 'scen_43'. Using dual lower_bound=1.0779918 as valid LB.
INFO: Gurobi maxTimeLimit on 'scen_46'. Using dual lower_bound=0.96188244 as valid LB.
INFO: Gurobi maxTimeLimit on 'scen_48'. Using dual lower_bound=0.94842116 as valid LB.
INFO: Gurobi maxTimeLimit on 'scen_50'. Using dual lower_bound=0.9952461 as valid LB.
        8177.783              16                                      0.97560972       2.1319998        54.2397%         1.15639              17
          8260.7              17           Bound           * L        0.97561452       2.1319998        54.2395%        1.156385              16
INFO: Gurobi maxTimeLimit on 'scen_2'. Using dual lower_bound=0.95495724 as valid LB.
INFO: Gurobi maxTimeLimit on 'scen_3'. Using dual lower_bound=1.0426326 as valid LB.
INFO: Gurobi maxTimeLimit on 'scen_4'. Using dual lower_bound=0.96683758 as valid LB.
INFO: Gurobi maxTimeLimit on 'scen_6'. Using dual lower_bound=1.0033295 as valid LB.
INFO: Gurobi maxTimeLimit on 'scen_8'. Using dual lower_bound=0.99984646 as valid LB.
INFO: Gurobi maxTimeLimit on 'scen_10'. Using dual lower_bound=0.96117164 as valid LB.
INFO: Gurobi maxTimeLimit on 'scen_11'. Using dual lower_bound=1.0258063 as valid LB.
INFO: Gurobi maxTimeLimit on 'scen_13'. Using dual lower_bound=0.97266954 as valid LB.
INFO: Gurobi maxTimeLimit on 'scen_14'. Using dual lower_bound=0.98819046 as valid LB.
INFO: Gurobi maxTimeLimit on 'scen_20'. Using dual lower_bound=0.94816969 as valid LB.
INFO: Gurobi maxTimeLimit on 'scen_23'. Using dual lower_bound=0.99754587 as valid LB.
INFO: Gurobi maxTimeLimit on 'scen_25'. Using dual lower_bound=1.0435502 as valid LB.
INFO: Gurobi maxTimeLimit on 'scen_29'. Using dual lower_bound=1.058876 as valid LB.
INFO: Gurobi maxTimeLimit on 'scen_30'. Using dual lower_bound=0.9638849 as valid LB.
INFO: Gurobi maxTimeLimit on 'scen_34'. Using dual lower_bound=1.0268835 as valid LB.
INFO: Gurobi maxTimeLimit on 'scen_37'. Using dual lower_bound=0.95434208 as valid LB.
INFO: Gurobi maxTimeLimit on 'scen_38'. Using dual lower_bound=0.9840422 as valid LB.
INFO: Gurobi maxTimeLimit on 'scen_39'. Using dual lower_bound=0.97443031 as valid LB.
INFO: Gurobi maxTimeLimit on 'scen_43'. Using dual lower_bound=1.0779918 as valid LB.
INFO: Gurobi maxTimeLimit on 'scen_46'. Using dual lower_bound=0.96188244 as valid LB.
INFO: Gurobi maxTimeLimit on 'scen_50'. Using dual lower_bound=0.9952461 as valid LB.
        8742.826              18                                      0.97561452       2.1319998        54.2395%        1.156385              17
INFO: Gurobi maxTimeLimit on 'scen_2'. Using dual lower_bound=0.95495724 as valid LB.
INFO: Gurobi maxTimeLimit on 'scen_3'. Using dual lower_bound=1.0426326 as valid LB.
INFO: Gurobi maxTimeLimit on 'scen_4'. Using dual lower_bound=0.96494495 as valid LB.
INFO: Gurobi maxTimeLimit on 'scen_6'. Using dual lower_bound=1.0033295 as valid LB.
INFO: Gurobi maxTimeLimit on 'scen_8'. Using dual lower_bound=0.99984646 as valid LB.
INFO: Gurobi maxTimeLimit on 'scen_11'. Using dual lower_bound=1.0258063 as valid LB.
INFO: Gurobi maxTimeLimit on 'scen_14'. Using dual lower_bound=0.98819046 as valid LB.
INFO: Gurobi maxTimeLimit on 'scen_15'. Using dual lower_bound=1.0528905 as valid LB.
INFO: Gurobi maxTimeLimit on 'scen_21'. Using dual lower_bound=0.95735324 as valid LB.
INFO: Gurobi maxTimeLimit on 'scen_23'. Using dual lower_bound=0.99754587 as valid LB.
INFO: Gurobi maxTimeLimit on 'scen_25'. Using dual lower_bound=1.0435502 as valid LB.
INFO: Gurobi maxTimeLimit on 'scen_29'. Using dual lower_bound=1.058876 as valid LB.
INFO: Gurobi maxTimeLimit on 'scen_30'. Using dual lower_bound=0.9638849 as valid LB.
INFO: Gurobi maxTimeLimit on 'scen_33'. Using dual lower_bound=1.0955697 as valid LB.
INFO: Gurobi maxTimeLimit on 'scen_34'. Using dual lower_bound=1.0268835 as valid LB.
INFO: Gurobi maxTimeLimit on 'scen_36'. Using dual lower_bound=1.0471206 as valid LB.
INFO: Gurobi maxTimeLimit on 'scen_37'. Using dual lower_bound=0.95434208 as valid LB.
INFO: Gurobi maxTimeLimit on 'scen_38'. Using dual lower_bound=0.9840422 as valid LB.
INFO: Gurobi maxTimeLimit on 'scen_43'. Using dual lower_bound=1.0779918 as valid LB.
INFO: Gurobi maxTimeLimit on 'scen_46'. Using dual lower_bound=0.96188244 as valid LB.
        9193.269              19                           * L        0.97563645       2.1319998        54.2384%        1.156363              18
        9295.807              20           Bound                      0.97563645       2.1319998        54.2384%        1.156363              17
INFO: Gurobi maxTimeLimit on 'scen_3'. Using dual lower_bound=1.0426326 as valid LB.
INFO: Gurobi maxTimeLimit on 'scen_8'. Using dual lower_bound=0.99984646 as valid LB.
INFO: Gurobi maxTimeLimit on 'scen_15'. Using dual lower_bound=1.0528905 as valid LB.
INFO: Gurobi maxTimeLimit on 'scen_29'. Using dual lower_bound=1.058876 as valid LB.
INFO: Gurobi maxTimeLimit on 'scen_43'. Using dual lower_bound=1.0779918 as valid LB.
        9449.154              21                           * L        0.97565644       2.1319998        54.2375%        1.156343              18
        9480.604              22                           * U        0.97565644      0.98044571         0.4885%        0.004789              19
INFO: Gurobi maxTimeLimit on 'scen_3'. Using dual lower_bound=1.0426326 as valid LB.
INFO: Gurobi maxTimeLimit on 'scen_6'. Using dual lower_bound=1.0033295 as valid LB.
INFO: Gurobi maxTimeLimit on 'scen_8'. Using dual lower_bound=0.99984646 as valid LB.
INFO: Gurobi maxTimeLimit on 'scen_11'. Using dual lower_bound=1.0258063 as valid LB.
INFO: Gurobi maxTimeLimit on 'scen_15'. Using dual lower_bound=1.0528905 as valid LB.
INFO: Gurobi maxTimeLimit on 'scen_29'. Using dual lower_bound=1.058876 as valid LB.
INFO: Gurobi maxTimeLimit on 'scen_33'. Using dual lower_bound=1.0955697 as valid LB.
INFO: Gurobi maxTimeLimit on 'scen_34'. Using dual lower_bound=1.0268835 as valid LB.
INFO: Gurobi maxTimeLimit on 'scen_36'. Using dual lower_bound=1.0471206 as valid LB.
INFO: Gurobi maxTimeLimit on 'scen_39'. Using dual lower_bound=0.97443031 as valid LB.
INFO: Gurobi maxTimeLimit on 'scen_43'. Using dual lower_bound=1.0779918 as valid LB.
        9719.525              23                           * L        0.97566737      0.98044571         0.4874%        0.004778              20
INFO: Gurobi maxTimeLimit on 'scen_3'. Using dual lower_bound=1.0426326 as valid LB.
INFO: Gurobi maxTimeLimit on 'scen_6'. Using dual lower_bound=1.0033295 as valid LB.
INFO: Gurobi maxTimeLimit on 'scen_8'. Using dual lower_bound=0.99984646 as valid LB.
INFO: Gurobi maxTimeLimit on 'scen_11'. Using dual lower_bound=1.0258063 as valid LB.
INFO: Gurobi maxTimeLimit on 'scen_15'. Using dual lower_bound=1.0528905 as valid LB.
INFO: Gurobi maxTimeLimit on 'scen_29'. Using dual lower_bound=1.058876 as valid LB.
INFO: Gurobi maxTimeLimit on 'scen_33'. Using dual lower_bound=1.0955697 as valid LB.
INFO: Gurobi maxTimeLimit on 'scen_34'. Using dual lower_bound=1.0268835 as valid LB.
INFO: Gurobi maxTimeLimit on 'scen_36'. Using dual lower_bound=1.0471206 as valid LB.
INFO: Gurobi maxTimeLimit on 'scen_39'. Using dual lower_bound=0.97443031 as valid LB.
INFO: Gurobi maxTimeLimit on 'scen_43'. Using dual lower_bound=1.0779918 as valid LB.
        9952.721              24                                      0.97566737      0.98044571         0.4874%        0.004778              21
       10277.324              25           Bound           * L        0.97566737      0.98044571         0.4874%        0.004778              20
       10360.968              26           Bound                      0.97566737      0.98044571         0.4874%        0.004778              19
INFO: Gurobi maxTimeLimit on 'scen_3'. Using dual lower_bound=1.0426326 as valid LB.
INFO: Gurobi maxTimeLimit on 'scen_6'. Using dual lower_bound=1.0033295 as valid LB.
INFO: Gurobi maxTimeLimit on 'scen_8'. Using dual lower_bound=0.99984646 as valid LB.
INFO: Gurobi maxTimeLimit on 'scen_11'. Using dual lower_bound=1.0258063 as valid LB.
INFO: Gurobi maxTimeLimit on 'scen_15'. Using dual lower_bound=1.0528905 as valid LB.
INFO: Gurobi maxTimeLimit on 'scen_29'. Using dual lower_bound=1.058876 as valid LB.
INFO: Gurobi maxTimeLimit on 'scen_33'. Using dual lower_bound=1.0955697 as valid LB.
INFO: Gurobi maxTimeLimit on 'scen_34'. Using dual lower_bound=1.0268835 as valid LB.
INFO: Gurobi maxTimeLimit on 'scen_36'. Using dual lower_bound=1.0471206 as valid LB.
INFO: Gurobi maxTimeLimit on 'scen_39'. Using dual lower_bound=0.97443031 as valid LB.
INFO: Gurobi maxTimeLimit on 'scen_43'. Using dual lower_bound=1.0779918 as valid LB.
       10570.383              27                           * L        0.97566737      0.98044571         0.4874%        0.004778              20
INFO: Gurobi maxTimeLimit on 'scen_8'. Using dual lower_bound=0.99984646 as valid LB.
INFO: Gurobi maxTimeLimit on 'scen_39'. Using dual lower_bound=0.97443031 as valid LB.
INFO: Gurobi maxTimeLimit on 'scen_43'. Using dual lower_bound=1.0779918 as valid LB.
       10709.815              28                                      0.97566737      0.98044571         0.4874%        0.004778              21
INFO: Gurobi maxTimeLimit on 'scen_3'. Using dual lower_bound=1.0426326 as valid LB.
INFO: Gurobi maxTimeLimit on 'scen_6'. Using dual lower_bound=1.0033295 as valid LB.
INFO: Gurobi maxTimeLimit on 'scen_8'. Using dual lower_bound=0.99984646 as valid LB.
INFO: Gurobi maxTimeLimit on 'scen_11'. Using dual lower_bound=1.0258063 as valid LB.
INFO: Gurobi maxTimeLimit on 'scen_15'. Using dual lower_bound=1.0528905 as valid LB.
INFO: Gurobi maxTimeLimit on 'scen_29'. Using dual lower_bound=1.058876 as valid LB.
INFO: Gurobi maxTimeLimit on 'scen_33'. Using dual lower_bound=1.0955697 as valid LB.
INFO: Gurobi maxTimeLimit on 'scen_34'. Using dual lower_bound=1.0268835 as valid LB.
INFO: Gurobi maxTimeLimit on 'scen_36'. Using dual lower_bound=1.0471206 as valid LB.
INFO: Gurobi maxTimeLimit on 'scen_39'. Using dual lower_bound=0.97443031 as valid LB.
INFO: Gurobi maxTimeLimit on 'scen_43'. Using dual lower_bound=1.0779918 as valid LB.
       10915.478              29                           * L        0.97566737      0.98044571         0.4874%        0.004778              22
INFO: Gurobi maxTimeLimit on 'scen_6'. Using dual lower_bound=1.0033295 as valid LB.
INFO: Gurobi maxTimeLimit on 'scen_8'. Using dual lower_bound=0.99984646 as valid LB.
INFO: Gurobi maxTimeLimit on 'scen_14'. Using dual lower_bound=0.98819046 as valid LB.
INFO: Gurobi maxTimeLimit on 'scen_34'. Using dual lower_bound=1.0268835 as valid LB.
INFO: Gurobi maxTimeLimit on 'scen_39'. Using dual lower_bound=0.97443031 as valid LB.
INFO: Gurobi maxTimeLimit on 'scen_43'. Using dual lower_bound=1.0813594 as valid LB.
       11081.549              30                                      0.97566737      0.98044571         0.4874%        0.004778              23
INFO: Gurobi maxTimeLimit on 'scen_3'. Using dual lower_bound=1.0426326 as valid LB.
INFO: Gurobi maxTimeLimit on 'scen_6'. Using dual lower_bound=1.0033295 as valid LB.
INFO: Gurobi maxTimeLimit on 'scen_8'. Using dual lower_bound=0.99984646 as valid LB.
INFO: Gurobi maxTimeLimit on 'scen_11'. Using dual lower_bound=1.0258063 as valid LB.
INFO: Gurobi maxTimeLimit on 'scen_15'. Using dual lower_bound=1.0528905 as valid LB.
INFO: Gurobi maxTimeLimit on 'scen_29'. Using dual lower_bound=1.058876 as valid LB.
INFO: Gurobi maxTimeLimit on 'scen_33'. Using dual lower_bound=1.0955697 as valid LB.
INFO: Gurobi maxTimeLimit on 'scen_34'. Using dual lower_bound=1.0268835 as valid LB.
INFO: Gurobi maxTimeLimit on 'scen_36'. Using dual lower_bound=1.0471206 as valid LB.
INFO: Gurobi maxTimeLimit on 'scen_39'. Using dual lower_bound=0.97443031 as valid LB.
INFO: Gurobi maxTimeLimit on 'scen_43'. Using dual lower_bound=1.0779918 as valid LB.
       11291.069              31                           * L        0.97566737      0.98044571         0.4874%        0.004778              24
INFO: Gurobi maxTimeLimit on 'scen_34'. Using dual lower_bound=1.0268835 as valid LB.
       11412.841              32                                      0.97566737      0.98044571         0.4874%        0.004778              25
INFO: Gurobi maxTimeLimit on 'scen_3'. Using dual lower_bound=1.0426326 as valid LB.
INFO: Gurobi maxTimeLimit on 'scen_6'. Using dual lower_bound=1.0033295 as valid LB.
INFO: Gurobi maxTimeLimit on 'scen_8'. Using dual lower_bound=0.99984646 as valid LB.
INFO: Gurobi maxTimeLimit on 'scen_11'. Using dual lower_bound=1.0258063 as valid LB.
INFO: Gurobi maxTimeLimit on 'scen_15'. Using dual lower_bound=1.0528905 as valid LB.
INFO: Gurobi maxTimeLimit on 'scen_29'. Using dual lower_bound=1.058876 as valid LB.
INFO: Gurobi maxTimeLimit on 'scen_34'. Using dual lower_bound=1.0268835 as valid LB.
INFO: Gurobi maxTimeLimit on 'scen_36'. Using dual lower_bound=1.0471206 as valid LB.
INFO: Gurobi maxTimeLimit on 'scen_39'. Using dual lower_bound=0.97443031 as valid LB.
INFO: Gurobi maxTimeLimit on 'scen_43'. Using dual lower_bound=1.0779918 as valid LB.
       11608.419              33                           * L        0.97569501      0.98044571         0.4845%        0.004751              26
       11667.284              34                                      0.97569501      0.98044571         0.4845%        0.004751              27
INFO: Gurobi maxTimeLimit on 'scen_3'. Using dual lower_bound=1.0426326 as valid LB.
INFO: Gurobi maxTimeLimit on 'scen_4'. Using dual lower_bound=0.96845516 as valid LB.
INFO: Gurobi maxTimeLimit on 'scen_6'. Using dual lower_bound=1.0033295 as valid LB.
INFO: Gurobi maxTimeLimit on 'scen_8'. Using dual lower_bound=0.99984646 as valid LB.
INFO: Gurobi maxTimeLimit on 'scen_10'. Using dual lower_bound=0.96348306 as valid LB.
INFO: Gurobi maxTimeLimit on 'scen_11'. Using dual lower_bound=1.0258063 as valid LB.
INFO: Gurobi maxTimeLimit on 'scen_13'. Using dual lower_bound=0.97266954 as valid LB.
INFO: Gurobi maxTimeLimit on 'scen_14'. Using dual lower_bound=0.98819046 as valid LB.
INFO: Gurobi maxTimeLimit on 'scen_15'. Using dual lower_bound=1.0528905 as valid LB.
INFO: Gurobi maxTimeLimit on 'scen_23'. Using dual lower_bound=0.99754587 as valid LB.
INFO: Gurobi maxTimeLimit on 'scen_25'. Using dual lower_bound=1.0435502 as valid LB.
INFO: Gurobi maxTimeLimit on 'scen_29'. Using dual lower_bound=1.058876 as valid LB.
INFO: Gurobi maxTimeLimit on 'scen_30'. Using dual lower_bound=0.9638849 as valid LB.
INFO: Gurobi maxTimeLimit on 'scen_33'. Using dual lower_bound=1.0955697 as valid LB.
INFO: Gurobi maxTimeLimit on 'scen_34'. Using dual lower_bound=1.0268835 as valid LB.
INFO: Gurobi maxTimeLimit on 'scen_36'. Using dual lower_bound=1.0471206 as valid LB.
INFO: Gurobi maxTimeLimit on 'scen_38'. Using dual lower_bound=0.9840422 as valid LB.
INFO: Gurobi maxTimeLimit on 'scen_39'. Using dual lower_bound=0.97443031 as valid LB.
INFO: Gurobi maxTimeLimit on 'scen_40'. Using dual lower_bound=0.96788588 as valid LB.
INFO: Gurobi maxTimeLimit on 'scen_43'. Using dual lower_bound=1.0779918 as valid LB.
INFO: Gurobi maxTimeLimit on 'scen_46'. Using dual lower_bound=0.96188244 as valid LB.
       12204.594              35                           * L        0.97570655      0.98044571         0.4834%        0.004739              28
INFO: Gurobi maxTimeLimit on 'scen_3'. Using dual lower_bound=1.0426326 as valid LB.
INFO: Gurobi maxTimeLimit on 'scen_4'. Using dual lower_bound=0.96845516 as valid LB.
INFO: Gurobi maxTimeLimit on 'scen_6'. Using dual lower_bound=1.0033295 as valid LB.
INFO: Gurobi maxTimeLimit on 'scen_8'. Using dual lower_bound=0.99984646 as valid LB.
INFO: Gurobi maxTimeLimit on 'scen_10'. Using dual lower_bound=0.96348306 as valid LB.
INFO: Gurobi maxTimeLimit on 'scen_11'. Using dual lower_bound=1.0258063 as valid LB.
INFO: Gurobi maxTimeLimit on 'scen_13'. Using dual lower_bound=0.97266954 as valid LB.
INFO: Gurobi maxTimeLimit on 'scen_14'. Using dual lower_bound=0.98819046 as valid LB.
INFO: Gurobi maxTimeLimit on 'scen_15'. Using dual lower_bound=1.0528905 as valid LB.
INFO: Gurobi maxTimeLimit on 'scen_23'. Using dual lower_bound=0.99754587 as valid LB.
INFO: Gurobi maxTimeLimit on 'scen_25'. Using dual lower_bound=1.0435502 as valid LB.
INFO: Gurobi maxTimeLimit on 'scen_29'. Using dual lower_bound=1.058876 as valid LB.
INFO: Gurobi maxTimeLimit on 'scen_30'. Using dual lower_bound=0.9638849 as valid LB.
INFO: Gurobi maxTimeLimit on 'scen_33'. Using dual lower_bound=1.0955697 as valid LB.
INFO: Gurobi maxTimeLimit on 'scen_34'. Using dual lower_bound=1.0268835 as valid LB.
INFO: Gurobi maxTimeLimit on 'scen_36'. Using dual lower_bound=1.0471206 as valid LB.
INFO: Gurobi maxTimeLimit on 'scen_38'. Using dual lower_bound=0.9840422 as valid LB.
INFO: Gurobi maxTimeLimit on 'scen_39'. Using dual lower_bound=0.97443031 as valid LB.
INFO: Gurobi maxTimeLimit on 'scen_40'. Using dual lower_bound=0.96788588 as valid LB.
INFO: Gurobi maxTimeLimit on 'scen_43'. Using dual lower_bound=1.0779918 as valid LB.
INFO: Gurobi maxTimeLimit on 'scen_46'. Using dual lower_bound=0.96188244 as valid LB.
       12628.291              36                                      0.97570655      0.98044571         0.4834%        0.004739              29
INFO: Gurobi maxTimeLimit on 'scen_3'. Using dual lower_bound=1.0426326 as valid LB.
INFO: Gurobi maxTimeLimit on 'scen_4'. Using dual lower_bound=0.96845516 as valid LB.
INFO: Gurobi maxTimeLimit on 'scen_6'. Using dual lower_bound=1.0033295 as valid LB.
INFO: Gurobi maxTimeLimit on 'scen_8'. Using dual lower_bound=0.99984646 as valid LB.
INFO: Gurobi maxTimeLimit on 'scen_10'. Using dual lower_bound=0.96348306 as valid LB.
INFO: Gurobi maxTimeLimit on 'scen_11'. Using dual lower_bound=1.0258063 as valid LB.
INFO: Gurobi maxTimeLimit on 'scen_13'. Using dual lower_bound=0.97266954 as valid LB.
INFO: Gurobi maxTimeLimit on 'scen_14'. Using dual lower_bound=0.98819046 as valid LB.
INFO: Gurobi maxTimeLimit on 'scen_15'. Using dual lower_bound=1.0528905 as valid LB.
INFO: Gurobi maxTimeLimit on 'scen_23'. Using dual lower_bound=0.99754587 as valid LB.
INFO: Gurobi maxTimeLimit on 'scen_25'. Using dual lower_bound=1.0435502 as valid LB.
INFO: Gurobi maxTimeLimit on 'scen_29'. Using dual lower_bound=1.058876 as valid LB.
INFO: Gurobi maxTimeLimit on 'scen_30'. Using dual lower_bound=0.9638849 as valid LB.
INFO: Gurobi maxTimeLimit on 'scen_33'. Using dual lower_bound=1.0955697 as valid LB.
INFO: Gurobi maxTimeLimit on 'scen_34'. Using dual lower_bound=1.0268835 as valid LB.
INFO: Gurobi maxTimeLimit on 'scen_36'. Using dual lower_bound=1.0471206 as valid LB.
INFO: Gurobi maxTimeLimit on 'scen_38'. Using dual lower_bound=0.9840422 as valid LB.
INFO: Gurobi maxTimeLimit on 'scen_39'. Using dual lower_bound=0.97443031 as valid LB.
INFO: Gurobi maxTimeLimit on 'scen_40'. Using dual lower_bound=0.96788588 as valid LB.
INFO: Gurobi maxTimeLimit on 'scen_43'. Using dual lower_bound=1.0779918 as valid LB.
INFO: Gurobi maxTimeLimit on 'scen_46'. Using dual lower_bound=0.96188244 as valid LB.
       13060.239              37                           * L        0.97570655      0.98044571         0.4834%        0.004739              30
INFO: Gurobi maxTimeLimit on 'scen_3'. Using dual lower_bound=1.0443702 as valid LB.
INFO: Gurobi maxTimeLimit on 'scen_4'. Using dual lower_bound=0.96845516 as valid LB.
INFO: Gurobi maxTimeLimit on 'scen_6'. Using dual lower_bound=1.0033295 as valid LB.
INFO: Gurobi maxTimeLimit on 'scen_8'. Using dual lower_bound=0.99984646 as valid LB.
INFO: Gurobi maxTimeLimit on 'scen_10'. Using dual lower_bound=0.96348306 as valid LB.
INFO: Gurobi maxTimeLimit on 'scen_11'. Using dual lower_bound=1.0258063 as valid LB.
INFO: Gurobi maxTimeLimit on 'scen_13'. Using dual lower_bound=0.97400663 as valid LB.
INFO: Gurobi maxTimeLimit on 'scen_14'. Using dual lower_bound=0.98819046 as valid LB.
INFO: Gurobi maxTimeLimit on 'scen_15'. Using dual lower_bound=1.0528905 as valid LB.
INFO: Gurobi maxTimeLimit on 'scen_23'. Using dual lower_bound=0.99754587 as valid LB.
INFO: Gurobi maxTimeLimit on 'scen_25'. Using dual lower_bound=1.0487393 as valid LB.
INFO: Gurobi maxTimeLimit on 'scen_29'. Using dual lower_bound=1.0616219 as valid LB.
INFO: Gurobi maxTimeLimit on 'scen_30'. Using dual lower_bound=0.9638849 as valid LB.
INFO: Gurobi maxTimeLimit on 'scen_33'. Using dual lower_bound=1.0955697 as valid LB.
INFO: Gurobi maxTimeLimit on 'scen_34'. Using dual lower_bound=1.0268835 as valid LB.
INFO: Gurobi maxTimeLimit on 'scen_36'. Using dual lower_bound=1.0471206 as valid LB.
INFO: Gurobi maxTimeLimit on 'scen_38'. Using dual lower_bound=0.9840422 as valid LB.
INFO: Gurobi maxTimeLimit on 'scen_39'. Using dual lower_bound=0.97443031 as valid LB.
INFO: Gurobi maxTimeLimit on 'scen_40'. Using dual lower_bound=0.96788588 as valid LB.
INFO: Gurobi maxTimeLimit on 'scen_43'. Using dual lower_bound=1.0779918 as valid LB.
INFO: Gurobi maxTimeLimit on 'scen_46'. Using dual lower_bound=0.96188244 as valid LB.
       13497.575              38                                      0.97570655      0.98044571         0.4834%        0.004739              31
INFO: Gurobi maxTimeLimit on 'scen_3'. Using dual lower_bound=1.0426326 as valid LB.
INFO: Gurobi maxTimeLimit on 'scen_4'. Using dual lower_bound=0.96845516 as valid LB.
INFO: Gurobi maxTimeLimit on 'scen_6'. Using dual lower_bound=1.0033295 as valid LB.
INFO: Gurobi maxTimeLimit on 'scen_8'. Using dual lower_bound=0.99984646 as valid LB.
INFO: Gurobi maxTimeLimit on 'scen_10'. Using dual lower_bound=0.96348306 as valid LB.
INFO: Gurobi maxTimeLimit on 'scen_11'. Using dual lower_bound=1.0258063 as valid LB.
INFO: Gurobi maxTimeLimit on 'scen_13'. Using dual lower_bound=0.97266954 as valid LB.
INFO: Gurobi maxTimeLimit on 'scen_14'. Using dual lower_bound=0.98819046 as valid LB.
INFO: Gurobi maxTimeLimit on 'scen_15'. Using dual lower_bound=1.0528905 as valid LB.
INFO: Gurobi maxTimeLimit on 'scen_23'. Using dual lower_bound=0.99754587 as valid LB.
INFO: Gurobi maxTimeLimit on 'scen_25'. Using dual lower_bound=1.0435502 as valid LB.
INFO: Gurobi maxTimeLimit on 'scen_29'. Using dual lower_bound=1.058876 as valid LB.
INFO: Gurobi maxTimeLimit on 'scen_30'. Using dual lower_bound=0.9638849 as valid LB.
INFO: Gurobi maxTimeLimit on 'scen_33'. Using dual lower_bound=1.0955697 as valid LB.
INFO: Gurobi maxTimeLimit on 'scen_34'. Using dual lower_bound=1.0268835 as valid LB.
INFO: Gurobi maxTimeLimit on 'scen_36'. Using dual lower_bound=1.0471206 as valid LB.
INFO: Gurobi maxTimeLimit on 'scen_38'. Using dual lower_bound=0.9840422 as valid LB.
INFO: Gurobi maxTimeLimit on 'scen_39'. Using dual lower_bound=0.97443031 as valid LB.
INFO: Gurobi maxTimeLimit on 'scen_40'. Using dual lower_bound=0.96788588 as valid LB.
INFO: Gurobi maxTimeLimit on 'scen_43'. Using dual lower_bound=1.0779918 as valid LB.
INFO: Gurobi maxTimeLimit on 'scen_45'. Using dual lower_bound=0.95503131 as valid LB.
INFO: Gurobi maxTimeLimit on 'scen_46'. Using dual lower_bound=0.96188244 as valid LB.
       13933.301              39                           * L        0.97570655      0.98044571         0.4834%        0.004739              32
INFO: Gurobi maxTimeLimit on 'scen_3'. Using dual lower_bound=1.0426326 as valid LB.
INFO: Gurobi maxTimeLimit on 'scen_4'. Using dual lower_bound=0.96845516 as valid LB.
INFO: Gurobi maxTimeLimit on 'scen_6'. Using dual lower_bound=1.0033295 as valid LB.
INFO: Gurobi maxTimeLimit on 'scen_8'. Using dual lower_bound=0.99984646 as valid LB.
INFO: Gurobi maxTimeLimit on 'scen_10'. Using dual lower_bound=0.96348306 as valid LB.
INFO: Gurobi maxTimeLimit on 'scen_11'. Using dual lower_bound=1.0258063 as valid LB.
INFO: Gurobi maxTimeLimit on 'scen_13'. Using dual lower_bound=0.97266954 as valid LB.
INFO: Gurobi maxTimeLimit on 'scen_14'. Using dual lower_bound=0.98819046 as valid LB.
INFO: Gurobi maxTimeLimit on 'scen_15'. Using dual lower_bound=1.0528905 as valid LB.
INFO: Gurobi maxTimeLimit on 'scen_23'. Using dual lower_bound=0.99754587 as valid LB.
INFO: Gurobi maxTimeLimit on 'scen_25'. Using dual lower_bound=1.0435502 as valid LB.
INFO: Gurobi maxTimeLimit on 'scen_29'. Using dual lower_bound=1.058876 as valid LB.
INFO: Gurobi maxTimeLimit on 'scen_30'. Using dual lower_bound=0.9638849 as valid LB.
INFO: Gurobi maxTimeLimit on 'scen_33'. Using dual lower_bound=1.0955697 as valid LB.
INFO: Gurobi maxTimeLimit on 'scen_34'. Using dual lower_bound=1.0268835 as valid LB.
INFO: Gurobi maxTimeLimit on 'scen_36'. Using dual lower_bound=1.0471206 as valid LB.
INFO: Gurobi maxTimeLimit on 'scen_38'. Using dual lower_bound=0.9840422 as valid LB.
INFO: Gurobi maxTimeLimit on 'scen_39'. Using dual lower_bound=0.97443031 as valid LB.
INFO: Gurobi maxTimeLimit on 'scen_40'. Using dual lower_bound=0.96788588 as valid LB.
INFO: Gurobi maxTimeLimit on 'scen_43'. Using dual lower_bound=1.0779918 as valid LB.
INFO: Gurobi maxTimeLimit on 'scen_45'. Using dual lower_bound=0.95503131 as valid LB.
INFO: Gurobi maxTimeLimit on 'scen_46'. Using dual lower_bound=0.96188244 as valid LB.
       14380.965              40                                      0.97570655      0.98044571         0.4834%        0.004739              33
INFO: Gurobi maxTimeLimit on 'scen_3'. Using dual lower_bound=1.0426326 as valid LB.
INFO: Gurobi maxTimeLimit on 'scen_4'. Using dual lower_bound=0.96845516 as valid LB.
INFO: Gurobi maxTimeLimit on 'scen_6'. Using dual lower_bound=1.0033295 as valid LB.
INFO: Gurobi maxTimeLimit on 'scen_8'. Using dual lower_bound=0.99984646 as valid LB.
INFO: Gurobi maxTimeLimit on 'scen_10'. Using dual lower_bound=0.96348306 as valid LB.
INFO: Gurobi maxTimeLimit on 'scen_11'. Using dual lower_bound=1.0258063 as valid LB.
INFO: Gurobi maxTimeLimit on 'scen_13'. Using dual lower_bound=0.97266954 as valid LB.
INFO: Gurobi maxTimeLimit on 'scen_14'. Using dual lower_bound=0.98819046 as valid LB.
INFO: Gurobi maxTimeLimit on 'scen_15'. Using dual lower_bound=1.0528905 as valid LB.
INFO: Gurobi maxTimeLimit on 'scen_23'. Using dual lower_bound=0.99754587 as valid LB.
INFO: Gurobi maxTimeLimit on 'scen_25'. Using dual lower_bound=1.0435502 as valid LB.
INFO: Gurobi maxTimeLimit on 'scen_29'. Using dual lower_bound=1.058876 as valid LB.
INFO: Gurobi maxTimeLimit on 'scen_30'. Using dual lower_bound=0.9638849 as valid LB.
INFO: Gurobi maxTimeLimit on 'scen_33'. Using dual lower_bound=1.0955697 as valid LB.
INFO: Gurobi maxTimeLimit on 'scen_34'. Using dual lower_bound=1.0268835 as valid LB.
INFO: Gurobi maxTimeLimit on 'scen_36'. Using dual lower_bound=1.0472414 as valid LB.
INFO: Gurobi maxTimeLimit on 'scen_38'. Using dual lower_bound=0.9840422 as valid LB.
INFO: Gurobi maxTimeLimit on 'scen_39'. Using dual lower_bound=0.97443031 as valid LB.
INFO: Gurobi maxTimeLimit on 'scen_40'. Using dual lower_bound=0.96788588 as valid LB.
INFO: Gurobi maxTimeLimit on 'scen_43'. Using dual lower_bound=1.0779918 as valid LB.
INFO: Gurobi maxTimeLimit on 'scen_45'. Using dual lower_bound=0.95503131 as valid LB.
INFO: Gurobi maxTimeLimit on 'scen_46'. Using dual lower_bound=0.96188244 as valid LB.
       14826.109              41                           * L        0.97570762      0.98044571         0.4833%        0.004738              34
INFO: Gurobi maxTimeLimit on 'scen_3'. Using dual lower_bound=1.0426326 as valid LB.
INFO: Gurobi maxTimeLimit on 'scen_6'. Using dual lower_bound=1.0033295 as valid LB.
INFO: Gurobi maxTimeLimit on 'scen_8'. Using dual lower_bound=0.99984646 as valid LB.
INFO: Gurobi maxTimeLimit on 'scen_10'. Using dual lower_bound=0.96266826 as valid LB.
INFO: Gurobi maxTimeLimit on 'scen_11'. Using dual lower_bound=1.0258063 as valid LB.
INFO: Gurobi maxTimeLimit on 'scen_13'. Using dual lower_bound=0.97395459 as valid LB.
INFO: Gurobi maxTimeLimit on 'scen_14'. Using dual lower_bound=0.98819046 as valid LB.
INFO: Gurobi maxTimeLimit on 'scen_15'. Using dual lower_bound=1.0528905 as valid LB.
INFO: Gurobi maxTimeLimit on 'scen_23'. Using dual lower_bound=0.99754587 as valid LB.
INFO: Gurobi maxTimeLimit on 'scen_25'. Using dual lower_bound=1.0435502 as valid LB.
INFO: Gurobi maxTimeLimit on 'scen_29'. Using dual lower_bound=1.058876 as valid LB.
INFO: Gurobi maxTimeLimit on 'scen_30'. Using dual lower_bound=0.9638849 as valid LB.
INFO: Gurobi maxTimeLimit on 'scen_33'. Using dual lower_bound=1.0955697 as valid LB.
INFO: Gurobi maxTimeLimit on 'scen_34'. Using dual lower_bound=1.0268835 as valid LB.
INFO: Gurobi maxTimeLimit on 'scen_36'. Using dual lower_bound=1.0471206 as valid LB.
INFO: Gurobi maxTimeLimit on 'scen_38'. Using dual lower_bound=0.9840422 as valid LB.
INFO: Gurobi maxTimeLimit on 'scen_39'. Using dual lower_bound=0.97443031 as valid LB.
INFO: Gurobi maxTimeLimit on 'scen_40'. Using dual lower_bound=0.96535142 as valid LB.
INFO: Gurobi maxTimeLimit on 'scen_43'. Using dual lower_bound=1.0779918 as valid LB.
INFO: Gurobi maxTimeLimit on 'scen_45'. Using dual lower_bound=0.95572061 as valid LB.
INFO: Gurobi maxTimeLimit on 'scen_46'. Using dual lower_bound=0.96188244 as valid LB.
       15256.736              42                                      0.97570762      0.98044571         0.4833%        0.004738              35
       15337.067              43                           * L        0.97570897      0.98044571         0.4831%        0.004737              36
INFO: Gurobi maxTimeLimit on 'scen_3'. Using dual lower_bound=1.0426326 as valid LB.
INFO: Gurobi maxTimeLimit on 'scen_4'. Using dual lower_bound=0.96845516 as valid LB.
INFO: Gurobi maxTimeLimit on 'scen_6'. Using dual lower_bound=1.0033295 as valid LB.
INFO: Gurobi maxTimeLimit on 'scen_8'. Using dual lower_bound=0.99984646 as valid LB.
INFO: Gurobi maxTimeLimit on 'scen_10'. Using dual lower_bound=0.96348306 as valid LB.
INFO: Gurobi maxTimeLimit on 'scen_11'. Using dual lower_bound=1.0289812 as valid LB.
INFO: Gurobi maxTimeLimit on 'scen_13'. Using dual lower_bound=0.97266954 as valid LB.
INFO: Gurobi maxTimeLimit on 'scen_14'. Using dual lower_bound=0.98819046 as valid LB.
INFO: Gurobi maxTimeLimit on 'scen_15'. Using dual lower_bound=1.0728811 as valid LB.
INFO: Gurobi maxTimeLimit on 'scen_23'. Using dual lower_bound=0.99754587 as valid LB.
INFO: Gurobi maxTimeLimit on 'scen_25'. Using dual lower_bound=1.0435502 as valid LB.
INFO: Gurobi maxTimeLimit on 'scen_29'. Using dual lower_bound=1.058876 as valid LB.
INFO: Gurobi maxTimeLimit on 'scen_30'. Using dual lower_bound=0.9638849 as valid LB.
INFO: Gurobi maxTimeLimit on 'scen_33'. Using dual lower_bound=1.1045523 as valid LB.
INFO: Gurobi maxTimeLimit on 'scen_34'. Using dual lower_bound=1.0268835 as valid LB.
INFO: Gurobi maxTimeLimit on 'scen_36'. Using dual lower_bound=1.0501693 as valid LB.
INFO: Gurobi maxTimeLimit on 'scen_38'. Using dual lower_bound=0.9840422 as valid LB.
INFO: Gurobi maxTimeLimit on 'scen_39'. Using dual lower_bound=0.97443031 as valid LB.
INFO: Gurobi maxTimeLimit on 'scen_40'. Using dual lower_bound=0.96788588 as valid LB.
INFO: Gurobi maxTimeLimit on 'scen_43'. Using dual lower_bound=1.0779918 as valid LB.
INFO: Gurobi maxTimeLimit on 'scen_45'. Using dual lower_bound=0.95503131 as valid LB.
INFO: Gurobi maxTimeLimit on 'scen_46'. Using dual lower_bound=0.96188244 as valid LB.
        15768.45              44                                      0.97570897      0.98044571         0.4831%        0.004737              37
INFO: Gurobi maxTimeLimit on 'scen_3'. Using dual lower_bound=1.0426326 as valid LB.
INFO: Gurobi maxTimeLimit on 'scen_4'. Using dual lower_bound=0.96845516 as valid LB.
INFO: Gurobi maxTimeLimit on 'scen_6'. Using dual lower_bound=1.0033295 as valid LB.
INFO: Gurobi maxTimeLimit on 'scen_8'. Using dual lower_bound=0.99984646 as valid LB.
INFO: Gurobi maxTimeLimit on 'scen_10'. Using dual lower_bound=0.96348306 as valid LB.
INFO: Gurobi maxTimeLimit on 'scen_11'. Using dual lower_bound=1.0258063 as valid LB.
INFO: Gurobi maxTimeLimit on 'scen_13'. Using dual lower_bound=0.97266954 as valid LB.
INFO: Gurobi maxTimeLimit on 'scen_14'. Using dual lower_bound=0.98819046 as valid LB.
INFO: Gurobi maxTimeLimit on 'scen_15'. Using dual lower_bound=1.0528905 as valid LB.
INFO: Gurobi maxTimeLimit on 'scen_23'. Using dual lower_bound=0.99754587 as valid LB.
INFO: Gurobi maxTimeLimit on 'scen_25'. Using dual lower_bound=1.0467902 as valid LB.
INFO: Gurobi maxTimeLimit on 'scen_29'. Using dual lower_bound=1.058876 as valid LB.
INFO: Gurobi maxTimeLimit on 'scen_30'. Using dual lower_bound=0.9638849 as valid LB.
INFO: Gurobi maxTimeLimit on 'scen_33'. Using dual lower_bound=1.1005963 as valid LB.
INFO: Gurobi maxTimeLimit on 'scen_34'. Using dual lower_bound=1.0268835 as valid LB.
INFO: Gurobi maxTimeLimit on 'scen_36'. Using dual lower_bound=1.0501978 as valid LB.
INFO: Gurobi maxTimeLimit on 'scen_38'. Using dual lower_bound=0.9840422 as valid LB.
INFO: Gurobi maxTimeLimit on 'scen_39'. Using dual lower_bound=0.97443031 as valid LB.
INFO: Gurobi maxTimeLimit on 'scen_40'. Using dual lower_bound=0.96788588 as valid LB.
INFO: Gurobi maxTimeLimit on 'scen_43'. Using dual lower_bound=1.0779918 as valid LB.
INFO: Gurobi maxTimeLimit on 'scen_45'. Using dual lower_bound=0.95503131 as valid LB.
INFO: Gurobi maxTimeLimit on 'scen_46'. Using dual lower_bound=0.96188244 as valid LB.
       16208.314              45                           * L          0.975715      0.98044571         0.4825%        0.004731              38
INFO: Gurobi maxTimeLimit on 'scen_3'. Using dual lower_bound=1.0426337 as valid LB.
INFO: Gurobi maxTimeLimit on 'scen_4'. Using dual lower_bound=0.96845516 as valid LB.
INFO: Gurobi maxTimeLimit on 'scen_6'. Using dual lower_bound=1.0033295 as valid LB.
INFO: Gurobi maxTimeLimit on 'scen_8'. Using dual lower_bound=0.99984646 as valid LB.
INFO: Gurobi maxTimeLimit on 'scen_10'. Using dual lower_bound=0.96348306 as valid LB.
INFO: Gurobi maxTimeLimit on 'scen_11'. Using dual lower_bound=1.0303953 as valid LB.
INFO: Gurobi maxTimeLimit on 'scen_13'. Using dual lower_bound=0.97266954 as valid LB.
INFO: Gurobi maxTimeLimit on 'scen_14'. Using dual lower_bound=0.98819046 as valid LB.
INFO: Gurobi maxTimeLimit on 'scen_15'. Using dual lower_bound=1.0528905 as valid LB.
INFO: Gurobi maxTimeLimit on 'scen_23'. Using dual lower_bound=0.99754587 as valid LB.
INFO: Gurobi maxTimeLimit on 'scen_25'. Using dual lower_bound=1.0435502 as valid LB.
INFO: Gurobi maxTimeLimit on 'scen_29'. Using dual lower_bound=1.058876 as valid LB.
INFO: Gurobi maxTimeLimit on 'scen_30'. Using dual lower_bound=0.9638849 as valid LB.
INFO: Gurobi maxTimeLimit on 'scen_33'. Using dual lower_bound=1.0955697 as valid LB.
INFO: Gurobi maxTimeLimit on 'scen_34'. Using dual lower_bound=1.0268835 as valid LB.
INFO: Gurobi maxTimeLimit on 'scen_36'. Using dual lower_bound=1.0471206 as valid LB.
INFO: Gurobi maxTimeLimit on 'scen_38'. Using dual lower_bound=0.9840422 as valid LB.
INFO: Gurobi maxTimeLimit on 'scen_39'. Using dual lower_bound=0.97443031 as valid LB.
INFO: Gurobi maxTimeLimit on 'scen_40'. Using dual lower_bound=0.96788588 as valid LB.
INFO: Gurobi maxTimeLimit on 'scen_43'. Using dual lower_bound=1.0780007 as valid LB.
INFO: Gurobi maxTimeLimit on 'scen_45'. Using dual lower_bound=0.95503131 as valid LB.
INFO: Gurobi maxTimeLimit on 'scen_46'. Using dual lower_bound=0.96188244 as valid LB.
       16651.406              46                                        0.975715      0.98044571         0.4825%        0.004731              39
INFO: Gurobi maxTimeLimit on 'scen_3'. Using dual lower_bound=1.0426326 as valid LB.
INFO: Gurobi maxTimeLimit on 'scen_4'. Using dual lower_bound=0.96845516 as valid LB.
INFO: Gurobi maxTimeLimit on 'scen_6'. Using dual lower_bound=1.0033295 as valid LB.
INFO: Gurobi maxTimeLimit on 'scen_8'. Using dual lower_bound=0.99984646 as valid LB.
INFO: Gurobi maxTimeLimit on 'scen_10'. Using dual lower_bound=0.96348306 as valid LB.
INFO: Gurobi maxTimeLimit on 'scen_11'. Using dual lower_bound=1.0258063 as valid LB.
INFO: Gurobi maxTimeLimit on 'scen_13'. Using dual lower_bound=0.97266954 as valid LB.
INFO: Gurobi maxTimeLimit on 'scen_14'. Using dual lower_bound=0.98819046 as valid LB.
INFO: Gurobi maxTimeLimit on 'scen_15'. Using dual lower_bound=1.0989339 as valid LB.
INFO: Gurobi maxTimeLimit on 'scen_23'. Using dual lower_bound=0.99754587 as valid LB.
INFO: Gurobi maxTimeLimit on 'scen_25'. Using dual lower_bound=1.0435502 as valid LB.
INFO: Gurobi maxTimeLimit on 'scen_29'. Using dual lower_bound=1.058876 as valid LB.
INFO: Gurobi maxTimeLimit on 'scen_30'. Using dual lower_bound=0.9638849 as valid LB.
INFO: Gurobi maxTimeLimit on 'scen_33'. Using dual lower_bound=1.0955697 as valid LB.
INFO: Gurobi maxTimeLimit on 'scen_34'. Using dual lower_bound=1.0268835 as valid LB.
INFO: Gurobi maxTimeLimit on 'scen_36'. Using dual lower_bound=1.0471206 as valid LB.
INFO: Gurobi maxTimeLimit on 'scen_38'. Using dual lower_bound=0.9840422 as valid LB.
INFO: Gurobi maxTimeLimit on 'scen_39'. Using dual lower_bound=0.97443031 as valid LB.
INFO: Gurobi maxTimeLimit on 'scen_40'. Using dual lower_bound=0.96788588 as valid LB.
INFO: Gurobi maxTimeLimit on 'scen_43'. Using dual lower_bound=1.0779918 as valid LB.
INFO: Gurobi maxTimeLimit on 'scen_45'. Using dual lower_bound=0.95503131 as valid LB.
INFO: Gurobi maxTimeLimit on 'scen_46'. Using dual lower_bound=0.96188244 as valid LB.
       17073.043              47                           * L        0.97571944      0.98044571         0.4821%        0.004726              40
INFO: Gurobi maxTimeLimit on 'scen_3'. Using dual lower_bound=1.0433147 as valid LB.
INFO: Gurobi maxTimeLimit on 'scen_4'. Using dual lower_bound=0.96845516 as valid LB.
INFO: Gurobi maxTimeLimit on 'scen_6'. Using dual lower_bound=1.0033295 as valid LB.
INFO: Gurobi maxTimeLimit on 'scen_8'. Using dual lower_bound=0.99984646 as valid LB.
INFO: Gurobi maxTimeLimit on 'scen_10'. Using dual lower_bound=0.96348306 as valid LB.
INFO: Gurobi maxTimeLimit on 'scen_11'. Using dual lower_bound=1.0258063 as valid LB.
INFO: Gurobi maxTimeLimit on 'scen_13'. Using dual lower_bound=0.97266954 as valid LB.
INFO: Gurobi maxTimeLimit on 'scen_14'. Using dual lower_bound=0.98819046 as valid LB.
INFO: Gurobi maxTimeLimit on 'scen_15'. Using dual lower_bound=1.0627435 as valid LB.
INFO: Gurobi maxTimeLimit on 'scen_23'. Using dual lower_bound=0.99754587 as valid LB.
INFO: Gurobi maxTimeLimit on 'scen_25'. Using dual lower_bound=1.0435502 as valid LB.
INFO: Gurobi maxTimeLimit on 'scen_29'. Using dual lower_bound=1.0783478 as valid LB.
INFO: Gurobi maxTimeLimit on 'scen_30'. Using dual lower_bound=0.9638849 as valid LB.
INFO: Gurobi maxTimeLimit on 'scen_33'. Using dual lower_bound=1.0955697 as valid LB.
INFO: Gurobi maxTimeLimit on 'scen_34'. Using dual lower_bound=1.0268835 as valid LB.
INFO: Gurobi maxTimeLimit on 'scen_36'. Using dual lower_bound=1.0471206 as valid LB.
INFO: Gurobi maxTimeLimit on 'scen_38'. Using dual lower_bound=0.9840422 as valid LB.
INFO: Gurobi maxTimeLimit on 'scen_39'. Using dual lower_bound=0.97443031 as valid LB.
INFO: Gurobi maxTimeLimit on 'scen_40'. Using dual lower_bound=0.96788588 as valid LB.
INFO: Gurobi maxTimeLimit on 'scen_43'. Using dual lower_bound=1.0779918 as valid LB.
INFO: Gurobi maxTimeLimit on 'scen_45'. Using dual lower_bound=0.95503131 as valid LB.
INFO: Gurobi maxTimeLimit on 'scen_46'. Using dual lower_bound=0.96188244 as valid LB.
         17502.9              48                                      0.97571944      0.98044571         0.4821%        0.004726              41
INFO: Gurobi maxTimeLimit on 'scen_3'. Using dual lower_bound=1.0426326 as valid LB.
INFO: Gurobi maxTimeLimit on 'scen_4'. Using dual lower_bound=0.96845516 as valid LB.
INFO: Gurobi maxTimeLimit on 'scen_6'. Using dual lower_bound=1.0033295 as valid LB.
INFO: Gurobi maxTimeLimit on 'scen_8'. Using dual lower_bound=0.99984646 as valid LB.
INFO: Gurobi maxTimeLimit on 'scen_10'. Using dual lower_bound=0.96348306 as valid LB.
INFO: Gurobi maxTimeLimit on 'scen_11'. Using dual lower_bound=1.0258063 as valid LB.
INFO: Gurobi maxTimeLimit on 'scen_13'. Using dual lower_bound=0.97266954 as valid LB.
INFO: Gurobi maxTimeLimit on 'scen_14'. Using dual lower_bound=0.98819046 as valid LB.
INFO: Gurobi maxTimeLimit on 'scen_15'. Using dual lower_bound=1.0528905 as valid LB.
INFO: Gurobi maxTimeLimit on 'scen_23'. Using dual lower_bound=0.99754587 as valid LB.
INFO: Gurobi maxTimeLimit on 'scen_25'. Using dual lower_bound=1.0435502 as valid LB.
INFO: Gurobi maxTimeLimit on 'scen_29'. Using dual lower_bound=1.058876 as valid LB.
INFO: Gurobi maxTimeLimit on 'scen_30'. Using dual lower_bound=0.9638849 as valid LB.
INFO: Gurobi maxTimeLimit on 'scen_33'. Using dual lower_bound=1.0955697 as valid LB.
INFO: Gurobi maxTimeLimit on 'scen_34'. Using dual lower_bound=1.0268835 as valid LB.
INFO: Gurobi maxTimeLimit on 'scen_36'. Using dual lower_bound=1.0471206 as valid LB.
INFO: Gurobi maxTimeLimit on 'scen_38'. Using dual lower_bound=0.9840422 as valid LB.
INFO: Gurobi maxTimeLimit on 'scen_39'. Using dual lower_bound=0.97443031 as valid LB.
INFO: Gurobi maxTimeLimit on 'scen_40'. Using dual lower_bound=0.96788588 as valid LB.
INFO: Gurobi maxTimeLimit on 'scen_43'. Using dual lower_bound=1.0779918 as valid LB.
INFO: Gurobi maxTimeLimit on 'scen_46'. Using dual lower_bound=0.96188244 as valid LB.
       17977.688              49                           * L        0.97571944      0.98044571         0.4821%        0.004726              42
INFO: Gurobi maxTimeLimit on 'scen_3'. Using dual lower_bound=1.0426326 as valid LB.
INFO: Gurobi maxTimeLimit on 'scen_4'. Using dual lower_bound=0.96845516 as valid LB.
INFO: Gurobi maxTimeLimit on 'scen_6'. Using dual lower_bound=1.0033295 as valid LB.
INFO: Gurobi maxTimeLimit on 'scen_8'. Using dual lower_bound=0.99984646 as valid LB.
INFO: Gurobi maxTimeLimit on 'scen_10'. Using dual lower_bound=0.96348306 as valid LB.
INFO: Gurobi maxTimeLimit on 'scen_11'. Using dual lower_bound=1.0258063 as valid LB.
INFO: Gurobi maxTimeLimit on 'scen_13'. Using dual lower_bound=0.97266954 as valid LB.
INFO: Gurobi maxTimeLimit on 'scen_14'. Using dual lower_bound=0.98819046 as valid LB.
INFO: Gurobi maxTimeLimit on 'scen_15'. Using dual lower_bound=1.1077697 as valid LB.
INFO: Gurobi maxTimeLimit on 'scen_23'. Using dual lower_bound=0.99754587 as valid LB.
INFO: Gurobi maxTimeLimit on 'scen_25'. Using dual lower_bound=1.0435502 as valid LB.
INFO: Gurobi maxTimeLimit on 'scen_29'. Using dual lower_bound=1.058876 as valid LB.
INFO: Gurobi maxTimeLimit on 'scen_30'. Using dual lower_bound=0.9638849 as valid LB.
INFO: Gurobi maxTimeLimit on 'scen_33'. Using dual lower_bound=1.0955697 as valid LB.
INFO: Gurobi maxTimeLimit on 'scen_34'. Using dual lower_bound=1.0268835 as valid LB.
INFO: Gurobi maxTimeLimit on 'scen_36'. Using dual lower_bound=1.0471206 as valid LB.
INFO: Gurobi maxTimeLimit on 'scen_38'. Using dual lower_bound=0.9840422 as valid LB.
INFO: Gurobi maxTimeLimit on 'scen_39'. Using dual lower_bound=0.97443031 as valid LB.
INFO: Gurobi maxTimeLimit on 'scen_40'. Using dual lower_bound=0.96788588 as valid LB.
INFO: Gurobi maxTimeLimit on 'scen_43'. Using dual lower_bound=1.0779918 as valid LB.
INFO: Gurobi maxTimeLimit on 'scen_45'. Using dual lower_bound=0.95503131 as valid LB.
INFO: Gurobi maxTimeLimit on 'scen_46'. Using dual lower_bound=0.96188244 as valid LB.
       18452.934              50                                      0.97571944      0.98044571         0.4821%        0.004726              43
INFO: Gurobi maxTimeLimit on 'scen_3'. Using dual lower_bound=1.046565 as valid LB.
INFO: Gurobi maxTimeLimit on 'scen_4'. Using dual lower_bound=0.96845516 as valid LB.
INFO: Gurobi maxTimeLimit on 'scen_6'. Using dual lower_bound=1.0153497 as valid LB.
INFO: Gurobi maxTimeLimit on 'scen_8'. Using dual lower_bound=0.99984646 as valid LB.
INFO: Gurobi maxTimeLimit on 'scen_10'. Using dual lower_bound=0.96348306 as valid LB.
INFO: Gurobi maxTimeLimit on 'scen_11'. Using dual lower_bound=1.0258063 as valid LB.
INFO: Gurobi maxTimeLimit on 'scen_13'. Using dual lower_bound=0.97266954 as valid LB.
INFO: Gurobi maxTimeLimit on 'scen_14'. Using dual lower_bound=0.98819046 as valid LB.
INFO: Gurobi maxTimeLimit on 'scen_15'. Using dual lower_bound=1.0722188 as valid LB.
INFO: Gurobi maxTimeLimit on 'scen_23'. Using dual lower_bound=0.99754587 as valid LB.
INFO: Gurobi maxTimeLimit on 'scen_25'. Using dual lower_bound=1.0435502 as valid LB.
INFO: Gurobi maxTimeLimit on 'scen_29'. Using dual lower_bound=1.058876 as valid LB.
INFO: Gurobi maxTimeLimit on 'scen_30'. Using dual lower_bound=0.9638849 as valid LB.
INFO: Gurobi maxTimeLimit on 'scen_33'. Using dual lower_bound=1.0955697 as valid LB.
INFO: Gurobi maxTimeLimit on 'scen_34'. Using dual lower_bound=1.0268835 as valid LB.
INFO: Gurobi maxTimeLimit on 'scen_36'. Using dual lower_bound=1.0471206 as valid LB.
INFO: Gurobi maxTimeLimit on 'scen_38'. Using dual lower_bound=0.9840422 as valid LB.
INFO: Gurobi maxTimeLimit on 'scen_39'. Using dual lower_bound=0.97443031 as valid LB.
INFO: Gurobi maxTimeLimit on 'scen_40'. Using dual lower_bound=0.96788588 as valid LB.
INFO: Gurobi maxTimeLimit on 'scen_43'. Using dual lower_bound=1.0779918 as valid LB.
INFO: Gurobi maxTimeLimit on 'scen_46'. Using dual lower_bound=0.96188244 as valid LB.
       19203.404              51                           * L        0.97576281      0.98044571         0.4776%        0.004683              44
INFO: Gurobi maxTimeLimit on 'scen_3'. Using dual lower_bound=1.0426326 as valid LB.
INFO: Gurobi maxTimeLimit on 'scen_8'. Using dual lower_bound=0.99984646 as valid LB.
INFO: Gurobi maxTimeLimit on 'scen_11'. Using dual lower_bound=1.0258063 as valid LB.
INFO: Gurobi maxTimeLimit on 'scen_34'. Using dual lower_bound=1.0268835 as valid LB.
INFO: Gurobi maxTimeLimit on 'scen_39'. Using dual lower_bound=0.97443031 as valid LB.
INFO: Gurobi maxTimeLimit on 'scen_43'. Using dual lower_bound=1.0779918 as valid LB.
       19593.926              52                                      0.97576281      0.98044571         0.4776%        0.004683              45
INFO: Gurobi maxTimeLimit on 'scen_8'. Using dual lower_bound=0.99984646 as valid LB.
INFO: Gurobi maxTimeLimit on 'scen_39'. Using dual lower_bound=0.97443031 as valid LB.
       19986.882              53                           * L        0.97578825      0.98044571          0.475%        0.004657              46
INFO: Gurobi maxTimeLimit on 'scen_3'. Using dual lower_bound=1.0426326 as valid LB.
INFO: Gurobi maxTimeLimit on 'scen_6'. Using dual lower_bound=1.0033295 as valid LB.
INFO: Gurobi maxTimeLimit on 'scen_10'. Using dual lower_bound=0.96266826 as valid LB.
INFO: Gurobi maxTimeLimit on 'scen_14'. Using dual lower_bound=0.98819046 as valid LB.
INFO: Gurobi maxTimeLimit on 'scen_15'. Using dual lower_bound=1.0528905 as valid LB.
INFO: Gurobi maxTimeLimit on 'scen_23'. Using dual lower_bound=0.99754587 as valid LB.
INFO: Gurobi maxTimeLimit on 'scen_25'. Using dual lower_bound=1.0435502 as valid LB.
INFO: Gurobi maxTimeLimit on 'scen_29'. Using dual lower_bound=1.058876 as valid LB.
INFO: Gurobi maxTimeLimit on 'scen_30'. Using dual lower_bound=0.9638849 as valid LB.
INFO: Gurobi maxTimeLimit on 'scen_33'. Using dual lower_bound=1.0955697 as valid LB.
INFO: Gurobi maxTimeLimit on 'scen_34'. Using dual lower_bound=1.0268835 as valid LB.
INFO: Gurobi maxTimeLimit on 'scen_36'. Using dual lower_bound=1.0471206 as valid LB.
INFO: Gurobi maxTimeLimit on 'scen_38'. Using dual lower_bound=0.9840422 as valid LB.
INFO: Gurobi maxTimeLimit on 'scen_39'. Using dual lower_bound=0.97443031 as valid LB.
INFO: Gurobi maxTimeLimit on 'scen_43'. Using dual lower_bound=1.0779918 as valid LB.
INFO: Gurobi maxTimeLimit on 'scen_45'. Using dual lower_bound=0.95572061 as valid LB.
INFO: Gurobi maxTimeLimit on 'scen_46'. Using dual lower_bound=0.96188244 as valid LB.
        20709.55              54                                      0.97578825      0.98044571          0.475%        0.004657              47
INFO: Gurobi maxTimeLimit on 'scen_4'. Using dual lower_bound=0.97053388 as valid LB.
INFO: Gurobi maxTimeLimit on 'scen_8'. Using dual lower_bound=1.0414947 as valid LB.
INFO: Gurobi maxTimeLimit on 'scen_14'. Using dual lower_bound=0.98819046 as valid LB.
INFO: Gurobi maxTimeLimit on 'scen_23'. Using dual lower_bound=0.99754587 as valid LB.
INFO: Gurobi maxTimeLimit on 'scen_25'. Using dual lower_bound=1.0501408 as valid LB.
INFO: Gurobi maxTimeLimit on 'scen_29'. Using dual lower_bound=1.058876 as valid LB.
INFO: Gurobi maxTimeLimit on 'scen_34'. Using dual lower_bound=1.0268835 as valid LB.
INFO: Gurobi maxTimeLimit on 'scen_38'. Using dual lower_bound=0.9840422 as valid LB.
INFO: Gurobi maxTimeLimit on 'scen_45'. Using dual lower_bound=0.95572061 as valid LB.
INFO: Gurobi maxTimeLimit on 'scen_46'. Using dual lower_bound=0.96188244 as valid LB.
       21252.515              55           Bound           * L        0.97581697      0.98044571         0.4721%        0.004629              46
       21398.094              56                                      0.97581697      0.98044571         0.4721%        0.004629              47
INFO: Gurobi maxTimeLimit on 'scen_3'. Using dual lower_bound=1.0426326 as valid LB.
INFO: Gurobi maxTimeLimit on 'scen_6'. Using dual lower_bound=1.0033295 as valid LB.
INFO: Gurobi maxTimeLimit on 'scen_8'. Using dual lower_bound=0.99984646 as valid LB.
