JobID: 22279461
Node:  fc30556
Start: Sun Feb  8 16:17:04 PST 2026
Work:  /home/yinhuang/snoglode-main-2-ori-record3/examples/stochastic_pid
-rw-r----- 1 yinhuang yinhuang 17K Feb  8 16:16 /home/yinhuang/snoglode-main-2-ori-record3/examples/stochastic_pid/stochastic_pid.py
Python: /home/yinhuang/micromamba/envs/pidsp-sim-fir/bin/python
Python 3.11.14
No mpi4py detected - running in serial.
--------------------------------------------------
SNoGloDe Solver Parameters
--------------------------------------------------

Subproblem Names:
  - scen_1
  - scen_2
  - scen_3
  - scen_4
  - scen_5
  - scen_6
  - scen_7
  - scen_8
  - scen_9
  - scen_10
  - scen_11
  - scen_12
  - scen_13
  - scen_14
  - scen_15
  - scen_16
  - scen_17
  - scen_18
  - scen_19
  - scen_20
  - scen_21
  - scen_22
  - scen_23
  - scen_24
  - scen_25
  - scen_26
  - scen_27
  - scen_28
  - scen_29
  - scen_30
  - scen_31
  - scen_32
  - scen_33
  - scen_34
  - scen_35
  - scen_36
  - scen_37
  - scen_38
  - scen_39
  - scen_40
  - scen_41
  - scen_42
  - scen_43
  - scen_44
  - scen_45
  - scen_46
  - scen_47
  - scen_48
  - scen_49
  - scen_50
Total # subproblems: 50

LB solver: gurobi
UB solver: gurobi
CG solver: ipopt

Global convergance guaranteed: True
Epsilon: 0.001
Perform FBBT: True
Perform OBBT: True
Relax binaries at LB: False
Relax integers at LB: False

Bounder Information
  - Lower Bounder: GurobiLBLowerBounder
  - Candidate Generator: SolveExtensiveForm

Queuing strategy: QueueStrategy.bound
Using a node feasibility checker? : False

Branching Information
  - Selection Strategy: HybridBranching
  - Partition Strategy: ExpectedValue

Verbose: True
No log file generated.

--------------------------------------------------
Generating the models for the subproblems.
	Scenario scen_1 has 3 first stage vars.
	Scenario scen_2 has 3 first stage vars.
	Scenario scen_3 has 3 first stage vars.
	Scenario scen_4 has 3 first stage vars.
	Scenario scen_5 has 3 first stage vars.
	Scenario scen_6 has 3 first stage vars.
	Scenario scen_7 has 3 first stage vars.
	Scenario scen_8 has 3 first stage vars.
	Scenario scen_9 has 3 first stage vars.
	Scenario scen_10 has 3 first stage vars.
	Scenario scen_11 has 3 first stage vars.
	Scenario scen_12 has 3 first stage vars.
	Scenario scen_13 has 3 first stage vars.
	Scenario scen_14 has 3 first stage vars.
	Scenario scen_15 has 3 first stage vars.
	Scenario scen_16 has 3 first stage vars.
	Scenario scen_17 has 3 first stage vars.
	Scenario scen_18 has 3 first stage vars.
	Scenario scen_19 has 3 first stage vars.
	Scenario scen_20 has 3 first stage vars.
	Scenario scen_21 has 3 first stage vars.
	Scenario scen_22 has 3 first stage vars.
	Scenario scen_23 has 3 first stage vars.
	Scenario scen_24 has 3 first stage vars.
	Scenario scen_25 has 3 first stage vars.
	Scenario scen_26 has 3 first stage vars.
	Scenario scen_27 has 3 first stage vars.
	Scenario scen_28 has 3 first stage vars.
	Scenario scen_29 has 3 first stage vars.
	Scenario scen_30 has 3 first stage vars.
	Scenario scen_31 has 3 first stage vars.
	Scenario scen_32 has 3 first stage vars.
	Scenario scen_33 has 3 first stage vars.
	Scenario scen_34 has 3 first stage vars.
	Scenario scen_35 has 3 first stage vars.
	Scenario scen_36 has 3 first stage vars.
	Scenario scen_37 has 3 first stage vars.
	Scenario scen_38 has 3 first stage vars.
	Scenario scen_39 has 3 first stage vars.
	Scenario scen_40 has 3 first stage vars.
	Scenario scen_41 has 3 first stage vars.
	Scenario scen_42 has 3 first stage vars.
	Scenario scen_43 has 3 first stage vars.
	Scenario scen_44 has 3 first stage vars.
	Scenario scen_45 has 3 first stage vars.
	Scenario scen_46 has 3 first stage vars.
	Scenario scen_47 has 3 first stage vars.
	Scenario scen_48 has 3 first stage vars.
	Scenario scen_49 has 3 first stage vars.
	Scenario scen_50 has 3 first stage vars.
Finished generating subproblem models.
Node rooted.
Using EF method for candidate solution. No EF bound. Building EF.
EF built.
INFO: Gurobi maxTimeLimit on 'scen_2'. Using dual lower_bound=0.95495724 as valid LB.
INFO: Gurobi maxTimeLimit on 'scen_4'. Using dual lower_bound=0.96581454 as valid LB.
INFO: Gurobi maxTimeLimit on 'scen_6'. Using dual lower_bound=1.0033295 as valid LB.
INFO: Gurobi maxTimeLimit on 'scen_8'. Using dual lower_bound=0.99995475 as valid LB.
INFO: Gurobi maxTimeLimit on 'scen_9'. Using dual lower_bound=0.95491987 as valid LB.
INFO: Gurobi maxTimeLimit on 'scen_10'. Using dual lower_bound=0.96118873 as valid LB.
INFO: Gurobi maxTimeLimit on 'scen_11'. Using dual lower_bound=1.0258538 as valid LB.
INFO: Gurobi maxTimeLimit on 'scen_14'. Using dual lower_bound=0.98829243 as valid LB.
INFO: Gurobi maxTimeLimit on 'scen_16'. Using dual lower_bound=0.95262769 as valid LB.
INFO: Gurobi maxTimeLimit on 'scen_17'. Using dual lower_bound=0.95177323 as valid LB.
INFO: Gurobi maxTimeLimit on 'scen_19'. Using dual lower_bound=0.94663802 as valid LB.
INFO: Gurobi maxTimeLimit on 'scen_20'. Using dual lower_bound=0.94759163 as valid LB.
INFO: Gurobi maxTimeLimit on 'scen_21'. Using dual lower_bound=0.95735324 as valid LB.
INFO: Gurobi maxTimeLimit on 'scen_23'. Using dual lower_bound=0.99754587 as valid LB.
INFO: Gurobi maxTimeLimit on 'scen_24'. Using dual lower_bound=0.96046053 as valid LB.
INFO: Gurobi maxTimeLimit on 'scen_29'. Using dual lower_bound=1.0595697 as valid LB.
INFO: Gurobi maxTimeLimit on 'scen_30'. Using dual lower_bound=0.96388494 as valid LB.
INFO: Gurobi maxTimeLimit on 'scen_34'. Using dual lower_bound=1.0269734 as valid LB.
INFO: Gurobi maxTimeLimit on 'scen_37'. Using dual lower_bound=0.95434208 as valid LB.
INFO: Gurobi maxTimeLimit on 'scen_38'. Using dual lower_bound=0.9840422 as valid LB.
INFO: Gurobi maxTimeLimit on 'scen_39'. Using dual lower_bound=0.97443071 as valid LB.
INFO: Gurobi maxTimeLimit on 'scen_40'. Using dual lower_bound=0.96535705 as valid LB.
INFO: Gurobi maxTimeLimit on 'scen_42'. Using dual lower_bound=0.94989515 as valid LB.
INFO: Gurobi maxTimeLimit on 'scen_45'. Using dual lower_bound=0.95182813 as valid LB.
INFO: Gurobi maxTimeLimit on 'scen_46'. Using dual lower_bound=0.9618908 as valid LB.
INFO: Gurobi maxTimeLimit on 'scen_50'. Using dual lower_bound=0.99537121 as valid LB.
        Time (s)  Nodes Explored       Pruned by                              LB              UB        Rel. Gap        Abs. Gap         # Nodes
---------------------------------------------------------------------------------------------------------------------------------------------------------------------------
        1951.969               1                           * L        0.97670241             inf            inf%             inf               2
INFO: Gurobi maxTimeLimit on 'scen_2'. Using dual lower_bound=0.95495724 as valid LB.
INFO: Gurobi maxTimeLimit on 'scen_4'. Using dual lower_bound=0.96581454 as valid LB.
INFO: Gurobi maxTimeLimit on 'scen_6'. Using dual lower_bound=1.0033295 as valid LB.
INFO: Gurobi maxTimeLimit on 'scen_8'. Using dual lower_bound=0.99995475 as valid LB.
INFO: Gurobi maxTimeLimit on 'scen_11'. Using dual lower_bound=1.0258538 as valid LB.
INFO: Gurobi maxTimeLimit on 'scen_14'. Using dual lower_bound=0.98829243 as valid LB.
INFO: Gurobi maxTimeLimit on 'scen_19'. Using dual lower_bound=0.94663802 as valid LB.
INFO: Gurobi maxTimeLimit on 'scen_20'. Using dual lower_bound=0.94759163 as valid LB.
INFO: Gurobi maxTimeLimit on 'scen_21'. Using dual lower_bound=0.95735324 as valid LB.
INFO: Gurobi maxTimeLimit on 'scen_23'. Using dual lower_bound=0.99754587 as valid LB.
INFO: Gurobi maxTimeLimit on 'scen_24'. Using dual lower_bound=0.96046053 as valid LB.
INFO: Gurobi maxTimeLimit on 'scen_29'. Using dual lower_bound=1.0595697 as valid LB.
INFO: Gurobi maxTimeLimit on 'scen_30'. Using dual lower_bound=0.96388494 as valid LB.
INFO: Gurobi maxTimeLimit on 'scen_34'. Using dual lower_bound=1.0269734 as valid LB.
INFO: Gurobi maxTimeLimit on 'scen_37'. Using dual lower_bound=0.95434208 as valid LB.
INFO: Gurobi maxTimeLimit on 'scen_38'. Using dual lower_bound=0.9840422 as valid LB.
INFO: Gurobi maxTimeLimit on 'scen_39'. Using dual lower_bound=0.98064752 as valid LB.
INFO: Gurobi maxTimeLimit on 'scen_40'. Using dual lower_bound=0.96535705 as valid LB.
INFO: Gurobi maxTimeLimit on 'scen_42'. Using dual lower_bound=0.94989515 as valid LB.
INFO: Gurobi maxTimeLimit on 'scen_46'. Using dual lower_bound=0.9618908 as valid LB.
INFO: Gurobi maxTimeLimit on 'scen_50'. Using dual lower_bound=0.99537121 as valid LB.
        3498.579               2                                      0.97670241             inf            inf%             inf               3
INFO: Gurobi maxTimeLimit on 'scen_2'. Using dual lower_bound=0.95495724 as valid LB.
INFO: Gurobi maxTimeLimit on 'scen_3'. Using dual lower_bound=1.0544691 as valid LB.
INFO: Gurobi maxTimeLimit on 'scen_6'. Using dual lower_bound=1.0033295 as valid LB.
INFO: Gurobi maxTimeLimit on 'scen_8'. Using dual lower_bound=0.99995475 as valid LB.
INFO: Gurobi maxTimeLimit on 'scen_13'. Using dual lower_bound=0.97381284 as valid LB.
INFO: Gurobi maxTimeLimit on 'scen_14'. Using dual lower_bound=0.98829243 as valid LB.
INFO: Gurobi maxTimeLimit on 'scen_15'. Using dual lower_bound=1.0710325 as valid LB.
INFO: Gurobi maxTimeLimit on 'scen_20'. Using dual lower_bound=0.94759163 as valid LB.
INFO: Gurobi maxTimeLimit on 'scen_23'. Using dual lower_bound=0.99754587 as valid LB.
INFO: Gurobi maxTimeLimit on 'scen_25'. Using dual lower_bound=1.0494782 as valid LB.
INFO: Gurobi maxTimeLimit on 'scen_29'. Using dual lower_bound=1.0595697 as valid LB.
INFO: Gurobi maxTimeLimit on 'scen_30'. Using dual lower_bound=0.96388494 as valid LB.
INFO: Gurobi maxTimeLimit on 'scen_33'. Using dual lower_bound=1.1046803 as valid LB.
INFO: Gurobi maxTimeLimit on 'scen_34'. Using dual lower_bound=1.0269734 as valid LB.
INFO: Gurobi maxTimeLimit on 'scen_36'. Using dual lower_bound=1.0554855 as valid LB.
INFO: Gurobi maxTimeLimit on 'scen_37'. Using dual lower_bound=0.95434208 as valid LB.
INFO: Gurobi maxTimeLimit on 'scen_43'. Using dual lower_bound=1.0998288 as valid LB.
INFO: Gurobi maxTimeLimit on 'scen_46'. Using dual lower_bound=0.9618908 as valid LB.
INFO: Gurobi maxTimeLimit on 'scen_48'. Using dual lower_bound=0.94842116 as valid LB.
INFO: Gurobi maxTimeLimit on 'scen_50'. Using dual lower_bound=0.99537121 as valid LB.
        5191.329               3                           * L        0.97713632             inf            inf%             inf               4
INFO: Gurobi maxTimeLimit on 'scen_2'. Using dual lower_bound=0.95495724 as valid LB.
INFO: Gurobi maxTimeLimit on 'scen_4'. Using dual lower_bound=0.96581454 as valid LB.
INFO: Gurobi maxTimeLimit on 'scen_6'. Using dual lower_bound=1.0033295 as valid LB.
INFO: Gurobi maxTimeLimit on 'scen_8'. Using dual lower_bound=0.99995475 as valid LB.
INFO: Gurobi maxTimeLimit on 'scen_11'. Using dual lower_bound=1.0258538 as valid LB.
INFO: Gurobi maxTimeLimit on 'scen_14'. Using dual lower_bound=0.98829243 as valid LB.
INFO: Gurobi maxTimeLimit on 'scen_19'. Using dual lower_bound=0.94663802 as valid LB.
INFO: Gurobi maxTimeLimit on 'scen_20'. Using dual lower_bound=0.94759163 as valid LB.
INFO: Gurobi maxTimeLimit on 'scen_23'. Using dual lower_bound=0.99754587 as valid LB.
INFO: Gurobi maxTimeLimit on 'scen_29'. Using dual lower_bound=1.0595697 as valid LB.
INFO: Gurobi maxTimeLimit on 'scen_30'. Using dual lower_bound=0.96388494 as valid LB.
INFO: Gurobi maxTimeLimit on 'scen_34'. Using dual lower_bound=1.0269734 as valid LB.
INFO: Gurobi maxTimeLimit on 'scen_37'. Using dual lower_bound=0.95434208 as valid LB.
INFO: Gurobi maxTimeLimit on 'scen_38'. Using dual lower_bound=0.9840422 as valid LB.
INFO: Gurobi maxTimeLimit on 'scen_39'. Using dual lower_bound=0.98064752 as valid LB.
INFO: Gurobi maxTimeLimit on 'scen_40'. Using dual lower_bound=0.96720723 as valid LB.
INFO: Gurobi maxTimeLimit on 'scen_46'. Using dual lower_bound=0.9618908 as valid LB.
INFO: Gurobi maxTimeLimit on 'scen_50'. Using dual lower_bound=0.99537121 as valid LB.
        6437.563               4                           * U        0.97713632        2.138726        54.3122%         1.16159               5
INFO: Gurobi maxTimeLimit on 'scen_2'. Using dual lower_bound=0.95495724 as valid LB.
INFO: Gurobi maxTimeLimit on 'scen_3'. Using dual lower_bound=1.0544691 as valid LB.
INFO: Gurobi maxTimeLimit on 'scen_6'. Using dual lower_bound=1.0033295 as valid LB.
INFO: Gurobi maxTimeLimit on 'scen_8'. Using dual lower_bound=0.99995475 as valid LB.
INFO: Gurobi maxTimeLimit on 'scen_11'. Using dual lower_bound=1.0258538 as valid LB.
INFO: Gurobi maxTimeLimit on 'scen_14'. Using dual lower_bound=0.98829243 as valid LB.
INFO: Gurobi maxTimeLimit on 'scen_15'. Using dual lower_bound=1.0710325 as valid LB.
INFO: Gurobi maxTimeLimit on 'scen_20'. Using dual lower_bound=0.94759163 as valid LB.
INFO: Gurobi maxTimeLimit on 'scen_21'. Using dual lower_bound=0.95735324 as valid LB.
INFO: Gurobi maxTimeLimit on 'scen_23'. Using dual lower_bound=0.99754587 as valid LB.
INFO: Gurobi maxTimeLimit on 'scen_29'. Using dual lower_bound=1.0595697 as valid LB.
INFO: Gurobi maxTimeLimit on 'scen_30'. Using dual lower_bound=0.96388494 as valid LB.
INFO: Gurobi maxTimeLimit on 'scen_33'. Using dual lower_bound=1.1046803 as valid LB.
INFO: Gurobi maxTimeLimit on 'scen_37'. Using dual lower_bound=0.95434208 as valid LB.
INFO: Gurobi maxTimeLimit on 'scen_38'. Using dual lower_bound=0.9840422 as valid LB.
INFO: Gurobi maxTimeLimit on 'scen_39'. Using dual lower_bound=0.98064752 as valid LB.
INFO: Gurobi maxTimeLimit on 'scen_43'. Using dual lower_bound=1.0998288 as valid LB.
INFO: Gurobi maxTimeLimit on 'scen_48'. Using dual lower_bound=0.94842116 as valid LB.
INFO: Gurobi maxTimeLimit on 'scen_50'. Using dual lower_bound=0.99537121 as valid LB.
        7924.299               5                           * L        0.97725029        2.138726        54.3069%        1.161476               6
INFO: Gurobi maxTimeLimit on 'scen_2'. Using dual lower_bound=0.95495724 as valid LB.
INFO: Gurobi maxTimeLimit on 'scen_4'. Using dual lower_bound=0.96581454 as valid LB.
INFO: Gurobi maxTimeLimit on 'scen_6'. Using dual lower_bound=1.0033295 as valid LB.
INFO: Gurobi maxTimeLimit on 'scen_8'. Using dual lower_bound=0.99995475 as valid LB.
INFO: Gurobi maxTimeLimit on 'scen_11'. Using dual lower_bound=1.0258538 as valid LB.
INFO: Gurobi maxTimeLimit on 'scen_14'. Using dual lower_bound=0.98829243 as valid LB.
INFO: Gurobi maxTimeLimit on 'scen_19'. Using dual lower_bound=0.94663802 as valid LB.
INFO: Gurobi maxTimeLimit on 'scen_20'. Using dual lower_bound=0.94759163 as valid LB.
INFO: Gurobi maxTimeLimit on 'scen_23'. Using dual lower_bound=0.99754587 as valid LB.
INFO: Gurobi maxTimeLimit on 'scen_29'. Using dual lower_bound=1.0595697 as valid LB.
INFO: Gurobi maxTimeLimit on 'scen_30'. Using dual lower_bound=0.96388494 as valid LB.
INFO: Gurobi maxTimeLimit on 'scen_34'. Using dual lower_bound=1.0269734 as valid LB.
INFO: Gurobi maxTimeLimit on 'scen_38'. Using dual lower_bound=0.9840422 as valid LB.
INFO: Gurobi maxTimeLimit on 'scen_39'. Using dual lower_bound=0.98064752 as valid LB.
INFO: Gurobi maxTimeLimit on 'scen_40'. Using dual lower_bound=0.96720723 as valid LB.
INFO: Gurobi maxTimeLimit on 'scen_46'. Using dual lower_bound=0.9618908 as valid LB.
INFO: Gurobi maxTimeLimit on 'scen_50'. Using dual lower_bound=0.99537121 as valid LB.
        9127.154               6                                      0.97725029        2.138726        54.3069%        1.161476               7
INFO: Gurobi maxTimeLimit on 'scen_2'. Using dual lower_bound=0.95495724 as valid LB.
INFO: Gurobi maxTimeLimit on 'scen_6'. Using dual lower_bound=1.0033295 as valid LB.
INFO: Gurobi maxTimeLimit on 'scen_8'. Using dual lower_bound=0.99995475 as valid LB.
INFO: Gurobi maxTimeLimit on 'scen_11'. Using dual lower_bound=1.0258538 as valid LB.
INFO: Gurobi maxTimeLimit on 'scen_14'. Using dual lower_bound=0.98829243 as valid LB.
INFO: Gurobi maxTimeLimit on 'scen_23'. Using dual lower_bound=0.99754587 as valid LB.
INFO: Gurobi maxTimeLimit on 'scen_29'. Using dual lower_bound=1.0595697 as valid LB.
INFO: Gurobi maxTimeLimit on 'scen_30'. Using dual lower_bound=0.96388494 as valid LB.
INFO: Gurobi maxTimeLimit on 'scen_34'. Using dual lower_bound=1.0269734 as valid LB.
INFO: Gurobi maxTimeLimit on 'scen_38'. Using dual lower_bound=0.9840422 as valid LB.
INFO: Gurobi maxTimeLimit on 'scen_39'. Using dual lower_bound=0.98064752 as valid LB.
INFO: Gurobi maxTimeLimit on 'scen_40'. Using dual lower_bound=0.96720723 as valid LB.
INFO: Gurobi maxTimeLimit on 'scen_46'. Using dual lower_bound=0.9618908 as valid LB.
INFO: Gurobi maxTimeLimit on 'scen_50'. Using dual lower_bound=0.99537121 as valid LB.
       10293.056               7                           * L         0.9772735        2.138726        54.3058%        1.161453               8
INFO: Gurobi maxTimeLimit on 'scen_2'. Using dual lower_bound=0.95495724 as valid LB.
INFO: Gurobi maxTimeLimit on 'scen_4'. Using dual lower_bound=0.96581454 as valid LB.
INFO: Gurobi maxTimeLimit on 'scen_6'. Using dual lower_bound=1.0033295 as valid LB.
INFO: Gurobi maxTimeLimit on 'scen_8'. Using dual lower_bound=0.99995475 as valid LB.
INFO: Gurobi maxTimeLimit on 'scen_11'. Using dual lower_bound=1.0316675 as valid LB.
INFO: Gurobi maxTimeLimit on 'scen_14'. Using dual lower_bound=0.98829243 as valid LB.
INFO: Gurobi maxTimeLimit on 'scen_19'. Using dual lower_bound=0.94663802 as valid LB.
INFO: Gurobi maxTimeLimit on 'scen_20'. Using dual lower_bound=0.94759163 as valid LB.
INFO: Gurobi maxTimeLimit on 'scen_23'. Using dual lower_bound=0.99754587 as valid LB.
INFO: Gurobi maxTimeLimit on 'scen_29'. Using dual lower_bound=1.0595697 as valid LB.
INFO: Gurobi maxTimeLimit on 'scen_30'. Using dual lower_bound=0.96388494 as valid LB.
INFO: Gurobi maxTimeLimit on 'scen_34'. Using dual lower_bound=1.0269734 as valid LB.
INFO: Gurobi maxTimeLimit on 'scen_38'. Using dual lower_bound=0.9840422 as valid LB.
INFO: Gurobi maxTimeLimit on 'scen_39'. Using dual lower_bound=0.98064752 as valid LB.
INFO: Gurobi maxTimeLimit on 'scen_46'. Using dual lower_bound=0.9618908 as valid LB.
INFO: Gurobi maxTimeLimit on 'scen_50'. Using dual lower_bound=0.99537121 as valid LB.
       11462.283               8                                       0.9772735        2.138726        54.3058%        1.161453               9
INFO: Gurobi maxTimeLimit on 'scen_2'. Using dual lower_bound=0.95495724 as valid LB.
INFO: Gurobi maxTimeLimit on 'scen_4'. Using dual lower_bound=0.96581454 as valid LB.
INFO: Gurobi maxTimeLimit on 'scen_6'. Using dual lower_bound=1.0033295 as valid LB.
INFO: Gurobi maxTimeLimit on 'scen_8'. Using dual lower_bound=0.99995475 as valid LB.
INFO: Gurobi maxTimeLimit on 'scen_19'. Using dual lower_bound=0.94663802 as valid LB.
INFO: Gurobi maxTimeLimit on 'scen_20'. Using dual lower_bound=0.94759163 as valid LB.
INFO: Gurobi maxTimeLimit on 'scen_23'. Using dual lower_bound=0.99754587 as valid LB.
INFO: Gurobi maxTimeLimit on 'scen_29'. Using dual lower_bound=1.0595697 as valid LB.
INFO: Gurobi maxTimeLimit on 'scen_30'. Using dual lower_bound=0.96388494 as valid LB.
INFO: Gurobi maxTimeLimit on 'scen_38'. Using dual lower_bound=0.9840422 as valid LB.
INFO: Gurobi maxTimeLimit on 'scen_39'. Using dual lower_bound=0.98064752 as valid LB.
INFO: Gurobi maxTimeLimit on 'scen_46'. Using dual lower_bound=0.9618908 as valid LB.
INFO: Gurobi maxTimeLimit on 'scen_50'. Using dual lower_bound=0.99537121 as valid LB.
       12536.529               9                           * L        0.97735846        2.138726        54.3018%        1.161368              10
INFO: Gurobi maxTimeLimit on 'scen_2'. Using dual lower_bound=0.95495724 as valid LB.
INFO: Gurobi maxTimeLimit on 'scen_6'. Using dual lower_bound=1.0033295 as valid LB.
INFO: Gurobi maxTimeLimit on 'scen_8'. Using dual lower_bound=0.99995475 as valid LB.
INFO: Gurobi maxTimeLimit on 'scen_11'. Using dual lower_bound=1.0258538 as valid LB.
INFO: Gurobi maxTimeLimit on 'scen_14'. Using dual lower_bound=0.98829243 as valid LB.
INFO: Gurobi maxTimeLimit on 'scen_23'. Using dual lower_bound=0.99754587 as valid LB.
INFO: Gurobi maxTimeLimit on 'scen_29'. Using dual lower_bound=1.0595697 as valid LB.
INFO: Gurobi maxTimeLimit on 'scen_30'. Using dual lower_bound=0.96388494 as valid LB.
INFO: Gurobi maxTimeLimit on 'scen_38'. Using dual lower_bound=0.9840422 as valid LB.
INFO: Gurobi maxTimeLimit on 'scen_39'. Using dual lower_bound=0.98064752 as valid LB.
INFO: Gurobi maxTimeLimit on 'scen_40'. Using dual lower_bound=0.96720723 as valid LB.
INFO: Gurobi maxTimeLimit on 'scen_50'. Using dual lower_bound=0.99537121 as valid LB.
       13534.171              10                                      0.97735846        2.138726        54.3018%        1.161368              11
INFO: Gurobi maxTimeLimit on 'scen_2'. Using dual lower_bound=0.95495724 as valid LB.
INFO: Gurobi maxTimeLimit on 'scen_4'. Using dual lower_bound=0.96750462 as valid LB.
INFO: Gurobi maxTimeLimit on 'scen_6'. Using dual lower_bound=1.0033295 as valid LB.
INFO: Gurobi maxTimeLimit on 'scen_8'. Using dual lower_bound=0.99995475 as valid LB.
INFO: Gurobi maxTimeLimit on 'scen_11'. Using dual lower_bound=1.0258538 as valid LB.
INFO: Gurobi maxTimeLimit on 'scen_14'. Using dual lower_bound=0.98829243 as valid LB.
INFO: Gurobi maxTimeLimit on 'scen_23'. Using dual lower_bound=0.99754587 as valid LB.
INFO: Gurobi maxTimeLimit on 'scen_30'. Using dual lower_bound=0.96388494 as valid LB.
INFO: Gurobi maxTimeLimit on 'scen_34'. Using dual lower_bound=1.0269734 as valid LB.
INFO: Gurobi maxTimeLimit on 'scen_38'. Using dual lower_bound=0.9840422 as valid LB.
INFO: Gurobi maxTimeLimit on 'scen_39'. Using dual lower_bound=0.98064752 as valid LB.
INFO: Gurobi maxTimeLimit on 'scen_40'. Using dual lower_bound=0.96720723 as valid LB.
INFO: Gurobi maxTimeLimit on 'scen_43'. Using dual lower_bound=1.0998288 as valid LB.
INFO: Gurobi maxTimeLimit on 'scen_46'. Using dual lower_bound=0.9618908 as valid LB.
INFO: Gurobi maxTimeLimit on 'scen_50'. Using dual lower_bound=0.99537121 as valid LB.
        14610.03              11                           * L        0.97742198        2.138726        54.2989%        1.161304              12
INFO: Gurobi maxTimeLimit on 'scen_4'. Using dual lower_bound=0.96581454 as valid LB.
INFO: Gurobi maxTimeLimit on 'scen_8'. Using dual lower_bound=0.99995475 as valid LB.
INFO: Gurobi maxTimeLimit on 'scen_14'. Using dual lower_bound=0.98829243 as valid LB.
INFO: Gurobi maxTimeLimit on 'scen_19'. Using dual lower_bound=0.94663802 as valid LB.
INFO: Gurobi maxTimeLimit on 'scen_29'. Using dual lower_bound=1.0595697 as valid LB.
INFO: Gurobi maxTimeLimit on 'scen_30'. Using dual lower_bound=0.96388494 as valid LB.
INFO: Gurobi maxTimeLimit on 'scen_34'. Using dual lower_bound=1.0269734 as valid LB.
INFO: Gurobi maxTimeLimit on 'scen_38'. Using dual lower_bound=0.9840422 as valid LB.
INFO: Gurobi maxTimeLimit on 'scen_39'. Using dual lower_bound=0.98064752 as valid LB.
INFO: Gurobi maxTimeLimit on 'scen_50'. Using dual lower_bound=0.99537121 as valid LB.
       15547.621              12                                      0.97742198        2.138726        54.2989%        1.161304              13
INFO: Gurobi maxTimeLimit on 'scen_2'. Using dual lower_bound=0.95495724 as valid LB.
INFO: Gurobi maxTimeLimit on 'scen_14'. Using dual lower_bound=0.98829243 as valid LB.
INFO: Gurobi maxTimeLimit on 'scen_20'. Using dual lower_bound=0.94759163 as valid LB.
INFO: Gurobi maxTimeLimit on 'scen_23'. Using dual lower_bound=0.99754587 as valid LB.
INFO: Gurobi maxTimeLimit on 'scen_29'. Using dual lower_bound=1.0595697 as valid LB.
INFO: Gurobi maxTimeLimit on 'scen_30'. Using dual lower_bound=0.96388494 as valid LB.
INFO: Gurobi maxTimeLimit on 'scen_38'. Using dual lower_bound=0.9840422 as valid LB.
INFO: Gurobi maxTimeLimit on 'scen_39'. Using dual lower_bound=0.98064752 as valid LB.
INFO: Gurobi maxTimeLimit on 'scen_46'. Using dual lower_bound=0.9618908 as valid LB.
INFO: Gurobi maxTimeLimit on 'scen_50'. Using dual lower_bound=0.99537121 as valid LB.
       16356.033              13                           * L        0.97762574        2.138726        54.2893%          1.1611              14
INFO: Gurobi maxTimeLimit on 'scen_2'. Using dual lower_bound=0.95566453 as valid LB.
INFO: Gurobi maxTimeLimit on 'scen_6'. Using dual lower_bound=1.0033295 as valid LB.
INFO: Gurobi maxTimeLimit on 'scen_8'. Using dual lower_bound=0.99995475 as valid LB.
INFO: Gurobi maxTimeLimit on 'scen_14'. Using dual lower_bound=0.98829243 as valid LB.
INFO: Gurobi maxTimeLimit on 'scen_23'. Using dual lower_bound=0.99754587 as valid LB.
INFO: Gurobi maxTimeLimit on 'scen_29'. Using dual lower_bound=1.0595697 as valid LB.
INFO: Gurobi maxTimeLimit on 'scen_30'. Using dual lower_bound=0.96388494 as valid LB.
INFO: Gurobi maxTimeLimit on 'scen_39'. Using dual lower_bound=0.98064752 as valid LB.
INFO: Gurobi maxTimeLimit on 'scen_50'. Using dual lower_bound=0.99537121 as valid LB.
       17205.689              14                                      0.97762574        2.138726        54.2893%          1.1611              15
INFO: Gurobi maxTimeLimit on 'scen_2'. Using dual lower_bound=0.95495724 as valid LB.
INFO: Gurobi maxTimeLimit on 'scen_23'. Using dual lower_bound=0.99754587 as valid LB.
INFO: Gurobi maxTimeLimit on 'scen_30'. Using dual lower_bound=0.96388494 as valid LB.
INFO: Gurobi maxTimeLimit on 'scen_38'. Using dual lower_bound=0.9840422 as valid LB.
INFO: Gurobi maxTimeLimit on 'scen_40'. Using dual lower_bound=0.96720723 as valid LB.
       17744.708              15                           * L        0.97767613        2.138726         54.287%         1.16105              16
INFO: Gurobi maxTimeLimit on 'scen_3'. Using dual lower_bound=1.0544691 as valid LB.
INFO: Gurobi maxTimeLimit on 'scen_6'. Using dual lower_bound=1.0033295 as valid LB.
INFO: Gurobi maxTimeLimit on 'scen_8'. Using dual lower_bound=0.99995475 as valid LB.
INFO: Gurobi maxTimeLimit on 'scen_14'. Using dual lower_bound=0.98829243 as valid LB.
INFO: Gurobi maxTimeLimit on 'scen_15'. Using dual lower_bound=1.0710325 as valid LB.
INFO: Gurobi maxTimeLimit on 'scen_25'. Using dual lower_bound=1.0494782 as valid LB.
INFO: Gurobi maxTimeLimit on 'scen_29'. Using dual lower_bound=1.0595697 as valid LB.
INFO: Gurobi maxTimeLimit on 'scen_30'. Using dual lower_bound=0.96388494 as valid LB.
INFO: Gurobi maxTimeLimit on 'scen_36'. Using dual lower_bound=1.0554855 as valid LB.
INFO: Gurobi maxTimeLimit on 'scen_38'. Using dual lower_bound=0.9840422 as valid LB.
INFO: Gurobi maxTimeLimit on 'scen_43'. Using dual lower_bound=1.0998288 as valid LB.
INFO: Gurobi maxTimeLimit on 'scen_50'. Using dual lower_bound=0.99537121 as valid LB.
       18858.027              16                                      0.97767613        2.138726         54.287%         1.16105              17
INFO: Gurobi maxTimeLimit on 'scen_3'. Using dual lower_bound=1.0544691 as valid LB.
INFO: Gurobi maxTimeLimit on 'scen_6'. Using dual lower_bound=1.0033295 as valid LB.
INFO: Gurobi maxTimeLimit on 'scen_8'. Using dual lower_bound=0.99995475 as valid LB.
INFO: Gurobi maxTimeLimit on 'scen_11'. Using dual lower_bound=1.0258538 as valid LB.
INFO: Gurobi maxTimeLimit on 'scen_14'. Using dual lower_bound=0.98829243 as valid LB.
INFO: Gurobi maxTimeLimit on 'scen_15'. Using dual lower_bound=1.0710325 as valid LB.
INFO: Gurobi maxTimeLimit on 'scen_20'. Using dual lower_bound=0.94759163 as valid LB.
INFO: Gurobi maxTimeLimit on 'scen_21'. Using dual lower_bound=0.95735324 as valid LB.
INFO: Gurobi maxTimeLimit on 'scen_23'. Using dual lower_bound=0.99754587 as valid LB.
INFO: Gurobi maxTimeLimit on 'scen_30'. Using dual lower_bound=0.96388494 as valid LB.
INFO: Gurobi maxTimeLimit on 'scen_33'. Using dual lower_bound=1.1046803 as valid LB.
INFO: Gurobi maxTimeLimit on 'scen_37'. Using dual lower_bound=0.95434208 as valid LB.
INFO: Gurobi maxTimeLimit on 'scen_38'. Using dual lower_bound=0.9840422 as valid LB.
INFO: Gurobi maxTimeLimit on 'scen_39'. Using dual lower_bound=0.98064752 as valid LB.
INFO: Gurobi maxTimeLimit on 'scen_43'. Using dual lower_bound=1.0998288 as valid LB.
INFO: Gurobi maxTimeLimit on 'scen_48'. Using dual lower_bound=0.94842116 as valid LB.
       20132.659              17                           * L        0.97774376        2.138726        54.2838%        1.160982              18
INFO: Gurobi maxTimeLimit on 'scen_2'. Using dual lower_bound=0.95495724 as valid LB.
INFO: Gurobi maxTimeLimit on 'scen_6'. Using dual lower_bound=1.0033295 as valid LB.
INFO: Gurobi maxTimeLimit on 'scen_8'. Using dual lower_bound=0.99995475 as valid LB.
INFO: Gurobi maxTimeLimit on 'scen_23'. Using dual lower_bound=0.99754587 as valid LB.
INFO: Gurobi maxTimeLimit on 'scen_29'. Using dual lower_bound=1.0595697 as valid LB.
INFO: Gurobi maxTimeLimit on 'scen_30'. Using dual lower_bound=0.96388494 as valid LB.
INFO: Gurobi maxTimeLimit on 'scen_38'. Using dual lower_bound=0.9840422 as valid LB.
INFO: Gurobi maxTimeLimit on 'scen_39'. Using dual lower_bound=0.98064752 as valid LB.
INFO: Gurobi maxTimeLimit on 'scen_46'. Using dual lower_bound=0.9618908 as valid LB.
INFO: Gurobi maxTimeLimit on 'scen_50'. Using dual lower_bound=0.99537121 as valid LB.
       20973.669              18                                      0.97774376        2.138726        54.2838%        1.160982              19
INFO: Gurobi maxTimeLimit on 'scen_2'. Using dual lower_bound=0.95495724 as valid LB.
INFO: Gurobi maxTimeLimit on 'scen_19'. Using dual lower_bound=0.94663802 as valid LB.
INFO: Gurobi maxTimeLimit on 'scen_23'. Using dual lower_bound=0.99754587 as valid LB.
INFO: Gurobi maxTimeLimit on 'scen_29'. Using dual lower_bound=1.0595697 as valid LB.
INFO: Gurobi maxTimeLimit on 'scen_30'. Using dual lower_bound=0.96388494 as valid LB.
INFO: Gurobi maxTimeLimit on 'scen_38'. Using dual lower_bound=0.9840422 as valid LB.
INFO: Gurobi maxTimeLimit on 'scen_39'. Using dual lower_bound=0.98064752 as valid LB.
INFO: Gurobi maxTimeLimit on 'scen_46'. Using dual lower_bound=0.9618908 as valid LB.
       21734.005              19                           * L        0.97780262        2.138726        54.2811%        1.160923              20
       21771.245              20                           * U        0.97780262      0.98070235         0.2957%          0.0029              21
INFO: Gurobi maxTimeLimit on 'scen_34'. Using dual lower_bound=1.0269734 as valid LB.
       21961.646              21                           * L        0.97782242      0.98070235         0.2937%         0.00288              22
INFO: Gurobi maxTimeLimit on 'scen_8'. Using dual lower_bound=0.99995475 as valid LB.
INFO: Gurobi maxTimeLimit on 'scen_29'. Using dual lower_bound=1.0595697 as valid LB.
       22144.483              22                           * U        0.97782242      0.98029014         0.2517%        0.002468              23
       22336.499              23           Bound           * L        0.97782397      0.98029014         0.2516%        0.002466              22
       22366.751              24                                      0.97782397      0.98029014         0.2516%        0.002466              23
       22400.601              25                           * L U      0.97784362      0.97972308         0.1918%        0.001879              24
       22424.369              26                                      0.97784362      0.97972308         0.1918%        0.001879              25
        22457.43              27                           * L        0.97785168      0.97972308          0.191%        0.001871              26
       22497.863              28                                      0.97785168      0.97972308          0.191%        0.001871              27
INFO: Gurobi maxTimeLimit on 'scen_6'. Using dual lower_bound=1.0033295 as valid LB.
INFO: Gurobi maxTimeLimit on 'scen_8'. Using dual lower_bound=0.99995475 as valid LB.
INFO: Gurobi maxTimeLimit on 'scen_43'. Using dual lower_bound=1.1002175 as valid LB.
       22800.333              29                           * L        0.97788522      0.97972308         0.1876%        0.001838              28
       22827.477              30                                      0.97788522      0.97972308         0.1876%        0.001838              29
       22854.131              31                           * L         0.9778935      0.97972308         0.1867%         0.00183              30
       22879.889              32                                       0.9778935      0.97972308         0.1867%         0.00183              31
       22912.263              33                           * L        0.97789375      0.97972308         0.1867%        0.001829              32
       22939.258              34                                      0.97789375      0.97972308         0.1867%        0.001829              33
       22966.318              35                           * L        0.97791038      0.97972308          0.185%        0.001813              34
       22991.208              36                                      0.97791038      0.97972308          0.185%        0.001813              35
        23015.54              37                           * L        0.97791813      0.97972308         0.1842%        0.001805              36
       23047.021              38                                      0.97791813      0.97972308         0.1842%        0.001805              37
       23070.738              39                           * L        0.97791922      0.97972308         0.1841%        0.001804              38
       23103.738              40                                      0.97791922      0.97972308         0.1841%        0.001804              39
       23127.241              41                           * L        0.97792234      0.97972308         0.1838%        0.001801              40
       23147.156              42                                      0.97792234      0.97972308         0.1838%        0.001801              41
       23165.822              43                           * L        0.97792255      0.97972308         0.1838%        0.001801              42
       23184.309              44                                      0.97792255      0.97972308         0.1838%        0.001801              43
       23204.605              45                           * L        0.97792273      0.97972308         0.1838%          0.0018              44
       23224.489              46                                      0.97792273      0.97972308         0.1838%          0.0018              45
       23242.332              47                           * L        0.97792291      0.97972308         0.1837%          0.0018              46
       23261.195              48                                      0.97792291      0.97972308         0.1837%          0.0018              47
        23279.04              49                           * L        0.97792308      0.97972308         0.1837%          0.0018              48
       23296.987              50                                      0.97792308      0.97972308         0.1837%          0.0018              49
       23314.441              51                           * L        0.97792324      0.97972308         0.1837%          0.0018              50
       23331.954              52                                      0.97792324      0.97972308         0.1837%          0.0018              51
       23349.345              53                           * L        0.97792338      0.97972308         0.1837%          0.0018              52
       23369.259              54                                      0.97792338      0.97972308         0.1837%          0.0018              53
       23388.268              55                           * L        0.97792353      0.97972308         0.1837%          0.0018              54
       23406.852              56                                      0.97792353      0.97972308         0.1837%          0.0018              55
        23423.97              57                           * L        0.97792362      0.97972308         0.1837%        0.001799              56
       23440.891              58                                      0.97792362      0.97972308         0.1837%        0.001799              57
       23458.754              59                           * L        0.97792367      0.97972308         0.1837%        0.001799              58
       23477.271              60                                      0.97792367      0.97972308         0.1837%        0.001799              59
        23495.63              61                           * L         0.9779238      0.97972308         0.1837%        0.001799              60
       23514.638              62                                       0.9779238      0.97972308         0.1837%        0.001799              61
       23533.748              63                           * L        0.97792385      0.97972308         0.1836%        0.001799              62
       23551.598              64                                      0.97792385      0.97972308         0.1836%        0.001799              63
       23568.568              65                           * L        0.97792392      0.97972308         0.1836%        0.001799              64
       23586.363              66                                      0.97792392      0.97972308         0.1836%        0.001799              65
       23603.751              67                           * L        0.97792404      0.97972308         0.1836%        0.001799              66
       23622.079              68                                      0.97792404      0.97972308         0.1836%        0.001799              67
       23640.359              69                           * L        0.97792405      0.97972308         0.1836%        0.001799              68
       23657.965              70                                      0.97792405      0.97972308         0.1836%        0.001799              69
       23675.123              71                           * L        0.97792415      0.97972308         0.1836%        0.001799              70
       23692.444              72                                      0.97792415      0.97972308         0.1836%        0.001799              71
       23709.263              73                           * L        0.97792424      0.97972308         0.1836%        0.001799              72
       23730.986              74                                      0.97792424      0.97972308         0.1836%        0.001799              73
       23753.726              75                           * L        0.97792425      0.97972308         0.1836%        0.001799              74
         23777.3              76                                      0.97792425      0.97972308         0.1836%        0.001799              75
       23800.522              77                           * L        0.97792434      0.97972308         0.1836%        0.001799              76
       23825.922              78                                      0.97792434      0.97972308         0.1836%        0.001799              77
       23841.674              79                           * L        0.97792441      0.97972308         0.1836%        0.001799              78
       23858.661              80                                      0.97792441      0.97972308         0.1836%        0.001799              79
       23875.017              81                           * L        0.97792442      0.97972308         0.1836%        0.001799              80
       23892.317              82                                      0.97792442      0.97972308         0.1836%        0.001799              81
       23909.257              83                           * L        0.97792449      0.97972308         0.1836%        0.001799              82
       23925.937              84                                      0.97792449      0.97972308         0.1836%        0.001799              83
       23942.563              85                           * L        0.97792455      0.97972308         0.1836%        0.001799              84
       23959.148              86                                      0.97792455      0.97972308         0.1836%        0.001799              85
       23976.231              87                           * L        0.97792458      0.97972308         0.1836%        0.001799              86
       23993.583              88                                      0.97792458      0.97972308         0.1836%        0.001799              87
       24010.528              89                           * L        0.97792461      0.97972308         0.1836%        0.001798              88
       24027.592              90                                      0.97792461      0.97972308         0.1836%        0.001798              89
       24044.448              91                           * L        0.97792466      0.97972308         0.1836%        0.001798              90
       24063.581              92                                      0.97792466      0.97972308         0.1836%        0.001798              91
       24081.962              93                           * L        0.97792471      0.97972308         0.1836%        0.001798              92
       24099.123              94                                      0.97792471      0.97972308         0.1836%        0.001798              93
       24118.188              95                           * L        0.97792473      0.97972308         0.1836%        0.001798              94
       24136.761              96                                      0.97792473      0.97972308         0.1836%        0.001798              95
       24152.677              97                           * L        0.97792474      0.97972308         0.1836%        0.001798              96
       24171.096              98                                      0.97792474      0.97972308         0.1836%        0.001798              97
       24189.754              99                           * L        0.97792475      0.97972308         0.1836%        0.001798              98
        24210.15             100                                      0.97792475      0.97972308         0.1836%        0.001798              99
       24231.224             101                           * L        0.97792477      0.97972308         0.1836%        0.001798             100
       24245.656             102                                      0.97792477      0.97972308         0.1836%        0.001798             101
       24262.713             103                           * L        0.97792479      0.97972308         0.1836%        0.001798             102
       24281.029             104                                      0.97792479      0.97972308         0.1836%        0.001798             103
       24297.799             105                           * L        0.97792481      0.97972308         0.1835%        0.001798             104
       24312.478             106                                      0.97792481      0.97972308         0.1835%        0.001798             105
       24329.159             107                           * L        0.97792482      0.97972308         0.1835%        0.001798             106
       24343.491             108                                      0.97792482      0.97972308         0.1835%        0.001798             107
       24360.855             109                           * L        0.97792484      0.97972308         0.1835%        0.001798             108
       24376.109             110                                      0.97792484      0.97972308         0.1835%        0.001798             109
       24393.747             111                           * L        0.97792487      0.97972308         0.1835%        0.001798             110
       24408.375             112                                      0.97792487      0.97972308         0.1835%        0.001798             111
       24425.937             113                           * L        0.97792489      0.97972308         0.1835%        0.001798             112
       24443.429             114                                      0.97792489      0.97972308         0.1835%        0.001798             113
       24461.106             115                           * L        0.97792489      0.97972308         0.1835%        0.001798             114
        24482.24             116                                      0.97792489      0.97972308         0.1835%        0.001798             115
       24496.978             117                           * L        0.97792492      0.97972308         0.1835%        0.001798             116
       24511.502             118                                      0.97792492      0.97972308         0.1835%        0.001798             117
       24531.051             119                           * L        0.97792494      0.97972308         0.1835%        0.001798             118
       24547.515             120                                      0.97792494      0.97972308         0.1835%        0.001798             119
       24566.652             121                           * L        0.97792496      0.97972308         0.1835%        0.001798             120
       24587.116             122                                      0.97792496      0.97972308         0.1835%        0.001798             121
        24609.35             123                           * L        0.97792498      0.97972308         0.1835%        0.001798             122
       24627.514             124                                      0.97792498      0.97972308         0.1835%        0.001798             123
       24645.788             125                           * L        0.97792499      0.97972308         0.1835%        0.001798             124
       24660.799             126                                      0.97792499      0.97972308         0.1835%        0.001798             125
       24680.382             127                           * L        0.97792501      0.97972308         0.1835%        0.001798             126
       24697.362             128                                      0.97792501      0.97972308         0.1835%        0.001798             127
       24716.992             129                           * L        0.97792502      0.97972308         0.1835%        0.001798             128
       24734.336             130                                      0.97792502      0.97972308         0.1835%        0.001798             129
       24754.296             131                           * L        0.97792503      0.97972308         0.1835%        0.001798             130
       24770.309             132                                      0.97792503      0.97972308         0.1835%        0.001798             131
       24789.433             133                           * L        0.97792503      0.97972308         0.1835%        0.001798             132
       24806.004             134                                      0.97792503      0.97972308         0.1835%        0.001798             133
       24825.227             135                           * L        0.97792504      0.97972308         0.1835%        0.001798             134
       24842.368             136                                      0.97792504      0.97972308         0.1835%        0.001798             135
       24861.307             137                           * L        0.97792505      0.97972308         0.1835%        0.001798             136
       24878.944             138                                      0.97792505      0.97972308         0.1835%        0.001798             137
       24899.063             139                           * L        0.97792506      0.97972308         0.1835%        0.001798             138
       24916.642             140                                      0.97792506      0.97972308         0.1835%        0.001798             139
       24937.079             141                           * L        0.97792507      0.97972308         0.1835%        0.001798             140
       24954.961             142                                      0.97792507      0.97972308         0.1835%        0.001798             141
       24974.963             143                           * L        0.97792507      0.97972308         0.1835%        0.001798             142
        24993.42             144                                      0.97792507      0.97972308         0.1835%        0.001798             143
       25014.561             145                           * L        0.97792508      0.97972308         0.1835%        0.001798             144
       25031.726             146                                      0.97792508      0.97972308         0.1835%        0.001798             145
       25054.566             147                           * L        0.97792509      0.97972308         0.1835%        0.001798             146
       25072.889             148                                      0.97792509      0.97972308         0.1835%        0.001798             147
       25091.059             149                           * L        0.97792509      0.97972308         0.1835%        0.001798             148
        25112.99             150                                      0.97792509      0.97972308         0.1835%        0.001798             149
       25133.362             151                           * L         0.9779251      0.97972308         0.1835%        0.001798             150
       25152.279             152                                       0.9779251      0.97972308         0.1835%        0.001798             151
       25172.692             153                           * L        0.97792618      0.97972308         0.1834%        0.001797             152
       25193.542             154                                      0.97792618      0.97972308         0.1834%        0.001797             153
       25210.581             155                           * L        0.97792622      0.97972308         0.1834%        0.001797             154
       25227.765             156                                      0.97792622      0.97972308         0.1834%        0.001797             155
       25247.617             157                           * L        0.97792626      0.97972308         0.1834%        0.001797             156
        25265.16             158                                      0.97792626      0.97972308         0.1834%        0.001797             157
       25288.253             159                           * L         0.9779263      0.97972308         0.1834%        0.001797             158
       25306.062             160                                       0.9779263      0.97972308         0.1834%        0.001797             159
        25327.15             161                           * L        0.97792633      0.97972308         0.1834%        0.001797             160
       25345.529             162                                      0.97792633      0.97972308         0.1834%        0.001797             161
       25366.599             163                           * L        0.97792636      0.97972308         0.1834%        0.001797             162
       25388.425             164                                      0.97792636      0.97972308         0.1834%        0.001797             163
       25406.668             165                           * L        0.97792639      0.97972308         0.1834%        0.001797             164
        25427.28             166                                      0.97792639      0.97972308         0.1834%        0.001797             165
       25447.987             167                           * L        0.97792641      0.97972308         0.1834%        0.001797             166
       25465.492             168                                      0.97792641      0.97972308         0.1834%        0.001797             167
       25483.289             169                           * L        0.97792659      0.97972308         0.1834%        0.001796             168
       25513.207             170                                      0.97792659      0.97972308         0.1834%        0.001796             169
       25553.411             171                           * L        0.97792675      0.97972308         0.1834%        0.001796             170
       25581.967             172                                      0.97792675      0.97972308         0.1834%        0.001796             171
        25607.57             173                           * L        0.97792946      0.97972308         0.1831%        0.001794             172
       25635.592             174                                      0.97792946      0.97972308         0.1831%        0.001794             173
       25654.689             175                           * L        0.97793075      0.97972308         0.1829%        0.001792             174
       25675.418             176                                      0.97793075      0.97972308         0.1829%        0.001792             175
       25695.224             177                           * L        0.97793119      0.97972308         0.1829%        0.001792             176
       25710.863             178                                      0.97793119      0.97972308         0.1829%        0.001792             177
       25728.335             179                           * L        0.97793254      0.97972308         0.1828%        0.001791             178
       25748.016             180                                      0.97793254      0.97972308         0.1828%        0.001791             179
       25769.313             181                           * L        0.97794031      0.97972308          0.182%        0.001783             180
       25789.933             182                                      0.97794031      0.97972308          0.182%        0.001783             181
       25807.571             183                           * L        0.97794165      0.97972308         0.1818%        0.001781             182
       25836.309             184                                      0.97794165      0.97972308         0.1818%        0.001781             183
       25865.582             185                           * L        0.97794247      0.97972308         0.1817%        0.001781             184
       25899.679             186                                      0.97794247      0.97972308         0.1817%        0.001781             185
       25924.238             187                                      0.97794247      0.97972308         0.1817%        0.001781             186
       25942.091             188                                      0.97794247      0.97972308         0.1817%        0.001781             187
       25962.967             189                           * L        0.97795704      0.97972308         0.1803%        0.001766             188
       25989.656             190                                      0.97795704      0.97972308         0.1803%        0.001766             189
       26009.926             191                                      0.97795704      0.97972308         0.1803%        0.001766             190
       26025.039             192                                      0.97795704      0.97972308         0.1803%        0.001766             191
       26045.669             193                           * L        0.97796317      0.97972308         0.1796%         0.00176             192
       26091.867             194                                      0.97796317      0.97972308         0.1796%         0.00176             193
INFO: Gurobi maxTimeLimit on 'scen_8'. Using dual lower_bound=0.99995475 as valid LB.
INFO: Gurobi maxTimeLimit on 'scen_29'. Using dual lower_bound=1.0595697 as valid LB.
       26383.178             195                           * L        0.97797229      0.97972308         0.1787%        0.001751             194
       26405.766             196                                      0.97797229      0.97972308         0.1787%        0.001751             195
       26429.562             197                           * L        0.97797399      0.97972308         0.1785%        0.001749             196
       26446.109             198                                      0.97797399      0.97972308         0.1785%        0.001749             197
       26462.315             199                           * L        0.97797436      0.97972308         0.1785%        0.001749             198
       26484.105             200                                      0.97797436      0.97972308         0.1785%        0.001749             199
       26501.256             201                           * L        0.97797453      0.97972308         0.1785%        0.001749             200
       26515.477             202                                      0.97797453      0.97972308         0.1785%        0.001749             201
       26532.664             203                           * L        0.97797525      0.97972308         0.1784%        0.001748             202
       26546.378             204                                      0.97797525      0.97972308         0.1784%        0.001748             203
       26562.797             205                           * L        0.97797545      0.97972308         0.1784%        0.001748             204
       26576.838             206                                      0.97797545      0.97972308         0.1784%        0.001748             205
       26593.133             207                           * L        0.97797566      0.97972308         0.1784%        0.001747             206
       26614.454             208                                      0.97797566      0.97972308         0.1784%        0.001747             207
       26630.507             209                           * L        0.97797769      0.97972308         0.1782%        0.001745             208
        26644.17             210                                      0.97797769      0.97972308         0.1782%        0.001745             209
       26660.483             211                           * L        0.97798221      0.97972308         0.1777%        0.001741             210
       26676.646             212                                      0.97798221      0.97972308         0.1777%        0.001741             211
       26690.666             213                           * L         0.9779859      0.97972308         0.1773%        0.001737             212
       26707.411             214                                       0.9779859      0.97972308         0.1773%        0.001737             213
       26722.062             215                           * L        0.97798623      0.97972308         0.1773%        0.001737             214
INFO: Gurobi maxTimeLimit on 'scen_8'. Using dual lower_bound=0.99995475 as valid LB.
INFO: Gurobi maxTimeLimit on 'scen_34'. Using dual lower_bound=1.0269734 as valid LB.
INFO: Gurobi maxTimeLimit on 'scen_43'. Using dual lower_bound=1.0998288 as valid LB.
       27109.595             216                                      0.97798623      0.97972308         0.1773%        0.001737             215
INFO: Gurobi maxTimeLimit on 'scen_8'. Using dual lower_bound=0.99995475 as valid LB.
INFO: Gurobi maxTimeLimit on 'scen_29'. Using dual lower_bound=1.0595697 as valid LB.
INFO: Gurobi maxTimeLimit on 'scen_34'. Using dual lower_bound=1.0269734 as valid LB.
       27444.124             217                           * L        0.97799103      0.97972308         0.1768%        0.001732             216
       27465.573             218                                      0.97799103      0.97972308         0.1768%        0.001732             217
       27493.914             219                           * L        0.97799538      0.97972308         0.1763%        0.001728             218
       27522.229             220                                      0.97799538      0.97972308         0.1763%        0.001728             219
         27552.7             221                           * L         0.9779961      0.97972308         0.1763%        0.001727             220
       27583.067             222                                       0.9779961      0.97972308         0.1763%        0.001727             221
       27605.996             223                           * L        0.97800111      0.97972308         0.1758%        0.001722             222
INFO: Gurobi maxTimeLimit on 'scen_34'. Using dual lower_bound=1.0269734 as valid LB.
       27798.052             224                                      0.97800111      0.97972308         0.1758%        0.001722             223
INFO: Gurobi maxTimeLimit on 'scen_8'. Using dual lower_bound=0.99995475 as valid LB.
       28039.794             225                           * L        0.97800794      0.97972308         0.1751%        0.001715             224
       28059.587             226                                      0.97800794      0.97972308         0.1751%        0.001715             225
       28080.681             227                           * L        0.97802261      0.97972308         0.1736%          0.0017             226
       28101.775             228                                      0.97802261      0.97972308         0.1736%          0.0017             227
       28121.664             229                           * L        0.97804477      0.97972308         0.1713%        0.001678             228
       28151.243             230                                      0.97804477      0.97972308         0.1713%        0.001678             229
       28172.843             231                           * L        0.97807643      0.97972308         0.1681%        0.001647             230
       28187.523             232                                      0.97807643      0.97972308         0.1681%        0.001647             231
       28204.971             233                           * L        0.97809053      0.97972308         0.1666%        0.001633             232
       28370.143             234           Bound                      0.97809053      0.97972308         0.1666%        0.001633             231
       28464.146             235                           * L        0.97814177      0.97972308         0.1614%        0.001581             232
       28487.571             236                                      0.97814177      0.97972308         0.1614%        0.001581             233
       28515.629             237                           * L        0.97814512      0.97972308         0.1611%        0.001578             234
INFO: Gurobi maxTimeLimit on 'scen_8'. Using dual lower_bound=0.99995475 as valid LB.
       28684.565             238                                      0.97814512      0.97972308         0.1611%        0.001578             235
       29007.713             239           Bound           * L        0.97814512      0.97972308         0.1611%        0.001578             234
INFO: Gurobi maxTimeLimit on 'scen_8'. Using dual lower_bound=0.99995475 as valid LB.
       29134.049             240                                      0.97814512      0.97972308         0.1611%        0.001578             235
